Archive member included to satisfy reference by file (symbol)

/Applications/STM32CubeIDE.app/Contents/Eclipse/plugins/com.st.stm32cube.ide.mcu.externaltools.gnu-tools-for-stm32.12.3.rel1.macos64_1.1.0.202410301201/tools/bin/../lib/gcc/arm-none-eabi/12.3.1/../../../../arm-none-eabi/lib/thumb/v7e-m+fp/hard/libc_nano.a(libc_a-exit.o)
                              /Applications/STM32CubeIDE.app/Contents/Eclipse/plugins/com.st.stm32cube.ide.mcu.externaltools.gnu-tools-for-stm32.12.3.rel1.macos64_1.1.0.202410301201/tools/bin/../lib/gcc/arm-none-eabi/12.3.1/../../../../arm-none-eabi/lib/thumb/v7e-m+fp/hard/crt0.o (exit)
/Applications/STM32CubeIDE.app/Contents/Eclipse/plugins/com.st.stm32cube.ide.mcu.externaltools.gnu-tools-for-stm32.12.3.rel1.macos64_1.1.0.202410301201/tools/bin/../lib/gcc/arm-none-eabi/12.3.1/../../../../arm-none-eabi/lib/thumb/v7e-m+fp/hard/libc_nano.a(libc_a-malloc.o)
                              ./Core/Src/ble.o (malloc)
/Applications/STM32CubeIDE.app/Contents/Eclipse/plugins/com.st.stm32cube.ide.mcu.externaltools.gnu-tools-for-stm32.12.3.rel1.macos64_1.1.0.202410301201/tools/bin/../lib/gcc/arm-none-eabi/12.3.1/../../../../arm-none-eabi/lib/thumb/v7e-m+fp/hard/libc_nano.a(libc_a-mallocr.o)
                              /Applications/STM32CubeIDE.app/Contents/Eclipse/plugins/com.st.stm32cube.ide.mcu.externaltools.gnu-tools-for-stm32.12.3.rel1.macos64_1.1.0.202410301201/tools/bin/../lib/gcc/arm-none-eabi/12.3.1/../../../../arm-none-eabi/lib/thumb/v7e-m+fp/hard/libc_nano.a(libc_a-malloc.o) (_malloc_r)
/Applications/STM32CubeIDE.app/Contents/Eclipse/plugins/com.st.stm32cube.ide.mcu.externaltools.gnu-tools-for-stm32.12.3.rel1.macos64_1.1.0.202410301201/tools/bin/../lib/gcc/arm-none-eabi/12.3.1/../../../../arm-none-eabi/lib/thumb/v7e-m+fp/hard/libc_nano.a(libc_a-snprintf.o)
                              ./Core/Src/main.o (snprintf)
/Applications/STM32CubeIDE.app/Contents/Eclipse/plugins/com.st.stm32cube.ide.mcu.externaltools.gnu-tools-for-stm32.12.3.rel1.macos64_1.1.0.202410301201/tools/bin/../lib/gcc/arm-none-eabi/12.3.1/../../../../arm-none-eabi/lib/thumb/v7e-m+fp/hard/libc_nano.a(libc_a-mlock.o)
                              /Applications/STM32CubeIDE.app/Contents/Eclipse/plugins/com.st.stm32cube.ide.mcu.externaltools.gnu-tools-for-stm32.12.3.rel1.macos64_1.1.0.202410301201/tools/bin/../lib/gcc/arm-none-eabi/12.3.1/../../../../arm-none-eabi/lib/thumb/v7e-m+fp/hard/libc_nano.a(libc_a-mallocr.o) (__malloc_lock)
/Applications/STM32CubeIDE.app/Contents/Eclipse/plugins/com.st.stm32cube.ide.mcu.externaltools.gnu-tools-for-stm32.12.3.rel1.macos64_1.1.0.202410301201/tools/bin/../lib/gcc/arm-none-eabi/12.3.1/../../../../arm-none-eabi/lib/thumb/v7e-m+fp/hard/libc_nano.a(libc_a-findfp.o)
                              /Applications/STM32CubeIDE.app/Contents/Eclipse/plugins/com.st.stm32cube.ide.mcu.externaltools.gnu-tools-for-stm32.12.3.rel1.macos64_1.1.0.202410301201/tools/bin/../lib/gcc/arm-none-eabi/12.3.1/../../../../arm-none-eabi/lib/thumb/v7e-m+fp/hard/libc_nano.a(libc_a-exit.o) (__stdio_exit_handler)
/Applications/STM32CubeIDE.app/Contents/Eclipse/plugins/com.st.stm32cube.ide.mcu.externaltools.gnu-tools-for-stm32.12.3.rel1.macos64_1.1.0.202410301201/tools/bin/../lib/gcc/arm-none-eabi/12.3.1/../../../../arm-none-eabi/lib/thumb/v7e-m+fp/hard/libc_nano.a(libc_a-fwalk.o)
                              /Applications/STM32CubeIDE.app/Contents/Eclipse/plugins/com.st.stm32cube.ide.mcu.externaltools.gnu-tools-for-stm32.12.3.rel1.macos64_1.1.0.202410301201/tools/bin/../lib/gcc/arm-none-eabi/12.3.1/../../../../arm-none-eabi/lib/thumb/v7e-m+fp/hard/libc_nano.a(libc_a-findfp.o) (_fwalk_sglue)
/Applications/STM32CubeIDE.app/Contents/Eclipse/plugins/com.st.stm32cube.ide.mcu.externaltools.gnu-tools-for-stm32.12.3.rel1.macos64_1.1.0.202410301201/tools/bin/../lib/gcc/arm-none-eabi/12.3.1/../../../../arm-none-eabi/lib/thumb/v7e-m+fp/hard/libc_nano.a(libc_a-printf.o)
                              ./Core/Src/lsm6dsl.o (printf)
/Applications/STM32CubeIDE.app/Contents/Eclipse/plugins/com.st.stm32cube.ide.mcu.externaltools.gnu-tools-for-stm32.12.3.rel1.macos64_1.1.0.202410301201/tools/bin/../lib/gcc/arm-none-eabi/12.3.1/../../../../arm-none-eabi/lib/thumb/v7e-m+fp/hard/libc_nano.a(libc_a-puts.o)
                              ./Core/Src/ble.o (puts)
/Applications/STM32CubeIDE.app/Contents/Eclipse/plugins/com.st.stm32cube.ide.mcu.externaltools.gnu-tools-for-stm32.12.3.rel1.macos64_1.1.0.202410301201/tools/bin/../lib/gcc/arm-none-eabi/12.3.1/../../../../arm-none-eabi/lib/thumb/v7e-m+fp/hard/libc_nano.a(libc_a-memset.o)
                              /Applications/STM32CubeIDE.app/Contents/Eclipse/plugins/com.st.stm32cube.ide.mcu.externaltools.gnu-tools-for-stm32.12.3.rel1.macos64_1.1.0.202410301201/tools/bin/../lib/gcc/arm-none-eabi/12.3.1/../../../../arm-none-eabi/lib/thumb/v7e-m+fp/hard/crt0.o (memset)
[...]
Memory Configuration

Name             Origin             Length             Attributes
RAM              0x20000000         0x00018000         xrw
RAM2             0x10000000         0x00008000         xrw
FLASH            0x08000000         0x00100000         xr
*default*        0x00000000         0xffffffff

Linker script and memory map

LOAD /Applications/STM32CubeIDE.app/Contents/Eclipse/plugins/com.st.stm32cube.ide.mcu.externaltools.gnu-tools-for-stm32.12.3.rel1.macos64_1.1.0.202410301201/tools/bin/../lib/gcc/arm-none-eabi/12.3.1/thumb/v7e-m+fp/hard/crti.o
LOAD /Applications/STM32CubeIDE.app/Contents/Eclipse/plugins/com.st.stm32cube.ide.mcu.externaltools.gnu-tools-for-stm32.12.3.rel1.macos64_1.1.0.202410301201/tools/bin/../lib/gcc/arm-none-eabi/12.3.1/thumb/v7e-m+fp/hard/crtbegin.o
LOAD /Applications/STM32CubeIDE.app/Contents/Eclipse/plugins/com.st.stm32cube.ide.mcu.externaltools.gnu-tools-for-stm32.12.3.rel1.macos64_1.1.0.202410301201/tools/bin/../lib/gcc/arm-none-eabi/12.3.1/../../../../arm-none-eabi/lib/thumb/v7e-m+fp/hard/crt0.o
LOAD ./Core/Src/ble.o
LOAD ./Core/Src/i2c.o
LOAD ./Core/Src/leds.o
LOAD ./Core/Src/lptim.o
LOAD ./Core/Src/lsm6dsl.o
LOAD ./Core/Src/main.o
LOAD ./Core/Src/rtc.o
LOAD ./Core/Src/stm32l4xx_hal_msp.o
LOAD ./Core/Src/stm32l4xx_it.o
LOAD ./Core/Src/syscalls.o
LOAD ./Core/Src/system_stm32l4xx.o
LOAD ./Core/Src/timer.o
LOAD ./Core/Startup/startup_stm32l475vgtx.o
LOAD ./Drivers/STM32L4xx_HAL_Driver/Src/stm32l4xx_hal.o
LOAD ./Drivers/STM32L4xx_HAL_Driver/Src/stm32l4xx_hal_cortex.o
LOAD ./Drivers/STM32L4xx_HAL_Driver/Src/stm32l4xx_hal_dma.o
LOAD ./Drivers/STM32L4xx_HAL_Driver/Src/stm32l4xx_hal_dma_ex.o
LOAD ./Drivers/STM32L4xx_HAL_Driver/Src/stm32l4xx_hal_exti.o
LOAD ./Drivers/STM32L4xx_HAL_Driver/Src/stm32l4xx_hal_flash.o
LOAD ./Drivers/STM32L4xx_HAL_Driver/Src/stm32l4xx_hal_flash_ex.o
LOAD ./Drivers/STM32L4xx_HAL_Driver/Src/stm32l4xx_hal_flash_ramfunc.o
LOAD ./Drivers/STM32L4xx_HAL_Driver/Src/stm32l4xx_hal_gpio.o
LOAD ./Drivers/STM32L4xx_HAL_Driver/Src/stm32l4xx_hal_i2c.o
LOAD ./Drivers/STM32L4xx_HAL_Driver/Src/stm32l4xx_hal_i2c_ex.o
LOAD ./Drivers/STM32L4xx_HAL_Driver/Src/stm32l4xx_hal_pwr.o
LOAD ./Drivers/STM32L4xx_HAL_Driver/Src/stm32l4xx_hal_pwr_ex.o
LOAD ./Drivers/STM32L4xx_HAL_Driver/Src/stm32l4xx_hal_rcc.o
LOAD ./Drivers/STM32L4xx_HAL_Driver/Src/stm32l4xx_hal_rcc_ex.o
LOAD ./Drivers/STM32L4xx_HAL_Driver/Src/stm32l4xx_hal_spi.o
LOAD ./Drivers/STM32L4xx_HAL_Driver/Src/stm32l4xx_hal_spi_ex.o
LOAD ./Drivers/STM32L4xx_HAL_Driver/Src/stm32l4xx_hal_tim.o
LOAD ./Drivers/STM32L4xx_HAL_Driver/Src/stm32l4xx_hal_tim_ex.o
START GROUP
LOAD /Applications/STM32CubeIDE.app/Contents/Eclipse/plugins/com.st.stm32cube.ide.mcu.externaltools.gnu-tools-for-stm32.12.3.rel1.macos64_1.1.0.202410301201/tools/bin/../lib/gcc/arm-none-eabi/12.3.1/../../../../arm-none-eabi/lib/thumb/v7e-m+fp/hard/libc_nano.a
LOAD /Applications/STM32CubeIDE.app/Contents/Eclipse/plugins/com.st.stm32cube.ide.mcu.externaltools.gnu-tools-for-stm32.12.3.rel1.macos64_1.1.0.202410301201/tools/bin/../lib/gcc/arm-none-eabi/12.3.1/../../../../arm-none-eabi/lib/thumb/v7e-m+fp/hard/libm.a
END GROUP
START GROUP
LOAD /Applications/STM32CubeIDE.app/Contents/Eclipse/plugins/com.st.stm32cube.ide.mcu.externaltools.gnu-tools-for-stm32.12.3.rel1.macos64_1.1.0.202410301201/tools/bin/../lib/gcc/arm-none-eabi/12.3.1/thumb/v7e-m+fp/hard/libgcc.a
LOAD /Applications/STM32CubeIDE.app/Contents/Eclipse/plugins/com.st.stm32cube.ide.mcu.externaltools.gnu-tools-for-stm32.12.3.rel1.macos64_1.1.0.202410301201/tools/bin/../lib/gcc/arm-none-eabi/12.3.1/../../../../arm-none-eabi/lib/thumb/v7e-m+fp/hard/libc_nano.a
END GROUP
START GROUP
LOAD /Applications/STM32CubeIDE.app/Contents/Eclipse/plugins/com.st.stm32cube.ide.mcu.externaltools.gnu-tools-for-stm32.12.3.rel1.macos64_1.1.0.202410301201/tools/bin/../lib/gcc/arm-none-eabi/12.3.1/thumb/v7e-m+fp/hard/libgcc.a
LOAD /Applications/STM32CubeIDE.app/Contents/Eclipse/plugins/com.st.stm32cube.ide.mcu.externaltools.gnu-tools-for-stm32.12.3.rel1.macos64_1.1.0.202410301201/tools/bin/../lib/gcc/arm-none-eabi/12.3.1/../../../../arm-none-eabi/lib/thumb/v7e-m+fp/hard/libc_nano.a
LOAD /Applications/STM32CubeIDE.app/Contents/Eclipse/plugins/com.st.stm32cube.ide.mcu.externaltools.gnu-tools-for-stm32.12.3.rel1.macos64_1.1.0.202410301201/tools/bin/../lib/gcc/arm-none-eabi/12.3.1/../../../../arm-none-eabi/lib/thumb/v7e-m+fp/hard/libnosys.a
END GROUP
START GROUP
LOAD /Applications/STM32CubeIDE.app/Contents/Eclipse/plugins/com.st.stm32cube.ide.mcu.externaltools.gnu-tools-for-stm32.12.3.rel1.macos64_1.1.0.202410301201/tools/bin/../lib/gcc/arm-none-eabi/12.3.1/thumb/v7e-m+fp/hard/libgcc.a
LOAD /Applications/STM32CubeIDE.app/Contents/Eclipse/plugins/com.st.stm32cube.ide.mcu.externaltools.gnu-tools-for-stm32.12.3.rel1.macos64_1.1.0.202410301201/tools/bin/../lib/gcc/arm-none-eabi/12.3.1/../../../../arm-none-eabi/lib/thumb/v7e-m+fp/hard/libc_nano.a
LOAD /Applications/STM32CubeIDE.app/Contents/Eclipse/plugins/com.st.stm32cube.ide.mcu.externaltools.gnu-tools-for-stm32.12.3.rel1.macos64_1.1.0.202410301201/tools/bin/../lib/gcc/arm-none-eabi/12.3.1/../../../../arm-none-eabi/lib/thumb/v7e-m+fp/hard/libnosys.a
END GROUP
LOAD /Applications/STM32CubeIDE.app/Contents/Eclipse/plugins/com.st.stm32cube.ide.mcu.externaltools.gnu-tools-for-stm32.12.3.rel1.macos64_1.1.0.202410301201/tools/bin/../lib/gcc/arm-none-eabi/12.3.1/thumb/v7e-m+fp/hard/crtend.o
LOAD /Applications/STM32CubeIDE.app/Contents/Eclipse/plugins/com.st.stm32cube.ide.mcu.externaltools.gnu-tools-for-stm32.12.3.rel1.macos64_1.1.0.202410301201/tools/bin/../lib/gcc/arm-none-eabi/12.3.1/thumb/v7e-m+fp/hard/crtn.o
                0x20018000                        _estack = (ORIGIN (RAM) + LENGTH (RAM))
                0x00000200                        _Min_Heap_Size = 0x200
                0x00000400                        _Min_Stack_Size = 0x400

.isr_vector     0x08000000      0x188
                0x08000000                        . = ALIGN (0x4)
 *(.isr_vector)
 .isr_vector    0x08000000      0x188 ./Core/Startup/startup_stm32l475vgtx.o
                0x08000000                g_pfnVectors
                0x08000188                        . = ALIGN (0x4)

.text           0x08000190     0x4a80
                0x08000190                        . = ALIGN (0x4)
 *(.text)
 .text          0x08000190       0x40 /Applications/STM32CubeIDE.app/Contents/Eclipse/plugins/com.st.stm32cube.ide.mcu.externaltools.gnu-tools-for-stm32.12.3.rel1.macos64_1.1.0.202410301201/tools/bin/../lib/gcc/arm-none-eabi/12.3.1/thumb/v7e-m+fp/hard/crtbegin.o
 .text          0x080001d0       0x10 /Applications/STM32CubeIDE.app/Contents/Eclipse/plugins/com.st.stm32cube.ide.mcu.externaltools.gnu-tools-for-stm32.12.3.rel1.macos64_1.1.0.202410301201/tools/bin/../lib/gcc/arm-none-eabi/12.3.1/../../../../arm-none-eabi/lib/thumb/v7e-m+fp/hard/libc_nano.a(libc_a-strlen.o)
                0x080001d0                strlen
 .text          0x080001e0       0xa0 /Applications/STM32CubeIDE.app/Contents/Eclipse/plugins/com.st.stm32cube.ide.mcu.externaltools.gnu-tools-for-stm32.12.3.rel1.macos64_1.1.0.202410301201/tools/bin/../lib/gcc/arm-none-eabi/12.3.1/../../../../arm-none-eabi/lib/thumb/v7e-m+fp/hard/libc_nano.a(libc_a-memchr.o)
                0x080001e0                memchr
 *(.text*)
 .text.ble_init
                0x08000280      0x234 ./Core/Src/ble.o
                0x08000280                ble_init
 .text.fetchBleEvent
                0x080004b4      0x114 ./Core/Src/ble.o
                0x080004b4                fetchBleEvent
 .text.checkEventResp
                0x080005c8       0x4c ./Core/Src/ble.o
                0x080005c8                checkEventResp
 .text.sendCommand
                0x08000614       0x98 ./Core/Src/ble.o
                0x08000614                sendCommand
 .text.setConnectable
                0x080006ac      0x100 ./Core/Src/ble.o
                0x080006ac                setConnectable
 .text.BLE_command
                0x080007ac       0x98 ./Core/Src/ble.o
                0x080007ac                BLE_command
 .text.addService
                0x08000844       0x70 ./Core/Src/ble.o
                0x08000844                addService
 .text.addCharacteristic
                0x080008b4       0x84 ./Core/Src/ble.o
                0x080008b4                addCharacteristic
 .text.updateCharValue
                0x08000938       0xa8 ./Core/Src/ble.o
                0x08000938                updateCharValue
 .text.disconnectBLE
                0x080009e0       0xac ./Core/Src/ble.o
                0x080009e0                disconnectBLE
 .text.setDiscoverability
                0x08000a8c       0x4c ./Core/Src/ble.o
                0x08000a8c                setDiscoverability
 .text.i2c_init
                0x08000ad8       0xc0 ./Core/Src/i2c.o
                0x08000ad8                i2c_init
 .text.i2c_transaction
                0x08000b98      0x154 ./Core/Src/i2c.o
                0x08000b98                i2c_transaction
 .text.leds_init
                0x08000cec       0xcc ./Core/Src/leds.o
                0x08000cec                leds_init
 .text.lsm6dsl_write_reg
                0x08000db8       0x30 ./Core/Src/lsm6dsl.o
 .text.lsm6dsl_read_reg
                0x08000de8       0x3c ./Core/Src/lsm6dsl.o
 .text.lsm6dsl_init
                0x08000e24       0xb0 ./Core/Src/lsm6dsl.o
                0x08000e24                lsm6dsl_init
 .text.lsm6dsl_read_xyz
                0x08000ed4       0x9c ./Core/Src/lsm6dsl.o
                0x08000ed4                lsm6dsl_read_xyz
 .text.ITM_SendChar
                0x08000f70       0x4e ./Core/Src/main.o
 .text.TIM2_IRQHandler
                0x08000fbe       0x2c ./Core/Src/main.o
                0x08000fbe                TIM2_IRQHandler
 .text._write   0x08000fea       0x38 ./Core/Src/main.o
                0x08000fea                _write
 *fill*         0x08001022        0x2 
 .text.sendBleMessage
                0x08001024       0xa0 ./Core/Src/main.o
                0x08001024                sendBleMessage
 .text.main     0x080010c4      0x278 ./Core/Src/main.o
                0x080010c4                main
 .text.SystemClock_Config
                0x0800133c       0x8c ./Core/Src/main.o
                0x0800133c                SystemClock_Config
 .text.MX_SPI3_Init
                0x080013c8       0x7c ./Core/Src/main.o
 .text.MX_GPIO_Init
                0x08001444      0x124 ./Core/Src/main.o
 .text.Error_Handler
                0x08001568        0xc ./Core/Src/main.o
                0x08001568                Error_Handler
 .text.RTC_WKUP_IRQHandler
                0x08001574       0x38 ./Core/Src/rtc.o
                0x08001574                RTC_WKUP_IRQHandler
 .text.HAL_MspInit
                0x080015ac       0x48 ./Core/Src/stm32l4xx_hal_msp.o
                0x080015ac                HAL_MspInit
 .text.HAL_SPI_MspInit
                0x080015f4       0x88 ./Core/Src/stm32l4xx_hal_msp.o
                0x080015f4                HAL_SPI_MspInit
 .text.NMI_Handler
                0x0800167c        0x8 ./Core/Src/stm32l4xx_it.o
                0x0800167c                NMI_Handler
 .text.HardFault_Handler
                0x08001684        0x8 ./Core/Src/stm32l4xx_it.o
                0x08001684                HardFault_Handler
 .text.MemManage_Handler
                0x0800168c        0x8 ./Core/Src/stm32l4xx_it.o
                0x0800168c                MemManage_Handler
 .text.BusFault_Handler
                0x08001694        0x8 ./Core/Src/stm32l4xx_it.o
                0x08001694                BusFault_Handler
 .text.UsageFault_Handler
                0x0800169c        0x8 ./Core/Src/stm32l4xx_it.o
                0x0800169c                UsageFault_Handler
 .text.SVC_Handler
                0x080016a4        0xe ./Core/Src/stm32l4xx_it.o
                0x080016a4                SVC_Handler
 .text.DebugMon_Handler
                0x080016b2        0xe ./Core/Src/stm32l4xx_it.o
                0x080016b2                DebugMon_Handler
 .text.PendSV_Handler
                0x080016c0        0xe ./Core/Src/stm32l4xx_it.o
                0x080016c0                PendSV_Handler
 .text.SysTick_Handler
                0x080016ce        0xc ./Core/Src/stm32l4xx_it.o
                0x080016ce                SysTick_Handler
 *fill*         0x080016da        0x2 
 .text.EXTI9_5_IRQHandler
                0x080016dc       0x18 ./Core/Src/stm32l4xx_it.o
                0x080016dc                EXTI9_5_IRQHandler
 .text._read    0x080016f4       0x3a ./Core/Src/syscalls.o
                0x080016f4                _read
 *fill*         0x0800172e        0x2 
 .text._sbrk    0x08001730       0x58 ./Core/Src/syscalls.o
                0x08001730                _sbrk
 .text._close   0x08001788       0x18 ./Core/Src/syscalls.o
                0x08001788                _close
 .text._fstat   0x080017a0       0x20 ./Core/Src/syscalls.o
                0x080017a0                _fstat
 .text._isatty  0x080017c0       0x16 ./Core/Src/syscalls.o
                0x080017c0                _isatty
 .text._lseek   0x080017d6       0x1a ./Core/Src/syscalls.o
                0x080017d6                _lseek
 .text.SystemInit
                0x080017f0       0x6c ./Core/Src/system_stm32l4xx.o
                0x080017f0                SystemInit
 .text.__NVIC_EnableIRQ
                0x0800185c       0x3c ./Core/Src/timer.o
 .text.__NVIC_SetPriority
                0x08001898       0x54 ./Core/Src/timer.o
 .text.timer_init
                0x080018ec       0x6c ./Core/Src/timer.o
                0x080018ec                timer_init
 .text.timer_set_ms
                0x08001958       0x58 ./Core/Src/timer.o
                0x08001958                timer_set_ms
 .text.Reset_Handler
                0x080019b0       0x50 ./Core/Startup/startup_stm32l475vgtx.o
                0x080019b0                Reset_Handler
 .text.Default_Handler
                0x08001a00        0x2 ./Core/Startup/startup_stm32l475vgtx.o
                0x08001a00                TIM1_BRK_TIM15_IRQHandler
                0x08001a00                EXTI2_IRQHandler
                0x08001a00                TIM8_TRG_COM_IRQHandler
                0x08001a00                TIM8_CC_IRQHandler
                0x08001a00                TIM1_CC_IRQHandler
                0x08001a00                TSC_IRQHandler
                0x08001a00                TAMP_STAMP_IRQHandler
                0x08001a00                EXTI3_IRQHandler
                0x08001a00                LPTIM2_IRQHandler
                0x08001a00                DFSDM1_FLT1_IRQHandler
                0x08001a00                I2C3_ER_IRQHandler
                0x08001a00                DFSDM1_FLT2_IRQHandler
                0x08001a00                EXTI0_IRQHandler
                0x08001a00                I2C2_EV_IRQHandler
                0x08001a00                CAN1_RX0_IRQHandler
                0x08001a00                FPU_IRQHandler
                0x08001a00                TIM1_UP_TIM16_IRQHandler
                0x08001a00                ADC1_2_IRQHandler
                0x08001a00                SPI1_IRQHandler
                0x08001a00                TIM6_DAC_IRQHandler
                0x08001a00                TIM8_UP_IRQHandler
                0x08001a00                DMA2_Channel2_IRQHandler
                0x08001a00                DMA1_Channel4_IRQHandler
                0x08001a00                SAI2_IRQHandler
                0x08001a00                DFSDM1_FLT3_IRQHandler
                0x08001a00                USART3_IRQHandler
                0x08001a00                DMA1_Channel7_IRQHandler
                0x08001a00                CAN1_RX1_IRQHandler
                0x08001a00                UART5_IRQHandler
                0x08001a00                ADC3_IRQHandler
                0x08001a00                TIM4_IRQHandler
                0x08001a00                DMA2_Channel1_IRQHandler
                0x08001a00                QUADSPI_IRQHandler
                0x08001a00                I2C1_EV_IRQHandler
                0x08001a00                DMA1_Channel6_IRQHandler
                0x08001a00                UART4_IRQHandler
                0x08001a00                DMA2_Channel4_IRQHandler
                0x08001a00                TIM3_IRQHandler
                0x08001a00                RCC_IRQHandler
                0x08001a00                DMA1_Channel1_IRQHandler
                0x08001a00                Default_Handler
                0x08001a00                DMA2_Channel7_IRQHandler
                0x08001a00                EXTI15_10_IRQHandler
                0x08001a00                TIM7_IRQHandler
                0x08001a00                SDMMC1_IRQHandler
                0x08001a00                TIM5_IRQHandler
                0x08001a00                I2C3_EV_IRQHandler
                0x08001a00                PVD_PVM_IRQHandler
                0x08001a00                SPI2_IRQHandler
                0x08001a00                CAN1_TX_IRQHandler
                0x08001a00                DMA2_Channel5_IRQHandler
                0x08001a00                DMA1_Channel5_IRQHandler
                0x08001a00                EXTI4_IRQHandler
                0x08001a00                RNG_IRQHandler
                0x08001a00                TIM1_TRG_COM_TIM17_IRQHandler
                0x08001a00                DMA1_Channel3_IRQHandler
                0x08001a00                COMP_IRQHandler
                0x08001a00                WWDG_IRQHandler
                0x08001a00                LPUART1_IRQHandler
                0x08001a00                DMA2_Channel6_IRQHandler
                0x08001a00                EXTI1_IRQHandler
                0x08001a00                USART2_IRQHandler
                0x08001a00                DFSDM1_FLT0_IRQHandler
                0x08001a00                I2C2_ER_IRQHandler
                0x08001a00                DMA1_Channel2_IRQHandler
                0x08001a00                TIM8_BRK_IRQHandler
                0x08001a00                CAN1_SCE_IRQHandler
                0x08001a00                FLASH_IRQHandler
                0x08001a00                USART1_IRQHandler
                0x08001a00                OTG_FS_IRQHandler
                0x08001a00                SPI3_IRQHandler
                0x08001a00                I2C1_ER_IRQHandler
                0x08001a00                FMC_IRQHandler
                0x08001a00                SWPMI1_IRQHandler
                0x08001a00                LPTIM1_IRQHandler
                0x08001a00                SAI1_IRQHandler
                0x08001a00                DMA2_Channel3_IRQHandler
                0x08001a00                RTC_Alarm_IRQHandler
 .text.HAL_Init
                0x08001a02       0x30 ./Drivers/STM32L4xx_HAL_Driver/Src/stm32l4xx_hal.o
                0x08001a02                HAL_Init
 *fill*         0x08001a32        0x2 
 .text.HAL_InitTick
                0x08001a34       0x78 ./Drivers/STM32L4xx_HAL_Driver/Src/stm32l4xx_hal.o
                0x08001a34                HAL_InitTick
 .text.HAL_IncTick
                0x08001aac       0x28 ./Drivers/STM32L4xx_HAL_Driver/Src/stm32l4xx_hal.o
                0x08001aac                HAL_IncTick
 .text.HAL_GetTick
                0x08001ad4       0x18 ./Drivers/STM32L4xx_HAL_Driver/Src/stm32l4xx_hal.o
                0x08001ad4                HAL_GetTick
 .text.HAL_Delay
                0x08001aec       0x48 ./Drivers/STM32L4xx_HAL_Driver/Src/stm32l4xx_hal.o
                0x08001aec                HAL_Delay
 .text.__NVIC_SetPriorityGrouping
                0x08001b34       0x48 ./Drivers/STM32L4xx_HAL_Driver/Src/stm32l4xx_hal_cortex.o
 .text.__NVIC_GetPriorityGrouping
                0x08001b7c       0x1c ./Drivers/STM32L4xx_HAL_Driver/Src/stm32l4xx_hal_cortex.o
 .text.__NVIC_EnableIRQ
                0x08001b98       0x3c ./Drivers/STM32L4xx_HAL_Driver/Src/stm32l4xx_hal_cortex.o
 .text.__NVIC_SetPriority
                0x08001bd4       0x54 ./Drivers/STM32L4xx_HAL_Driver/Src/stm32l4xx_hal_cortex.o
 .text.NVIC_EncodePriority
                0x08001c28       0x66 ./Drivers/STM32L4xx_HAL_Driver/Src/stm32l4xx_hal_cortex.o
 *fill*         0x08001c8e        0x2 
 .text.SysTick_Config
                0x08001c90       0x44 ./Drivers/STM32L4xx_HAL_Driver/Src/stm32l4xx_hal_cortex.o
 .text.HAL_NVIC_SetPriorityGrouping
                0x08001cd4       0x16 ./Drivers/STM32L4xx_HAL_Driver/Src/stm32l4xx_hal_cortex.o
                0x08001cd4                HAL_NVIC_SetPriorityGrouping
 .text.HAL_NVIC_SetPriority
                0x08001cea       0x38 ./Drivers/STM32L4xx_HAL_Driver/Src/stm32l4xx_hal_cortex.o
                0x08001cea                HAL_NVIC_SetPriority
 .text.HAL_NVIC_EnableIRQ
                0x08001d22       0x1c ./Drivers/STM32L4xx_HAL_Driver/Src/stm32l4xx_hal_cortex.o
                0x08001d22                HAL_NVIC_EnableIRQ
 .text.HAL_SYSTICK_Config
                0x08001d3e       0x18 ./Drivers/STM32L4xx_HAL_Driver/Src/stm32l4xx_hal_cortex.o
                0x08001d3e                HAL_SYSTICK_Config
 *fill*         0x08001d56        0x2 
 .text.HAL_GPIO_Init
                0x08001d58      0x354 ./Drivers/STM32L4xx_HAL_Driver/Src/stm32l4xx_hal_gpio.o
                0x08001d58                HAL_GPIO_Init
 .text.HAL_GPIO_ReadPin
                0x080020ac       0x30 ./Drivers/STM32L4xx_HAL_Driver/Src/stm32l4xx_hal_gpio.o
                0x080020ac                HAL_GPIO_ReadPin
 .text.HAL_GPIO_WritePin
                0x080020dc       0x30 ./Drivers/STM32L4xx_HAL_Driver/Src/stm32l4xx_hal_gpio.o
                0x080020dc                HAL_GPIO_WritePin
 .text.HAL_GPIO_EXTI_IRQHandler
                0x0800210c       0x30 ./Drivers/STM32L4xx_HAL_Driver/Src/stm32l4xx_hal_gpio.o
                0x0800210c                HAL_GPIO_EXTI_IRQHandler
 .text.HAL_GPIO_EXTI_Callback
                0x0800213c       0x16 ./Drivers/STM32L4xx_HAL_Driver/Src/stm32l4xx_hal_gpio.o
                0x0800213c                HAL_GPIO_EXTI_Callback
 *fill*         0x08002152        0x2 
 .text.HAL_PWREx_GetVoltageRange
                0x08002154       0x1c ./Drivers/STM32L4xx_HAL_Driver/Src/stm32l4xx_hal_pwr_ex.o
                0x08002154                HAL_PWREx_GetVoltageRange
 .text.HAL_PWREx_ControlVoltageScaling
                0x08002170       0xac ./Drivers/STM32L4xx_HAL_Driver/Src/stm32l4xx_hal_pwr_ex.o
                0x08002170                HAL_PWREx_ControlVoltageScaling
 .text.HAL_RCC_OscConfig
                0x0800221c      0x7b8 ./Drivers/STM32L4xx_HAL_Driver/Src/stm32l4xx_hal_rcc.o
                0x0800221c                HAL_RCC_OscConfig
 .text.HAL_RCC_ClockConfig
                0x080029d4      0x200 ./Drivers/STM32L4xx_HAL_Driver/Src/stm32l4xx_hal_rcc.o
                0x080029d4                HAL_RCC_ClockConfig
 .text.HAL_RCC_GetSysClockFreq
                0x08002bd4      0x118 ./Drivers/STM32L4xx_HAL_Driver/Src/stm32l4xx_hal_rcc.o
                0x08002bd4                HAL_RCC_GetSysClockFreq
 .text.RCC_SetFlashLatencyFromMSIRange
                0x08002cec       0xc0 ./Drivers/STM32L4xx_HAL_Driver/Src/stm32l4xx_hal_rcc.o
 .text.HAL_SPI_Init
                0x08002dac      0x146 ./Drivers/STM32L4xx_HAL_Driver/Src/stm32l4xx_hal_spi.o
                0x08002dac                HAL_SPI_Init
 .text.HAL_SPI_Transmit
                0x08002ef2      0x2ea ./Drivers/STM32L4xx_HAL_Driver/Src/stm32l4xx_hal_spi.o
                0x08002ef2                HAL_SPI_Transmit
 .text.HAL_SPI_TransmitReceive
                0x080031dc      0x444 ./Drivers/STM32L4xx_HAL_Driver/Src/stm32l4xx_hal_spi.o
                0x080031dc                HAL_SPI_TransmitReceive
 .text.SPI_WaitFlagStateUntilTimeout
                0x08003620      0x110 ./Drivers/STM32L4xx_HAL_Driver/Src/stm32l4xx_hal_spi.o
 .text.SPI_WaitFifoStateUntilTimeout
                0x08003730      0x12c ./Drivers/STM32L4xx_HAL_Driver/Src/stm32l4xx_hal_spi.o
 .text.SPI_EndRxTxTransaction
                0x0800385c       0x8c ./Drivers/STM32L4xx_HAL_Driver/Src/stm32l4xx_hal_spi.o
 .text.malloc   0x080038e8       0x10 /Applications/STM32CubeIDE.app/Contents/Eclipse/plugins/com.st.stm32cube.ide.mcu.externaltools.gnu-tools-for-stm32.12.3.rel1.macos64_1.1.0.202410301201/tools/bin/../lib/gcc/arm-none-eabi/12.3.1/../../../../arm-none-eabi/lib/thumb/v7e-m+fp/hard/libc_nano.a(libc_a-malloc.o)
                0x080038e8                malloc
 .text.free     0x080038f8       0x10 /Applications/STM32CubeIDE.app/Contents/Eclipse/plugins/com.st.stm32cube.ide.mcu.externaltools.gnu-tools-for-stm32.12.3.rel1.macos64_1.1.0.202410301201/tools/bin/../lib/gcc/arm-none-eabi/12.3.1/../../../../arm-none-eabi/lib/thumb/v7e-m+fp/hard/libc_nano.a(libc_a-malloc.o)
                0x080038f8                free
 .text.sbrk_aligned
                0x08003908       0x44 /Applications/STM32CubeIDE.app/Contents/Eclipse/plugins/com.st.stm32cube.ide.mcu.externaltools.gnu-tools-for-stm32.12.3.rel1.macos64_1.1.0.202410301201/tools/bin/../lib/gcc/arm-none-eabi/12.3.1/../../../../arm-none-eabi/lib/thumb/v7e-m+fp/hard/libc_nano.a(libc_a-mallocr.o)
 .text._malloc_r
                0x0800394c      0x100 /Applications/STM32CubeIDE.app/Contents/Eclipse/plugins/com.st.stm32cube.ide.mcu.externaltools.gnu-tools-for-stm32.12.3.rel1.macos64_1.1.0.202410301201/tools/bin/../lib/gcc/arm-none-eabi/12.3.1/../../../../arm-none-eabi/lib/thumb/v7e-m+fp/hard/libc_nano.a(libc_a-mallocr.o)
                0x0800394c                _malloc_r
 .text.snprintf
                0x08003a4c       0x68 /Applications/STM32CubeIDE.app/Contents/Eclipse/plugins/com.st.stm32cube.ide.mcu.externaltools.gnu-tools-for-stm32.12.3.rel1.macos64_1.1.0.202410301201/tools/bin/../lib/gcc/arm-none-eabi/12.3.1/../../../../arm-none-eabi/lib/thumb/v7e-m+fp/hard/libc_nano.a(libc_a-snprintf.o)
                0x08003a4c                snprintf
                0x08003a4c                sniprintf
 .text.__malloc_lock
                0x08003ab4        0xc /Applications/STM32CubeIDE.app/Contents/Eclipse/plugins/com.st.stm32cube.ide.mcu.externaltools.gnu-tools-for-stm32.12.3.rel1.macos64_1.1.0.202410301201/tools/bin/../lib/gcc/arm-none-eabi/12.3.1/../../../../arm-none-eabi/lib/thumb/v7e-m+fp/hard/libc_nano.a(libc_a-mlock.o)
                0x08003ab4                __malloc_lock
 .text.__malloc_unlock
                0x08003ac0        0xc /Applications/STM32CubeIDE.app/Contents/Eclipse/plugins/com.st.stm32cube.ide.mcu.externaltools.gnu-tools-for-stm32.12.3.rel1.macos64_1.1.0.202410301201/tools/bin/../lib/gcc/arm-none-eabi/12.3.1/../../../../arm-none-eabi/lib/thumb/v7e-m+fp/hard/libc_nano.a(libc_a-mlock.o)
                0x08003ac0                __malloc_unlock
 .text.std      0x08003acc       0x6c /Applications/STM32CubeIDE.app/Contents/Eclipse/plugins/com.st.stm32cube.ide.mcu.externaltools.gnu-tools-for-stm32.12.3.rel1.macos64_1.1.0.202410301201/tools/bin/../lib/gcc/arm-none-eabi/12.3.1/../../../../arm-none-eabi/lib/thumb/v7e-m+fp/hard/libc_nano.a(libc_a-findfp.o)
 .text.stdio_exit_handler
                0x08003b38       0x18 /Applications/STM32CubeIDE.app/Contents/Eclipse/plugins/com.st.stm32cube.ide.mcu.externaltools.gnu-tools-for-stm32.12.3.rel1.macos64_1.1.0.202410301201/tools/bin/../lib/gcc/arm-none-eabi/12.3.1/../../../../arm-none-eabi/lib/thumb/v7e-m+fp/hard/libc_nano.a(libc_a-findfp.o)
 .text.cleanup_stdio
                0x08003b50       0x40 /Applications/STM32CubeIDE.app/Contents/Eclipse/plugins/com.st.stm32cube.ide.mcu.externaltools.gnu-tools-for-stm32.12.3.rel1.macos64_1.1.0.202410301201/tools/bin/../lib/gcc/arm-none-eabi/12.3.1/../../../../arm-none-eabi/lib/thumb/v7e-m+fp/hard/libc_nano.a(libc_a-findfp.o)
 .text.global_stdio_init.part.0
                0x08003b90       0x3c /Applications/STM32CubeIDE.app/Contents/Eclipse/plugins/com.st.stm32cube.ide.mcu.externaltools.gnu-tools-for-stm32.12.3.rel1.macos64_1.1.0.202410301201/tools/bin/../lib/gcc/arm-none-eabi/12.3.1/../../../../arm-none-eabi/lib/thumb/v7e-m+fp/hard/libc_nano.a(libc_a-findfp.o)
 .text.__sfp_lock_acquire
                0x08003bcc        0xc /Applications/STM32CubeIDE.app/Contents/Eclipse/plugins/com.st.stm32cube.ide.mcu.externaltools.gnu-tools-for-stm32.12.3.rel1.macos64_1.1.0.202410301201/tools/bin/../lib/gcc/arm-none-eabi/12.3.1/../../../../arm-none-eabi/lib/thumb/v7e-m+fp/hard/libc_nano.a(libc_a-findfp.o)
                0x08003bcc                __sfp_lock_acquire
 .text.__sfp_lock_release
                0x08003bd8        0xc /Applications/STM32CubeIDE.app/Contents/Eclipse/plugins/com.st.stm32cube.ide.mcu.externaltools.gnu-tools-for-stm32.12.3.rel1.macos64_1.1.0.202410301201/tools/bin/../lib/gcc/arm-none-eabi/12.3.1/../../../../arm-none-eabi/lib/thumb/v7e-m+fp/hard/libc_nano.a(libc_a-findfp.o)
                0x08003bd8                __sfp_lock_release
 .text.__sinit  0x08003be4       0x30 /Applications/STM32CubeIDE.app/Contents/Eclipse/plugins/com.st.stm32cube.ide.mcu.externaltools.gnu-tools-for-stm32.12.3.rel1.macos64_1.1.0.202410301201/tools/bin/../lib/gcc/arm-none-eabi/12.3.1/../../../../arm-none-eabi/lib/thumb/v7e-m+fp/hard/libc_nano.a(libc_a-findfp.o)
                0x08003be4                __sinit
 .text._fwalk_sglue
                0x08003c14       0x3c /Applications/STM32CubeIDE.app/Contents/Eclipse/plugins/com.st.stm32cube.ide.mcu.externaltools.gnu-tools-for-stm32.12.3.rel1.macos64_1.1.0.202410301201/tools/bin/../lib/gcc/arm-none-eabi/12.3.1/../../../../arm-none-eabi/lib/thumb/v7e-m+fp/hard/libc_nano.a(libc_a-fwalk.o)
                0x08003c14                _fwalk_sglue
 .text.printf   0x08003c50       0x24 /Applications/STM32CubeIDE.app/Contents/Eclipse/plugins/com.st.stm32cube.ide.mcu.externaltools.gnu-tools-for-stm32.12.3.rel1.macos64_1.1.0.202410301201/tools/bin/../lib/gcc/arm-none-eabi/12.3.1/../../../../arm-none-eabi/lib/thumb/v7e-m+fp/hard/libc_nano.a(libc_a-printf.o)
                0x08003c50                printf
                0x08003c50                iprintf
 .text._puts_r  0x08003c74       0xaa /Applications/STM32CubeIDE.app/Contents/Eclipse/plugins/com.st.stm32cube.ide.mcu.externaltools.gnu-tools-for-stm32.12.3.rel1.macos64_1.1.0.202410301201/tools/bin/../lib/gcc/arm-none-eabi/12.3.1/../../../../arm-none-eabi/lib/thumb/v7e-m+fp/hard/libc_nano.a(libc_a-puts.o)
                0x08003c74                _puts_r
 *fill*         0x08003d1e        0x2 
 .text.puts     0x08003d20       0x10 /Applications/STM32CubeIDE.app/Contents/Eclipse/plugins/com.st.stm32cube.ide.mcu.externaltools.gnu-tools-for-stm32.12.3.rel1.macos64_1.1.0.202410301201/tools/bin/../lib/gcc/arm-none-eabi/12.3.1/../../../../arm-none-eabi/lib/thumb/v7e-m+fp/hard/libc_nano.a(libc_a-puts.o)
                0x08003d20                puts
 .text.memset   0x08003d30       0x10 /Applications/STM32CubeIDE.app/Contents/Eclipse/plugins/com.st.stm32cube.ide.mcu.externaltools.gnu-tools-for-stm32.12.3.rel1.macos64_1.1.0.202410301201/tools/bin/../lib/gcc/arm-none-eabi/12.3.1/../../../../arm-none-eabi/lib/thumb/v7e-m+fp/hard/libc_nano.a(libc_a-memset.o)
                0x08003d30                memset
 .text._sbrk_r  0x08003d40       0x20 /Applications/STM32CubeIDE.app/Contents/Eclipse/plugins/com.st.stm32cube.ide.mcu.externaltools.gnu-tools-for-stm32.12.3.rel1.macos64_1.1.0.202410301201/tools/bin/../lib/gcc/arm-none-eabi/12.3.1/../../../../arm-none-eabi/lib/thumb/v7e-m+fp/hard/libc_nano.a(libc_a-sbrkr.o)
                0x08003d40                _sbrk_r
 .text.__errno  0x08003d60        0xc /Applications/STM32CubeIDE.app/Contents/Eclipse/plugins/com.st.stm32cube.ide.mcu.externaltools.gnu-tools-for-stm32.12.3.rel1.macos64_1.1.0.202410301201/tools/bin/../lib/gcc/arm-none-eabi/12.3.1/../../../../arm-none-eabi/lib/thumb/v7e-m+fp/hard/libc_nano.a(libc_a-errno.o)
                0x08003d60                __errno
 .text.__libc_init_array
                0x08003d6c       0x48 /Applications/STM32CubeIDE.app/Contents/Eclipse/plugins/com.st.stm32cube.ide.mcu.externaltools.gnu-tools-for-stm32.12.3.rel1.macos64_1.1.0.202410301201/tools/bin/../lib/gcc/arm-none-eabi/12.3.1/../../../../arm-none-eabi/lib/thumb/v7e-m+fp/hard/libc_nano.a(libc_a-init.o)
                0x08003d6c                __libc_init_array
 .text.__retarget_lock_init_recursive
                0x08003db4        0x2 /Applications/STM32CubeIDE.app/Contents/Eclipse/plugins/com.st.stm32cube.ide.mcu.externaltools.gnu-tools-for-stm32.12.3.rel1.macos64_1.1.0.202410301201/tools/bin/../lib/gcc/arm-none-eabi/12.3.1/../../../../arm-none-eabi/lib/thumb/v7e-m+fp/hard/libc_nano.a(libc_a-lock.o)
                0x08003db4                __retarget_lock_init_recursive
 .text.__retarget_lock_acquire_recursive
                0x08003db6        0x2 /Applications/STM32CubeIDE.app/Contents/Eclipse/plugins/com.st.stm32cube.ide.mcu.externaltools.gnu-tools-for-stm32.12.3.rel1.macos64_1.1.0.202410301201/tools/bin/../lib/gcc/arm-none-eabi/12.3.1/../../../../arm-none-eabi/lib/thumb/v7e-m+fp/hard/libc_nano.a(libc_a-lock.o)
                0x08003db6                __retarget_lock_acquire_recursive
 .text.__retarget_lock_release_recursive
                0x08003db8        0x2 /Applications/STM32CubeIDE.app/Contents/Eclipse/plugins/com.st.stm32cube.ide.mcu.externaltools.gnu-tools-for-stm32.12.3.rel1.macos64_1.1.0.202410301201/tools/bin/../lib/gcc/arm-none-eabi/12.3.1/../../../../arm-none-eabi/lib/thumb/v7e-m+fp/hard/libc_nano.a(libc_a-lock.o)
                0x08003db8                __retarget_lock_release_recursive
 .text.memcpy   0x08003dba       0x1c /Applications/STM32CubeIDE.app/Contents/Eclipse/plugins/com.st.stm32cube.ide.mcu.externaltools.gnu-tools-for-stm32.12.3.rel1.macos64_1.1.0.202410301201/tools/bin/../lib/gcc/arm-none-eabi/12.3.1/../../../../arm-none-eabi/lib/thumb/v7e-m+fp/hard/libc_nano.a(libc_a-memcpy-stub.o)
                0x08003dba                memcpy
 *fill*         0x08003dd6        0x2 
 .text._free_r  0x08003dd8       0x94 /Applications/STM32CubeIDE.app/Contents/Eclipse/plugins/com.st.stm32cube.ide.mcu.externaltools.gnu-tools-for-stm32.12.3.rel1.macos64_1.1.0.202410301201/tools/bin/../lib/gcc/arm-none-eabi/12.3.1/../../../../arm-none-eabi/lib/thumb/v7e-m+fp/hard/libc_nano.a(libc_a-freer.o)
                0x08003dd8                _free_r
 .text.__ssputs_r
                0x08003e6c       0xb6 /Applications/STM32CubeIDE.app/Contents/Eclipse/plugins/com.st.stm32cube.ide.mcu.externaltools.gnu-tools-for-stm32.12.3.rel1.macos64_1.1.0.202410301201/tools/bin/../lib/gcc/arm-none-eabi/12.3.1/../../../../arm-none-eabi/lib/thumb/v7e-m+fp/hard/libc_nano.a(libc_a-nano-svfprintf.o)
                0x08003e6c                __ssputs_r
 *fill*         0x08003f22        0x2 
 .text._svfprintf_r
                0x08003f24      0x1f8 /Applications/STM32CubeIDE.app/Contents/Eclipse/plugins/com.st.stm32cube.ide.mcu.externaltools.gnu-tools-for-stm32.12.3.rel1.macos64_1.1.0.202410301201/tools/bin/../lib/gcc/arm-none-eabi/12.3.1/../../../../arm-none-eabi/lib/thumb/v7e-m+fp/hard/libc_nano.a(libc_a-nano-svfprintf.o)
                0x08003f24                _svfprintf_r
                0x08003f24                _svfiprintf_r
 .text.__sfputc_r
                0x0800411c       0x2e /Applications/STM32CubeIDE.app/Contents/Eclipse/plugins/com.st.stm32cube.ide.mcu.externaltools.gnu-tools-for-stm32.12.3.rel1.macos64_1.1.0.202410301201/tools/bin/../lib/gcc/arm-none-eabi/12.3.1/../../../../arm-none-eabi/lib/thumb/v7e-m+fp/hard/libc_nano.a(libc_a-nano-vfprintf.o)
 .text.__sfputs_r
                0x0800414a       0x24 /Applications/STM32CubeIDE.app/Contents/Eclipse/plugins/com.st.stm32cube.ide.mcu.externaltools.gnu-tools-for-stm32.12.3.rel1.macos64_1.1.0.202410301201/tools/bin/../lib/gcc/arm-none-eabi/12.3.1/../../../../arm-none-eabi/lib/thumb/v7e-m+fp/hard/libc_nano.a(libc_a-nano-vfprintf.o)
                0x0800414a                __sfputs_r
 *fill*         0x0800416e        0x2 
 .text._vfprintf_r
                0x08004170      0x230 /Applications/STM32CubeIDE.app/Contents/Eclipse/plugins/com.st.stm32cube.ide.mcu.externaltools.gnu-tools-for-stm32.12.3.rel1.macos64_1.1.0.202410301201/tools/bin/../lib/gcc/arm-none-eabi/12.3.1/../../../../arm-none-eabi/lib/thumb/v7e-m+fp/hard/libc_nano.a(libc_a-nano-vfprintf.o)
                0x08004170                _vfiprintf_r
                0x08004170                _vfprintf_r
 .text._printf_common
                0x080043a0       0xda /Applications/STM32CubeIDE.app/Contents/Eclipse/plugins/com.st.stm32cube.ide.mcu.externaltools.gnu-tools-for-stm32.12.3.rel1.macos64_1.1.0.202410301201/tools/bin/../lib/gcc/arm-none-eabi/12.3.1/../../../../arm-none-eabi/lib/thumb/v7e-m+fp/hard/libc_nano.a(libc_a-nano-vfprintf_i.o)
                0x080043a0                _printf_common
 *fill*         0x0800447a        0x2 
 .text._printf_i
                0x0800447c      0x240 /Applications/STM32CubeIDE.app/Contents/Eclipse/plugins/com.st.stm32cube.ide.mcu.externaltools.gnu-tools-for-stm32.12.3.rel1.macos64_1.1.0.202410301201/tools/bin/../lib/gcc/arm-none-eabi/12.3.1/../../../../arm-none-eabi/lib/thumb/v7e-m+fp/hard/libc_nano.a(libc_a-nano-vfprintf_i.o)
                0x0800447c                _printf_i
 .text.__sflush_r
                0x080046bc      0x108 /Applications/STM32CubeIDE.app/Contents/Eclipse/plugins/com.st.stm32cube.ide.mcu.externaltools.gnu-tools-for-stm32.12.3.rel1.macos64_1.1.0.202410301201/tools/bin/../lib/gcc/arm-none-eabi/12.3.1/../../../../arm-none-eabi/lib/thumb/v7e-m+fp/hard/libc_nano.a(libc_a-fflush.o)
                0x080046bc                __sflush_r
 .text._fflush_r
                0x080047c4       0x50 /Applications/STM32CubeIDE.app/Contents/Eclipse/plugins/com.st.stm32cube.ide.mcu.externaltools.gnu-tools-for-stm32.12.3.rel1.macos64_1.1.0.202410301201/tools/bin/../lib/gcc/arm-none-eabi/12.3.1/../../../../arm-none-eabi/lib/thumb/v7e-m+fp/hard/libc_nano.a(libc_a-fflush.o)
                0x080047c4                _fflush_r
 .text.__sread  0x08004814       0x22 /Applications/STM32CubeIDE.app/Contents/Eclipse/plugins/com.st.stm32cube.ide.mcu.externaltools.gnu-tools-for-stm32.12.3.rel1.macos64_1.1.0.202410301201/tools/bin/../lib/gcc/arm-none-eabi/12.3.1/../../../../arm-none-eabi/lib/thumb/v7e-m+fp/hard/libc_nano.a(libc_a-stdio.o)
                0x08004814                __sread
 .text.__swrite
                0x08004836       0x38 /Applications/STM32CubeIDE.app/Contents/Eclipse/plugins/com.st.stm32cube.ide.mcu.externaltools.gnu-tools-for-stm32.12.3.rel1.macos64_1.1.0.202410301201/tools/bin/../lib/gcc/arm-none-eabi/12.3.1/../../../../arm-none-eabi/lib/thumb/v7e-m+fp/hard/libc_nano.a(libc_a-stdio.o)
                0x08004836                __swrite
 .text.__sseek  0x0800486e       0x24 /Applications/STM32CubeIDE.app/Contents/Eclipse/plugins/com.st.stm32cube.ide.mcu.externaltools.gnu-tools-for-stm32.12.3.rel1.macos64_1.1.0.202410301201/tools/bin/../lib/gcc/arm-none-eabi/12.3.1/../../../../arm-none-eabi/lib/thumb/v7e-m+fp/hard/libc_nano.a(libc_a-stdio.o)
                0x0800486e                __sseek
 .text.__sclose
                0x08004892        0x8 /Applications/STM32CubeIDE.app/Contents/Eclipse/plugins/com.st.stm32cube.ide.mcu.externaltools.gnu-tools-for-stm32.12.3.rel1.macos64_1.1.0.202410301201/tools/bin/../lib/gcc/arm-none-eabi/12.3.1/../../../../arm-none-eabi/lib/thumb/v7e-m+fp/hard/libc_nano.a(libc_a-stdio.o)
                0x08004892                __sclose
 .text._realloc_r
                0x0800489a       0x5c /Applications/STM32CubeIDE.app/Contents/Eclipse/plugins/com.st.stm32cube.ide.mcu.externaltools.gnu-tools-for-stm32.12.3.rel1.macos64_1.1.0.202410301201/tools/bin/../lib/gcc/arm-none-eabi/12.3.1/../../../../arm-none-eabi/lib/thumb/v7e-m+fp/hard/libc_nano.a(libc_a-reallocr.o)
                0x0800489a                _realloc_r
 .text.__swbuf_r
                0x080048f6       0x7c /Applications/STM32CubeIDE.app/Contents/Eclipse/plugins/com.st.stm32cube.ide.mcu.externaltools.gnu-tools-for-stm32.12.3.rel1.macos64_1.1.0.202410301201/tools/bin/../lib/gcc/arm-none-eabi/12.3.1/../../../../arm-none-eabi/lib/thumb/v7e-m+fp/hard/libc_nano.a(libc_a-wbuf.o)
                0x080048f6                __swbuf_r
 *fill*         0x08004972        0x2 
 .text.__swsetup_r
                0x08004974       0xac /Applications/STM32CubeIDE.app/Contents/Eclipse/plugins/com.st.stm32cube.ide.mcu.externaltools.gnu-tools-for-stm32.12.3.rel1.macos64_1.1.0.202410301201/tools/bin/../lib/gcc/arm-none-eabi/12.3.1/../../../../arm-none-eabi/lib/thumb/v7e-m+fp/hard/libc_nano.a(libc_a-wsetup.o)
                0x08004974                __swsetup_r
 .text.__swhatbuf_r
                0x08004a20       0x4c /Applications/STM32CubeIDE.app/Contents/Eclipse/plugins/com.st.stm32cube.ide.mcu.externaltools.gnu-tools-for-stm32.12.3.rel1.macos64_1.1.0.202410301201/tools/bin/../lib/gcc/arm-none-eabi/12.3.1/../../../../arm-none-eabi/lib/thumb/v7e-m+fp/hard/libc_nano.a(libc_a-makebuf.o)
                0x08004a20                __swhatbuf_r
 .text.__smakebuf_r
                0x08004a6c       0x78 /Applications/STM32CubeIDE.app/Contents/Eclipse/plugins/com.st.stm32cube.ide.mcu.externaltools.gnu-tools-for-stm32.12.3.rel1.macos64_1.1.0.202410301201/tools/bin/../lib/gcc/arm-none-eabi/12.3.1/../../../../arm-none-eabi/lib/thumb/v7e-m+fp/hard/libc_nano.a(libc_a-makebuf.o)
                0x08004a6c                __smakebuf_r
 .text.memmove  0x08004ae4       0x34 /Applications/STM32CubeIDE.app/Contents/Eclipse/plugins/com.st.stm32cube.ide.mcu.externaltools.gnu-tools-for-stm32.12.3.rel1.macos64_1.1.0.202410301201/tools/bin/../lib/gcc/arm-none-eabi/12.3.1/../../../../arm-none-eabi/lib/thumb/v7e-m+fp/hard/libc_nano.a(libc_a-memmove.o)
                0x08004ae4                memmove
 .text._close_r
                0x08004b18       0x20 /Applications/STM32CubeIDE.app/Contents/Eclipse/plugins/com.st.stm32cube.ide.mcu.externaltools.gnu-tools-for-stm32.12.3.rel1.macos64_1.1.0.202410301201/tools/bin/../lib/gcc/arm-none-eabi/12.3.1/../../../../arm-none-eabi/lib/thumb/v7e-m+fp/hard/libc_nano.a(libc_a-closer.o)
                0x08004b18                _close_r
 .text._fstat_r
                0x08004b38       0x24 /Applications/STM32CubeIDE.app/Contents/Eclipse/plugins/com.st.stm32cube.ide.mcu.externaltools.gnu-tools-for-stm32.12.3.rel1.macos64_1.1.0.202410301201/tools/bin/../lib/gcc/arm-none-eabi/12.3.1/../../../../arm-none-eabi/lib/thumb/v7e-m+fp/hard/libc_nano.a(libc_a-fstatr.o)
                0x08004b38                _fstat_r
 .text._isatty_r
                0x08004b5c       0x20 /Applications/STM32CubeIDE.app/Contents/Eclipse/plugins/com.st.stm32cube.ide.mcu.externaltools.gnu-tools-for-stm32.12.3.rel1.macos64_1.1.0.202410301201/tools/bin/../lib/gcc/arm-none-eabi/12.3.1/../../../../arm-none-eabi/lib/thumb/v7e-m+fp/hard/libc_nano.a(libc_a-isattyr.o)
                0x08004b5c                _isatty_r
 .text._lseek_r
                0x08004b7c       0x24 /Applications/STM32CubeIDE.app/Contents/Eclipse/plugins/com.st.stm32cube.ide.mcu.externaltools.gnu-tools-for-stm32.12.3.rel1.macos64_1.1.0.202410301201/tools/bin/../lib/gcc/arm-none-eabi/12.3.1/../../../../arm-none-eabi/lib/thumb/v7e-m+fp/hard/libc_nano.a(libc_a-lseekr.o)
                0x08004b7c                _lseek_r
 .text._read_r  0x08004ba0       0x24 /Applications/STM32CubeIDE.app/Contents/Eclipse/plugins/com.st.stm32cube.ide.mcu.externaltools.gnu-tools-for-stm32.12.3.rel1.macos64_1.1.0.202410301201/tools/bin/../lib/gcc/arm-none-eabi/12.3.1/../../../../arm-none-eabi/lib/thumb/v7e-m+fp/hard/libc_nano.a(libc_a-readr.o)
                0x08004ba0                _read_r
 .text._write_r
                0x08004bc4       0x24 /Applications/STM32CubeIDE.app/Contents/Eclipse/plugins/com.st.stm32cube.ide.mcu.externaltools.gnu-tools-for-stm32.12.3.rel1.macos64_1.1.0.202410301201/tools/bin/../lib/gcc/arm-none-eabi/12.3.1/../../../../arm-none-eabi/lib/thumb/v7e-m+fp/hard/libc_nano.a(libc_a-writer.o)
                0x08004bc4                _write_r
 .text._malloc_usable_size_r
                0x08004be8       0x10 /Applications/STM32CubeIDE.app/Contents/Eclipse/plugins/com.st.stm32cube.ide.mcu.externaltools.gnu-tools-for-stm32.12.3.rel1.macos64_1.1.0.202410301201/tools/bin/../lib/gcc/arm-none-eabi/12.3.1/../../../../arm-none-eabi/lib/thumb/v7e-m+fp/hard/libc_nano.a(libc_a-msizer.o)
                0x08004be8                _malloc_usable_size_r
 *(.glue_7)
 .glue_7        0x08004bf8        0x0 linker stubs
 *(.glue_7t)
 .glue_7t       0x08004bf8        0x0 linker stubs
 *(.eh_frame)
 .eh_frame      0x08004bf8        0x0 /Applications/STM32CubeIDE.app/Contents/Eclipse/plugins/com.st.stm32cube.ide.mcu.externaltools.gnu-tools-for-stm32.12.3.rel1.macos64_1.1.0.202410301201/tools/bin/../lib/gcc/arm-none-eabi/12.3.1/thumb/v7e-m+fp/hard/crtbegin.o
 *(.init)
 .init          0x08004bf8        0x4 /Applications/STM32CubeIDE.app/Contents/Eclipse/plugins/com.st.stm32cube.ide.mcu.externaltools.gnu-tools-for-stm32.12.3.rel1.macos64_1.1.0.202410301201/tools/bin/../lib/gcc/arm-none-eabi/12.3.1/thumb/v7e-m+fp/hard/crti.o
                0x08004bf8                _init
 .init          0x08004bfc        0x8 /Applications/STM32CubeIDE.app/Contents/Eclipse/plugins/com.st.stm32cube.ide.mcu.externaltools.gnu-tools-for-stm32.12.3.rel1.macos64_1.1.0.202410301201/tools/bin/../lib/gcc/arm-none-eabi/12.3.1/thumb/v7e-m+fp/hard/crtn.o
 *(.fini)
 .fini          0x08004c04        0x4 /Applications/STM32CubeIDE.app/Contents/Eclipse/plugins/com.st.stm32cube.ide.mcu.externaltools.gnu-tools-for-stm32.12.3.rel1.macos64_1.1.0.202410301201/tools/bin/../lib/gcc/arm-none-eabi/12.3.1/thumb/v7e-m+fp/hard/crti.o
                0x08004c04                _fini
 .fini          0x08004c08        0x8 /Applications/STM32CubeIDE.app/Contents/Eclipse/plugins/com.st.stm32cube.ide.mcu.externaltools.gnu-tools-for-stm32.12.3.rel1.macos64_1.1.0.202410301201/tools/bin/../lib/gcc/arm-none-eabi/12.3.1/thumb/v7e-m+fp/hard/crtn.o
                0x08004c10                        . = ALIGN (0x4)
                0x08004c10                        _etext = .

.vfp11_veneer   0x08004c10        0x0
 .vfp11_veneer  0x08004c10        0x0 linker stubs

.v4_bx          0x08004c10        0x0
 .v4_bx         0x08004c10        0x0 linker stubs

.iplt           0x08004c10        0x0
 .iplt          0x08004c10        0x0 /Applications/STM32CubeIDE.app/Contents/Eclipse/plugins/com.st.stm32cube.ide.mcu.externaltools.gnu-tools-for-stm32.12.3.rel1.macos64_1.1.0.202410301201/tools/bin/../lib/gcc/arm-none-eabi/12.3.1/thumb/v7e-m+fp/hard/crtbegin.o

.rodata         0x08004c10      0x40c
                0x08004c10                        . = ALIGN (0x4)
 *(.rodata)
 .rodata        0x08004c10       0x36 ./Core/Src/ble.o
 *fill*         0x08004c46        0x2 
 .rodata        0x08004c48      0x19b ./Core/Src/lsm6dsl.o
 *fill*         0x08004de3        0x1 
 .rodata        0x08004de4      0x1c4 ./Core/Src/main.o
 *(.rodata*)
 .rodata.AHBPrescTable
                0x08004fa8       0x10 ./Core/Src/system_stm32l4xx.o
                0x08004fa8                AHBPrescTable
 .rodata.MSIRangeTable
                0x08004fb8       0x30 ./Core/Src/system_stm32l4xx.o
                0x08004fb8                MSIRangeTable
 .rodata._svfprintf_r.str1.1
                0x08004fe8       0x11 /Applications/STM32CubeIDE.app/Contents/Eclipse/plugins/com.st.stm32cube.ide.mcu.externaltools.gnu-tools-for-stm32.12.3.rel1.macos64_1.1.0.202410301201/tools/bin/../lib/gcc/arm-none-eabi/12.3.1/../../../../arm-none-eabi/lib/thumb/v7e-m+fp/hard/libc_nano.a(libc_a-nano-svfprintf.o)
 .rodata._vfprintf_r.str1.1
                0x08004ff9       0x11 /Applications/STM32CubeIDE.app/Contents/Eclipse/plugins/com.st.stm32cube.ide.mcu.externaltools.gnu-tools-for-stm32.12.3.rel1.macos64_1.1.0.202410301201/tools/bin/../lib/gcc/arm-none-eabi/12.3.1/../../../../arm-none-eabi/lib/thumb/v7e-m+fp/hard/libc_nano.a(libc_a-nano-vfprintf.o)
 .rodata._printf_i.str1.1
                0x08004ff9       0x22 /Applications/STM32CubeIDE.app/Contents/Eclipse/plugins/com.st.stm32cube.ide.mcu.externaltools.gnu-tools-for-stm32.12.3.rel1.macos64_1.1.0.202410301201/tools/bin/../lib/gcc/arm-none-eabi/12.3.1/../../../../arm-none-eabi/lib/thumb/v7e-m+fp/hard/libc_nano.a(libc_a-nano-vfprintf_i.o)
                0x0800501c                        . = ALIGN (0x4)
 *fill*         0x0800501b        0x1 

.ARM.extab      0x0800501c        0x0
                0x0800501c                        . = ALIGN (0x4)
 *(.ARM.extab* .gnu.linkonce.armextab.*)
                0x0800501c                        . = ALIGN (0x4)

.ARM            0x0800501c        0x8
                0x0800501c                        . = ALIGN (0x4)
                0x0800501c                        __exidx_start = .
 *(.ARM.exidx*)
 .ARM.exidx     0x0800501c        0x8 /Applications/STM32CubeIDE.app/Contents/Eclipse/plugins/com.st.stm32cube.ide.mcu.externaltools.gnu-tools-for-stm32.12.3.rel1.macos64_1.1.0.202410301201/tools/bin/../lib/gcc/arm-none-eabi/12.3.1/../../../../arm-none-eabi/lib/thumb/v7e-m+fp/hard/libc_nano.a(libc_a-strlen.o)
 .ARM.exidx     0x08005024        0x0 /Applications/STM32CubeIDE.app/Contents/Eclipse/plugins/com.st.stm32cube.ide.mcu.externaltools.gnu-tools-for-stm32.12.3.rel1.macos64_1.1.0.202410301201/tools/bin/../lib/gcc/arm-none-eabi/12.3.1/../../../../arm-none-eabi/lib/thumb/v7e-m+fp/hard/libc_nano.a(libc_a-memchr.o)
                                  0x8 (size before relaxing)
                0x08005024                        __exidx_end = .
                0x08005024                        . = ALIGN (0x4)

.rel.dyn        0x08005024        0x0
 .rel.iplt      0x08005024        0x0 /Applications/STM32CubeIDE.app/Contents/Eclipse/plugins/com.st.stm32cube.ide.mcu.externaltools.gnu-tools-for-stm32.12.3.rel1.macos64_1.1.0.202410301201/tools/bin/../lib/gcc/arm-none-eabi/12.3.1/thumb/v7e-m+fp/hard/crtbegin.o

.preinit_array  0x08005024        0x0
                0x08005024                        . = ALIGN (0x4)
                0x08005024                        PROVIDE (__preinit_array_start = .)
 *(.preinit_array*)
                0x08005024                        PROVIDE (__preinit_array_end = .)
                0x08005024                        . = ALIGN (0x4)

.init_array     0x08005024        0x4
                0x08005024                        . = ALIGN (0x4)
                0x08005024                        PROVIDE (__init_array_start = .)
 *(SORT_BY_NAME(.init_array.*))
 *(.init_array*)
 .init_array    0x08005024        0x4 /Applications/STM32CubeIDE.app/Contents/Eclipse/plugins/com.st.stm32cube.ide.mcu.externaltools.gnu-tools-for-stm32.12.3.rel1.macos64_1.1.0.202410301201/tools/bin/../lib/gcc/arm-none-eabi/12.3.1/thumb/v7e-m+fp/hard/crtbegin.o
                0x08005028                        PROVIDE (__init_array_end = .)
                0x08005028                        . = ALIGN (0x4)

.fini_array     0x08005028        0x4
                0x08005028                        . = ALIGN (0x4)
                [!provide]                        PROVIDE (__fini_array_start = .)
 *(SORT_BY_NAME(.fini_array.*))
 *(.fini_array*)
 .fini_array    0x08005028        0x4 /Applications/STM32CubeIDE.app/Contents/Eclipse/plugins/com.st.stm32cube.ide.mcu.externaltools.gnu-tools-for-stm32.12.3.rel1.macos64_1.1.0.202410301201/tools/bin/../lib/gcc/arm-none-eabi/12.3.1/thumb/v7e-m+fp/hard/crtbegin.o
                [!provide]                        PROVIDE (__fini_array_end = .)
                0x0800502c                        . = ALIGN (0x4)
                0x0800502c                        _sidata = LOADADDR (.data)

.data           0x20000000      0x1ac load address 0x0800502c
                0x20000000                        . = ALIGN (0x4)
                0x20000000                        _sdata = .
 *(.data)
 *(.data*)
 .data.EVENT_STATUP_DATA
                0x20000000        0x6 ./Core/Src/ble.o
                0x20000000                EVENT_STATUP_DATA
 *fill*         0x20000006        0x2 
 .data.ACI_GATT_INIT
                0x20000008        0x4 ./Core/Src/ble.o
                0x20000008                ACI_GATT_INIT
 .data.ACI_GATT_INIT_COMPLETE
                0x2000000c        0x7 ./Core/Src/ble.o
                0x2000000c                ACI_GATT_INIT_COMPLETE
 *fill*         0x20000013        0x1 
 .data.ACI_GAP_INIT
                0x20000014        0x7 ./Core/Src/ble.o
                0x20000014                ACI_GAP_INIT
 *fill*         0x2000001b        0x1 
 .data.ACI_GAP_INIT_COMPLETE
                0x2000001c        0x7 ./Core/Src/ble.o
                0x2000001c                ACI_GAP_INIT_COMPLETE
 *fill*         0x20000023        0x1 
 .data.ACI_GAP_SET_AUTH
                0x20000024       0x10 ./Core/Src/ble.o
                0x20000024                ACI_GAP_SET_AUTH
 .data.ACI_GAP_SET_AUTH_RESP
                0x20000034        0x7 ./Core/Src/ble.o
                0x20000034                ACI_GAP_SET_AUTH_RESP
 *fill*         0x2000003b        0x1 
 .data.ACI_HAL_SET_TX_POWER_LEVEL
                0x2000003c        0x6 ./Core/Src/ble.o
                0x2000003c                ACI_HAL_SET_TX_POWER_LEVEL
 *fill*         0x20000042        0x2 
 .data.ACI_HAL_SET_TX_POWER_LEVEL_COMPLETE
                0x20000044        0x7 ./Core/Src/ble.o
                0x20000044                ACI_HAL_SET_TX_POWER_LEVEL_COMPLETE
 *fill*         0x2000004b        0x1 
 .data.HCI_LE_SET_SCAN_RESPONSE_DATA
                0x2000004c       0x24 ./Core/Src/ble.o
                0x2000004c                HCI_LE_SET_SCAN_RESPONSE_DATA
 .data.HCI_LE_SET_SCAN_RESPONSE_DATA_COMPLETE
                0x20000070        0x7 ./Core/Src/ble.o
                0x20000070                HCI_LE_SET_SCAN_RESPONSE_DATA_COMPLETE
 *fill*         0x20000077        0x1 
 .data.ACI_GAP_SET_DISCOVERABLE
                0x20000078        0xd ./Core/Src/ble.o
                0x20000078                ACI_GAP_SET_DISCOVERABLE
 *fill*         0x20000085        0x3 
 .data.ACI_GAP_SET_DISCOVERABLE_COMPLETE
                0x20000088        0x7 ./Core/Src/ble.o
                0x20000088                ACI_GAP_SET_DISCOVERABLE_COMPLETE
 *fill*         0x2000008f        0x1 
 .data.ADD_PRIMARY_SERVICE
                0x20000090       0x17 ./Core/Src/ble.o
                0x20000090                ADD_PRIMARY_SERVICE
 *fill*         0x200000a7        0x1 
 .data.ADD_PRIMARY_SERVICE_COMPLETE
                0x200000a8        0x7 ./Core/Src/ble.o
                0x200000a8                ADD_PRIMARY_SERVICE_COMPLETE
 *fill*         0x200000af        0x1 
 .data.ADD_CUSTOM_CHAR
                0x200000b0       0x1e ./Core/Src/ble.o
                0x200000b0                ADD_CUSTOM_CHAR
 *fill*         0x200000ce        0x2 
 .data.ADD_CUSTOM_CHAR_COMPLETE
                0x200000d0        0x7 ./Core/Src/ble.o
                0x200000d0                ADD_CUSTOM_CHAR_COMPLETE
 *fill*         0x200000d7        0x1 
 .data.UPDATE_CHAR
                0x200000d8        0xf ./Core/Src/ble.o
                0x200000d8                UPDATE_CHAR
 *fill*         0x200000e7        0x1 
 .data.DISCONNECT
                0x200000e8        0x7 ./Core/Src/ble.o
                0x200000e8                DISCONNECT
 *fill*         0x200000ef        0x1 
 .data.EVENT_DISCONNECTED
                0x200000f0        0x4 ./Core/Src/ble.o
                0x200000f0                EVENT_DISCONNECTED
 .data.EVENT_DISCONNECT_PENDING
                0x200000f4        0x7 ./Core/Src/ble.o
                0x200000f4                EVENT_DISCONNECT_PENDING
 *fill*         0x200000fb        0x1 
 .data.ACI_GAP_SET_NON_DISCOVERABLE
                0x200000fc        0x4 ./Core/Src/ble.o
                0x200000fc                ACI_GAP_SET_NON_DISCOVERABLE
 .data.ACI_GAP_SET_NON_DISCOVERABLE_COMPLETE
                0x20000100        0x7 ./Core/Src/ble.o
                0x20000100                ACI_GAP_SET_NON_DISCOVERABLE_COMPLETE
 *fill*         0x20000107        0x1 
 .data.deviceName
                0x20000108        0x7 ./Core/Src/ble.o
                0x20000108                deviceName
 *fill*         0x2000010f        0x1 
 .data.UUID_NORDIC_UART_SERVICE
                0x20000110       0x10 ./Core/Src/ble.o
                0x20000110                UUID_NORDIC_UART_SERVICE
 .data.UUID_CHAR_WRITE
                0x20000120       0x10 ./Core/Src/ble.o
                0x20000120                UUID_CHAR_WRITE
 .data.UUID_CHAR_READ
                0x20000130       0x10 ./Core/Src/ble.o
                0x20000130                UUID_CHAR_READ
 .data.connectionHandler
                0x20000140        0x4 ./Core/Src/ble.o
                0x20000140                connectionHandler
 .data.SystemCoreClock
                0x20000144        0x4 ./Core/Src/system_stm32l4xx.o
                0x20000144                SystemCoreClock
 .data.uwTickPrio
                0x20000148        0x4 ./Drivers/STM32L4xx_HAL_Driver/Src/stm32l4xx_hal.o
                0x20000148                uwTickPrio
 .data.uwTickFreq
                0x2000014c        0x1 ./Drivers/STM32L4xx_HAL_Driver/Src/stm32l4xx_hal.o
                0x2000014c                uwTickFreq
 *fill*         0x2000014d        0x3 
 .data.__sglue  0x20000150        0xc /Applications/STM32CubeIDE.app/Contents/Eclipse/plugins/com.st.stm32cube.ide.mcu.externaltools.gnu-tools-for-stm32.12.3.rel1.macos64_1.1.0.202410301201/tools/bin/../lib/gcc/arm-none-eabi/12.3.1/../../../../arm-none-eabi/lib/thumb/v7e-m+fp/hard/libc_nano.a(libc_a-findfp.o)
                0x20000150                __sglue
 .data._impure_ptr
                0x2000015c        0x4 /Applications/STM32CubeIDE.app/Contents/Eclipse/plugins/com.st.stm32cube.ide.mcu.externaltools.gnu-tools-for-stm32.12.3.rel1.macos64_1.1.0.202410301201/tools/bin/../lib/gcc/arm-none-eabi/12.3.1/../../../../arm-none-eabi/lib/thumb/v7e-m+fp/hard/libc_nano.a(libc_a-impure.o)
                0x2000015c                _impure_ptr
 .data._impure_data
                0x20000160       0x4c /Applications/STM32CubeIDE.app/Contents/Eclipse/plugins/com.st.stm32cube.ide.mcu.externaltools.gnu-tools-for-stm32.12.3.rel1.macos64_1.1.0.202410301201/tools/bin/../lib/gcc/arm-none-eabi/12.3.1/../../../../arm-none-eabi/lib/thumb/v7e-m+fp/hard/libc_nano.a(libc_a-impure.o)
                0x20000160                _impure_data
 *(.RamFunc)
 *(.RamFunc*)
                0x200001ac                        . = ALIGN (0x4)
                0x200001ac                        _edata = .

.igot.plt       0x200001ac        0x0 load address 0x080051d8
 .igot.plt      0x200001ac        0x0 /Applications/STM32CubeIDE.app/Contents/Eclipse/plugins/com.st.stm32cube.ide.mcu.externaltools.gnu-tools-for-stm32.12.3.rel1.macos64_1.1.0.202410301201/tools/bin/../lib/gcc/arm-none-eabi/12.3.1/thumb/v7e-m+fp/hard/crtbegin.o
                0x200001ac                        . = ALIGN (0x4)

.bss            0x200001ac      0x310 load address 0x080051d8
                0x200001ac                        _sbss = .
                0x200001ac                        __bss_start__ = _sbss
 *(.bss)
 .bss           0x200001ac       0x1c /Applications/STM32CubeIDE.app/Contents/Eclipse/plugins/com.st.stm32cube.ide.mcu.externaltools.gnu-tools-for-stm32.12.3.rel1.macos64_1.1.0.202410301201/tools/bin/../lib/gcc/arm-none-eabi/12.3.1/thumb/v7e-m+fp/hard/crtbegin.o
 *(.bss*)
 .bss.GAP_SERVICE_HANDLE
                0x200001c8        0x2 ./Core/Src/ble.o
                0x200001c8                GAP_SERVICE_HANDLE
 *fill*         0x200001ca        0x2 
 .bss.GAP_CHAR_NAME_HANDLE
                0x200001cc        0x2 ./Core/Src/ble.o
                0x200001cc                GAP_CHAR_NAME_HANDLE
 *fill*         0x200001ce        0x2 
 .bss.GAP_CHAR_APP_HANDLE
                0x200001d0        0x2 ./Core/Src/ble.o
                0x200001d0                GAP_CHAR_APP_HANDLE
 *fill*         0x200001d2        0x2 
 .bss.buffer    0x200001d4       0xff ./Core/Src/ble.o
                0x200001d4                buffer
 *fill*         0x200002d3        0x1 
 .bss.NORDIC_UART_SERVICE_HANDLE
                0x200002d4        0x2 ./Core/Src/ble.o
                0x200002d4                NORDIC_UART_SERVICE_HANDLE
 *fill*         0x200002d6        0x2 
 .bss.WRITE_CHAR_HANDLE
                0x200002d8        0x2 ./Core/Src/ble.o
                0x200002d8                WRITE_CHAR_HANDLE
 *fill*         0x200002da        0x2 
 .bss.READ_CHAR_HANDLE
                0x200002dc        0x2 ./Core/Src/ble.o
                0x200002dc                READ_CHAR_HANDLE
 .bss.stackInitCompleteFlag
                0x200002de        0x2 ./Core/Src/ble.o
                0x200002de                stackInitCompleteFlag
 .bss.rxEvent   0x200002e0        0x4 ./Core/Src/ble.o
                0x200002e0                rxEvent
 .bss.hspi3     0x200002e4       0x64 ./Core/Src/main.o
                0x200002e4                hspi3
 .bss.dataAvailable
                0x20000348        0x4 ./Core/Src/main.o
                0x20000348                dataAvailable
 .bss.static_count
                0x2000034c        0x4 ./Core/Src/main.o
                0x2000034c                static_count
 .bss.lost_mode
                0x20000350        0x1 ./Core/Src/main.o
                0x20000350                lost_mode
 *fill*         0x20000351        0x3 
 .bss.message_timer
                0x20000354        0x4 ./Core/Src/main.o
                0x20000354                message_timer
 .bss.lost_seconds
                0x20000358        0x4 ./Core/Src/main.o
                0x20000358                lost_seconds
 .bss.ax        0x2000035c        0x2 ./Core/Src/main.o
                0x2000035c                ax
 .bss.ay        0x2000035e        0x2 ./Core/Src/main.o
                0x2000035e                ay
 .bss.az        0x20000360        0x2 ./Core/Src/main.o
                0x20000360                az
 .bss.prev_ax   0x20000362        0x2 ./Core/Src/main.o
                0x20000362                prev_ax
 .bss.prev_ay   0x20000364        0x2 ./Core/Src/main.o
                0x20000364                prev_ay
 .bss.prev_az   0x20000366        0x2 ./Core/Src/main.o
                0x20000366                prev_az
 .bss.heap_end.0
                0x20000368        0x4 ./Core/Src/syscalls.o
 .bss.uwTick    0x2000036c        0x4 ./Drivers/STM32L4xx_HAL_Driver/Src/stm32l4xx_hal.o
                0x2000036c                uwTick
 .bss.__malloc_sbrk_start
                0x20000370        0x4 /Applications/STM32CubeIDE.app/Contents/Eclipse/plugins/com.st.stm32cube.ide.mcu.externaltools.gnu-tools-for-stm32.12.3.rel1.macos64_1.1.0.202410301201/tools/bin/../lib/gcc/arm-none-eabi/12.3.1/../../../../arm-none-eabi/lib/thumb/v7e-m+fp/hard/libc_nano.a(libc_a-mallocr.o)
                0x20000370                __malloc_sbrk_start
 .bss.__malloc_free_list
                0x20000374        0x4 /Applications/STM32CubeIDE.app/Contents/Eclipse/plugins/com.st.stm32cube.ide.mcu.externaltools.gnu-tools-for-stm32.12.3.rel1.macos64_1.1.0.202410301201/tools/bin/../lib/gcc/arm-none-eabi/12.3.1/../../../../arm-none-eabi/lib/thumb/v7e-m+fp/hard/libc_nano.a(libc_a-mallocr.o)
                0x20000374                __malloc_free_list
 .bss.__sf      0x20000378      0x138 /Applications/STM32CubeIDE.app/Contents/Eclipse/plugins/com.st.stm32cube.ide.mcu.externaltools.gnu-tools-for-stm32.12.3.rel1.macos64_1.1.0.202410301201/tools/bin/../lib/gcc/arm-none-eabi/12.3.1/../../../../arm-none-eabi/lib/thumb/v7e-m+fp/hard/libc_nano.a(libc_a-findfp.o)
                0x20000378                __sf
 .bss.__stdio_exit_handler
                0x200004b0        0x4 /Applications/STM32CubeIDE.app/Contents/Eclipse/plugins/com.st.stm32cube.ide.mcu.externaltools.gnu-tools-for-stm32.12.3.rel1.macos64_1.1.0.202410301201/tools/bin/../lib/gcc/arm-none-eabi/12.3.1/../../../../arm-none-eabi/lib/thumb/v7e-m+fp/hard/libc_nano.a(libc_a-findfp.o)
                0x200004b0                __stdio_exit_handler
 .bss.__lock___malloc_recursive_mutex
                0x200004b4        0x1 /Applications/STM32CubeIDE.app/Contents/Eclipse/plugins/com.st.stm32cube.ide.mcu.externaltools.gnu-tools-for-stm32.12.3.rel1.macos64_1.1.0.202410301201/tools/bin/../lib/gcc/arm-none-eabi/12.3.1/../../../../arm-none-eabi/lib/thumb/v7e-m+fp/hard/libc_nano.a(libc_a-lock.o)
                0x200004b4                __lock___malloc_recursive_mutex
 .bss.__lock___sfp_recursive_mutex
                0x200004b5        0x1 /Applications/STM32CubeIDE.app/Contents/Eclipse/plugins/com.st.stm32cube.ide.mcu.externaltools.gnu-tools-for-stm32.12.3.rel1.macos64_1.1.0.202410301201/tools/bin/../lib/gcc/arm-none-eabi/12.3.1/../../../../arm-none-eabi/lib/thumb/v7e-m+fp/hard/libc_nano.a(libc_a-lock.o)
                0x200004b5                __lock___sfp_recursive_mutex
 *fill*         0x200004b6        0x2 
 .bss.errno     0x200004b8        0x4 /Applications/STM32CubeIDE.app/Contents/Eclipse/plugins/com.st.stm32cube.ide.mcu.externaltools.gnu-tools-for-stm32.12.3.rel1.macos64_1.1.0.202410301201/tools/bin/../lib/gcc/arm-none-eabi/12.3.1/../../../../arm-none-eabi/lib/thumb/v7e-m+fp/hard/libc_nano.a(libc_a-reent.o)
                0x200004b8                errno
 *(COMMON)
                0x200004bc                        . = ALIGN (0x4)
                0x200004bc                        _ebss = .
                0x200004bc                        __bss_end__ = _ebss

._user_heap_stack
                0x200004bc      0x604 load address 0x080051d8
                0x200004c0                        . = ALIGN (0x8)
 *fill*         0x200004bc        0x4 
                0x200004c0                        PROVIDE (end = .)
                [!provide]                        PROVIDE (_end = .)
                0x200006c0                        . = (. + _Min_Heap_Size)
 *fill*         0x200004c0      0x200 
                0x20000ac0                        . = (. + _Min_Stack_Size)
 *fill*         0x200006c0      0x400 
                0x20000ac0                        . = ALIGN (0x8)

/DISCARD/
 libc.a(*)
 libm.a(*)
 libgcc.a(*)

.ARM.attributes
                0x00000000       0x30
 *(.ARM.attributes)
 .ARM.attributes
                0x00000000       0x22 /Applications/STM32CubeIDE.app/Contents/Eclipse/plugins/com.st.stm32cube.ide.mcu.externaltools.gnu-tools-for-stm32.12.3.rel1.macos64_1.1.0.202410301201/tools/bin/../lib/gcc/arm-none-eabi/12.3.1/thumb/v7e-m+fp/hard/crti.o
 .ARM.attributes
                0x00000022       0x34 /Applications/STM32CubeIDE.app/Contents/Eclipse/plugins/com.st.stm32cube.ide.mcu.externaltools.gnu-tools-for-stm32.12.3.rel1.macos64_1.1.0.202410301201/tools/bin/../lib/gcc/arm-none-eabi/12.3.1/thumb/v7e-m+fp/hard/crtbegin.o
 .ARM.attributes
                0x00000056       0x34 ./Core/Src/ble.o
 .ARM.attributes
                0x0000008a       0x34 ./Core/Src/i2c.o
 .ARM.attributes
                0x000000be       0x34 ./Core/Src/leds.o
 .ARM.attributes
                0x000000f2       0x34 ./Core/Src/lsm6dsl.o
 .ARM.attributes
                0x00000126       0x34 ./Core/Src/main.o
 .ARM.attributes
                0x0000015a       0x34 ./Core/Src/rtc.o
 .ARM.attributes
                0x0000018e       0x34 ./Core/Src/stm32l4xx_hal_msp.o
 .ARM.attributes
                0x000001c2       0x34 ./Core/Src/stm32l4xx_it.o
 .ARM.attributes
                0x000001f6       0x34 ./Core/Src/syscalls.o
 .ARM.attributes
                0x0000022a       0x34 ./Core/Src/system_stm32l4xx.o
 .ARM.attributes
                0x0000025e       0x34 ./Core/Src/timer.o
 .ARM.attributes
                0x00000292       0x21 ./Core/Startup/startup_stm32l475vgtx.o
 .ARM.attributes
                0x000002b3       0x34 ./Drivers/STM32L4xx_HAL_Driver/Src/stm32l4xx_hal.o
 .ARM.attributes
                0x000002e7       0x34 ./Drivers/STM32L4xx_HAL_Driver/Src/stm32l4xx_hal_cortex.o
 .ARM.attributes
                0x0000031b       0x34 ./Drivers/STM32L4xx_HAL_Driver/Src/stm32l4xx_hal_gpio.o
 .ARM.attributes
                0x0000034f       0x34 ./Drivers/STM32L4xx_HAL_Driver/Src/stm32l4xx_hal_pwr_ex.o
 .ARM.attributes
                0x00000383       0x34 ./Drivers/STM32L4xx_HAL_Driver/Src/stm32l4xx_hal_rcc.o
 .ARM.attributes
                0x000003b7       0x34 ./Drivers/STM32L4xx_HAL_Driver/Src/stm32l4xx_hal_spi.o
 .ARM.attributes
                0x000003eb       0x34 /Applications/STM32CubeIDE.app/Contents/Eclipse/plugins/com.st.stm32cube.ide.mcu.externaltools.gnu-tools-for-stm32.12.3.rel1.macos64_1.1.0.202410301201/tools/bin/../lib/gcc/arm-none-eabi/12.3.1/../../../../arm-none-eabi/lib/thumb/v7e-m+fp/hard/libc_nano.a(libc_a-malloc.o)
 .ARM.attributes
                0x0000041f       0x34 /Applications/STM32CubeIDE.app/Contents/Eclipse/plugins/com.st.stm32cube.ide.mcu.externaltools.gnu-tools-for-stm32.12.3.rel1.macos64_1.1.0.202410301201/tools/bin/../lib/gcc/arm-none-eabi/12.3.1/../../../../arm-none-eabi/lib/thumb/v7e-m+fp/hard/libc_nano.a(libc_a-mallocr.o)
 .ARM.attributes
                0x00000453       0x34 /Applications/STM32CubeIDE.app/Contents/Eclipse/plugins/com.st.stm32cube.ide.mcu.externaltools.gnu-tools-for-stm32.12.3.rel1.macos64_1.1.0.202410301201/tools/bin/../lib/gcc/arm-none-eabi/12.3.1/../../../../arm-none-eabi/lib/thumb/v7e-m+fp/hard/libc_nano.a(libc_a-snprintf.o)
 .ARM.attributes
                0x00000487       0x34 /Applications/STM32CubeIDE.app/Contents/Eclipse/plugins/com.st.stm32cube.ide.mcu.externaltools.gnu-tools-for-stm32.12.3.rel1.macos64_1.1.0.202410301201/tools/bin/../lib/gcc/arm-none-eabi/12.3.1/../../../../arm-none-eabi/lib/thumb/v7e-m+fp/hard/libc_nano.a(libc_a-mlock.o)
 .ARM.attributes
                0x000004bb       0x34 /Applications/STM32CubeIDE.app/Contents/Eclipse/plugins/com.st.stm32cube.ide.mcu.externaltools.gnu-tools-for-stm32.12.3.rel1.macos64_1.1.0.202410301201/tools/bin/../lib/gcc/arm-none-eabi/12.3.1/../../../../arm-none-eabi/lib/thumb/v7e-m+fp/hard/libc_nano.a(libc_a-findfp.o)
 .ARM.attributes
                0x000004ef       0x34 /Applications/STM32CubeIDE.app/Contents/Eclipse/plugins/com.st.stm32cube.ide.mcu.externaltools.gnu-tools-for-stm32.12.3.rel1.macos64_1.1.0.202410301201/tools/bin/../lib/gcc/arm-none-eabi/12.3.1/../../../../arm-none-eabi/lib/thumb/v7e-m+fp/hard/libc_nano.a(libc_a-fwalk.o)
 .ARM.attributes
                0x00000523       0x34 /Applications/STM32CubeIDE.app/Contents/Eclipse/plugins/com.st.stm32cube.ide.mcu.externaltools.gnu-tools-for-stm32.12.3.rel1.macos64_1.1.0.202410301201/tools/bin/../lib/gcc/arm-none-eabi/12.3.1/../../../../arm-none-eabi/lib/thumb/v7e-m+fp/hard/libc_nano.a(libc_a-printf.o)
 .ARM.attributes
                0x00000557       0x34 /Applications/STM32CubeIDE.app/Contents/Eclipse/plugins/com.st.stm32cube.ide.mcu.externaltools.gnu-tools-for-stm32.12.3.rel1.macos64_1.1.0.202410301201/tools/bin/../lib/gcc/arm-none-eabi/12.3.1/../../../../arm-none-eabi/lib/thumb/v7e-m+fp/hard/libc_nano.a(libc_a-puts.o)
 .ARM.attributes
                0x0000058b       0x34 /Applications/STM32CubeIDE.app/Contents/Eclipse/plugins/com.st.stm32cube.ide.mcu.externaltools.gnu-tools-for-stm32.12.3.rel1.macos64_1.1.0.202410301201/tools/bin/../lib/gcc/arm-none-eabi/12.3.1/../../../../arm-none-eabi/lib/thumb/v7e-m+fp/hard/libc_nano.a(libc_a-memset.o)
 .ARM.attributes
                0x000005bf       0x34 /Applications/STM32CubeIDE.app/Contents/Eclipse/plugins/com.st.stm32cube.ide.mcu.externaltools.gnu-tools-for-stm32.12.3.rel1.macos64_1.1.0.202410301201/tools/bin/../lib/gcc/arm-none-eabi/12.3.1/../../../../arm-none-eabi/lib/thumb/v7e-m+fp/hard/libc_nano.a(libc_a-impure.o)
 .ARM.attributes
                0x000005f3       0x34 /Applications/STM32CubeIDE.app/Contents/Eclipse/plugins/com.st.stm32cube.ide.mcu.externaltools.gnu-tools-for-stm32.12.3.rel1.macos64_1.1.0.202410301201/tools/bin/../lib/gcc/arm-none-eabi/12.3.1/../../../../arm-none-eabi/lib/thumb/v7e-m+fp/hard/libc_nano.a(libc_a-sbrkr.o)
 .ARM.attributes
                0x00000627       0x34 /Applications/STM32CubeIDE.app/Contents/Eclipse/plugins/com.st.stm32cube.ide.mcu.externaltools.gnu-tools-for-stm32.12.3.rel1.macos64_1.1.0.202410301201/tools/bin/../lib/gcc/arm-none-eabi/12.3.1/../../../../arm-none-eabi/lib/thumb/v7e-m+fp/hard/libc_nano.a(libc_a-errno.o)
 .ARM.attributes
                0x0000065b       0x34 /Applications/STM32CubeIDE.app/Contents/Eclipse/plugins/com.st.stm32cube.ide.mcu.externaltools.gnu-tools-for-stm32.12.3.rel1.macos64_1.1.0.202410301201/tools/bin/../lib/gcc/arm-none-eabi/12.3.1/../../../../arm-none-eabi/lib/thumb/v7e-m+fp/hard/libc_nano.a(libc_a-init.o)
 .ARM.attributes
                0x0000068f       0x34 /Applications/STM32CubeIDE.app/Contents/Eclipse/plugins/com.st.stm32cube.ide.mcu.externaltools.gnu-tools-for-stm32.12.3.rel1.macos64_1.1.0.202410301201/tools/bin/../lib/gcc/arm-none-eabi/12.3.1/../../../../arm-none-eabi/lib/thumb/v7e-m+fp/hard/libc_nano.a(libc_a-lock.o)
 .ARM.attributes
                0x000006c3       0x34 /Applications/STM32CubeIDE.app/Contents/Eclipse/plugins/com.st.stm32cube.ide.mcu.externaltools.gnu-tools-for-stm32.12.3.rel1.macos64_1.1.0.202410301201/tools/bin/../lib/gcc/arm-none-eabi/12.3.1/../../../../arm-none-eabi/lib/thumb/v7e-m+fp/hard/libc_nano.a(libc_a-memcpy-stub.o)
 .ARM.attributes
                0x000006f7       0x17 /Applications/STM32CubeIDE.app/Contents/Eclipse/plugins/com.st.stm32cube.ide.mcu.externaltools.gnu-tools-for-stm32.12.3.rel1.macos64_1.1.0.202410301201/tools/bin/../lib/gcc/arm-none-eabi/12.3.1/../../../../arm-none-eabi/lib/thumb/v7e-m+fp/hard/libc_nano.a(libc_a-strlen.o)
 .ARM.attributes
                0x0000070e       0x34 /Applications/STM32CubeIDE.app/Contents/Eclipse/plugins/com.st.stm32cube.ide.mcu.externaltools.gnu-tools-for-stm32.12.3.rel1.macos64_1.1.0.202410301201/tools/bin/../lib/gcc/arm-none-eabi/12.3.1/../../../../arm-none-eabi/lib/thumb/v7e-m+fp/hard/libc_nano.a(libc_a-freer.o)
 .ARM.attributes
                0x00000742       0x34 /Applications/STM32CubeIDE.app/Contents/Eclipse/plugins/com.st.stm32cube.ide.mcu.externaltools.gnu-tools-for-stm32.12.3.rel1.macos64_1.1.0.202410301201/tools/bin/../lib/gcc/arm-none-eabi/12.3.1/../../../../arm-none-eabi/lib/thumb/v7e-m+fp/hard/libc_nano.a(libc_a-nano-svfprintf.o)
 .ARM.attributes
                0x00000776       0x34 /Applications/STM32CubeIDE.app/Contents/Eclipse/plugins/com.st.stm32cube.ide.mcu.externaltools.gnu-tools-for-stm32.12.3.rel1.macos64_1.1.0.202410301201/tools/bin/../lib/gcc/arm-none-eabi/12.3.1/../../../../arm-none-eabi/lib/thumb/v7e-m+fp/hard/libc_nano.a(libc_a-nano-vfprintf.o)
 .ARM.attributes
                0x000007aa       0x34 /Applications/STM32CubeIDE.app/Contents/Eclipse/plugins/com.st.stm32cube.ide.mcu.externaltools.gnu-tools-for-stm32.12.3.rel1.macos64_1.1.0.202410301201/tools/bin/../lib/gcc/arm-none-eabi/12.3.1/../../../../arm-none-eabi/lib/thumb/v7e-m+fp/hard/libc_nano.a(libc_a-nano-vfprintf_i.o)
 .ARM.attributes
                0x000007de       0x34 /Applications/STM32CubeIDE.app/Contents/Eclipse/plugins/com.st.stm32cube.ide.mcu.externaltools.gnu-tools-for-stm32.12.3.rel1.macos64_1.1.0.202410301201/tools/bin/../lib/gcc/arm-none-eabi/12.3.1/../../../../arm-none-eabi/lib/thumb/v7e-m+fp/hard/libc_nano.a(libc_a-fflush.o)
 .ARM.attributes
                0x00000812       0x34 /Applications/STM32CubeIDE.app/Contents/Eclipse/plugins/com.st.stm32cube.ide.mcu.externaltools.gnu-tools-for-stm32.12.3.rel1.macos64_1.1.0.202410301201/tools/bin/../lib/gcc/arm-none-eabi/12.3.1/../../../../arm-none-eabi/lib/thumb/v7e-m+fp/hard/libc_nano.a(libc_a-stdio.o)
 .ARM.attributes
                0x00000846       0x34 /Applications/STM32CubeIDE.app/Contents/Eclipse/plugins/com.st.stm32cube.ide.mcu.externaltools.gnu-tools-for-stm32.12.3.rel1.macos64_1.1.0.202410301201/tools/bin/../lib/gcc/arm-none-eabi/12.3.1/../../../../arm-none-eabi/lib/thumb/v7e-m+fp/hard/libc_nano.a(libc_a-reallocr.o)
 .ARM.attributes
                0x0000087a       0x34 /Applications/STM32CubeIDE.app/Contents/Eclipse/plugins/com.st.stm32cube.ide.mcu.externaltools.gnu-tools-for-stm32.12.3.rel1.macos64_1.1.0.202410301201/tools/bin/../lib/gcc/arm-none-eabi/12.3.1/../../../../arm-none-eabi/lib/thumb/v7e-m+fp/hard/libc_nano.a(libc_a-wbuf.o)
 .ARM.attributes
                0x000008ae       0x34 /Applications/STM32CubeIDE.app/Contents/Eclipse/plugins/com.st.stm32cube.ide.mcu.externaltools.gnu-tools-for-stm32.12.3.rel1.macos64_1.1.0.202410301201/tools/bin/../lib/gcc/arm-none-eabi/12.3.1/../../../../arm-none-eabi/lib/thumb/v7e-m+fp/hard/libc_nano.a(libc_a-wsetup.o)
 .ARM.attributes
                0x000008e2       0x34 /Applications/STM32CubeIDE.app/Contents/Eclipse/plugins/com.st.stm32cube.ide.mcu.externaltools.gnu-tools-for-stm32.12.3.rel1.macos64_1.1.0.202410301201/tools/bin/../lib/gcc/arm-none-eabi/12.3.1/../../../../arm-none-eabi/lib/thumb/v7e-m+fp/hard/libc_nano.a(libc_a-makebuf.o)
 .ARM.attributes
                0x00000916       0x34 /Applications/STM32CubeIDE.app/Contents/Eclipse/plugins/com.st.stm32cube.ide.mcu.externaltools.gnu-tools-for-stm32.12.3.rel1.macos64_1.1.0.202410301201/tools/bin/../lib/gcc/arm-none-eabi/12.3.1/../../../../arm-none-eabi/lib/thumb/v7e-m+fp/hard/libc_nano.a(libc_a-memmove.o)
 .ARM.attributes
                0x0000094a       0x34 /Applications/STM32CubeIDE.app/Contents/Eclipse/plugins/com.st.stm32cube.ide.mcu.externaltools.gnu-tools-for-stm32.12.3.rel1.macos64_1.1.0.202410301201/tools/bin/../lib/gcc/arm-none-eabi/12.3.1/../../../../arm-none-eabi/lib/thumb/v7e-m+fp/hard/libc_nano.a(libc_a-closer.o)
 .ARM.attributes
                0x0000097e       0x34 /Applications/STM32CubeIDE.app/Contents/Eclipse/plugins/com.st.stm32cube.ide.mcu.externaltools.gnu-tools-for-stm32.12.3.rel1.macos64_1.1.0.202410301201/tools/bin/../lib/gcc/arm-none-eabi/12.3.1/../../../../arm-none-eabi/lib/thumb/v7e-m+fp/hard/libc_nano.a(libc_a-reent.o)
 .ARM.attributes
                0x000009b2       0x34 /Applications/STM32CubeIDE.app/Contents/Eclipse/plugins/com.st.stm32cube.ide.mcu.externaltools.gnu-tools-for-stm32.12.3.rel1.macos64_1.1.0.202410301201/tools/bin/../lib/gcc/arm-none-eabi/12.3.1/../../../../arm-none-eabi/lib/thumb/v7e-m+fp/hard/libc_nano.a(libc_a-fstatr.o)
 .ARM.attributes
                0x000009e6       0x34 /Applications/STM32CubeIDE.app/Contents/Eclipse/plugins/com.st.stm32cube.ide.mcu.externaltools.gnu-tools-for-stm32.12.3.rel1.macos64_1.1.0.202410301201/tools/bin/../lib/gcc/arm-none-eabi/12.3.1/../../../../arm-none-eabi/lib/thumb/v7e-m+fp/hard/libc_nano.a(libc_a-isattyr.o)
 .ARM.attributes
                0x00000a1a       0x34 /Applications/STM32CubeIDE.app/Contents/Eclipse/plugins/com.st.stm32cube.ide.mcu.externaltools.gnu-tools-for-stm32.12.3.rel1.macos64_1.1.0.202410301201/tools/bin/../lib/gcc/arm-none-eabi/12.3.1/../../../../arm-none-eabi/lib/thumb/v7e-m+fp/hard/libc_nano.a(libc_a-lseekr.o)
 .ARM.attributes
                0x00000a4e       0x34 /Applications/STM32CubeIDE.app/Contents/Eclipse/plugins/com.st.stm32cube.ide.mcu.externaltools.gnu-tools-for-stm32.12.3.rel1.macos64_1.1.0.202410301201/tools/bin/../lib/gcc/arm-none-eabi/12.3.1/../../../../arm-none-eabi/lib/thumb/v7e-m+fp/hard/libc_nano.a(libc_a-readr.o)
 .ARM.attributes
                0x00000a82       0x34 /Applications/STM32CubeIDE.app/Contents/Eclipse/plugins/com.st.stm32cube.ide.mcu.externaltools.gnu-tools-for-stm32.12.3.rel1.macos64_1.1.0.202410301201/tools/bin/../lib/gcc/arm-none-eabi/12.3.1/../../../../arm-none-eabi/lib/thumb/v7e-m+fp/hard/libc_nano.a(libc_a-writer.o)
 .ARM.attributes
                0x00000ab6       0x1c /Applications/STM32CubeIDE.app/Contents/Eclipse/plugins/com.st.stm32cube.ide.mcu.externaltools.gnu-tools-for-stm32.12.3.rel1.macos64_1.1.0.202410301201/tools/bin/../lib/gcc/arm-none-eabi/12.3.1/../../../../arm-none-eabi/lib/thumb/v7e-m+fp/hard/libc_nano.a(libc_a-memchr.o)
 .ARM.attributes
                0x00000ad2       0x34 /Applications/STM32CubeIDE.app/Contents/Eclipse/plugins/com.st.stm32cube.ide.mcu.externaltools.gnu-tools-for-stm32.12.3.rel1.macos64_1.1.0.202410301201/tools/bin/../lib/gcc/arm-none-eabi/12.3.1/../../../../arm-none-eabi/lib/thumb/v7e-m+fp/hard/libc_nano.a(libc_a-msizer.o)
 .ARM.attributes
                0x00000b06       0x22 /Applications/STM32CubeIDE.app/Contents/Eclipse/plugins/com.st.stm32cube.ide.mcu.externaltools.gnu-tools-for-stm32.12.3.rel1.macos64_1.1.0.202410301201/tools/bin/../lib/gcc/arm-none-eabi/12.3.1/thumb/v7e-m+fp/hard/crtn.o
OUTPUT(youlostit-ble.elf elf32-littlearm)
LOAD linker stubs
LOAD /Applications/STM32CubeIDE.app/Contents/Eclipse/plugins/com.st.stm32cube.ide.mcu.externaltools.gnu-tools-for-stm32.12.3.rel1.macos64_1.1.0.202410301201/tools/bin/../lib/gcc/arm-none-eabi/12.3.1/../../../../arm-none-eabi/lib/thumb/v7e-m+fp/hard/libc.a
LOAD /Applications/STM32CubeIDE.app/Contents/Eclipse/plugins/com.st.stm32cube.ide.mcu.externaltools.gnu-tools-for-stm32.12.3.rel1.macos64_1.1.0.202410301201/tools/bin/../lib/gcc/arm-none-eabi/12.3.1/../../../../arm-none-eabi/lib/thumb/v7e-m+fp/hard/libm.a
LOAD /Applications/STM32CubeIDE.app/Contents/Eclipse/plugins/com.st.stm32cube.ide.mcu.externaltools.gnu-tools-for-stm32.12.3.rel1.macos64_1.1.0.202410301201/tools/bin/../lib/gcc/arm-none-eabi/12.3.1/thumb/v7e-m+fp/hard/libgcc.a

.debug_info     0x00000000     0xb325
 .debug_info    0x00000000      0xfd1 ./Core/Src/ble.o
 .debug_info    0x00000fd1      0x46a ./Core/Src/i2c.o
 .debug_info    0x0000143b      0x366 ./Core/Src/leds.o
 .debug_info    0x000017a1      0x22e ./Core/Src/lsm6dsl.o
 .debug_info    0x000019cf     0x15c9 ./Core/Src/main.o
 .debug_info    0x00002f98      0x8d4 ./Core/Src/rtc.o
 .debug_info    0x0000386c     0x16ae ./Core/Src/stm32l4xx_hal_msp.o
 .debug_info    0x00004f1a      0x158 ./Core/Src/stm32l4xx_it.o
 .debug_info    0x00005072      0x715 ./Core/Src/syscalls.o
 .debug_info    0x00005787      0x5ce ./Core/Src/system_stm32l4xx.o
 .debug_info    0x00005d55      0xa76 ./Core/Src/timer.o
 .debug_info    0x000067cb       0x30 ./Core/Startup/startup_stm32l475vgtx.o
 .debug_info    0x000067fb      0xae5 ./Drivers/STM32L4xx_HAL_Driver/Src/stm32l4xx_hal.o
 .debug_info    0x000072e0      0xd46 ./Drivers/STM32L4xx_HAL_Driver/Src/stm32l4xx_hal_cortex.o
 .debug_info    0x00008026      0x757 ./Drivers/STM32L4xx_HAL_Driver/Src/stm32l4xx_hal_gpio.o
 .debug_info    0x0000877d      0x97a ./Drivers/STM32L4xx_HAL_Driver/Src/stm32l4xx_hal_pwr_ex.o
 .debug_info    0x000090f7      0xc14 ./Drivers/STM32L4xx_HAL_Driver/Src/stm32l4xx_hal_rcc.o
 .debug_info    0x00009d0b     0x161a ./Drivers/STM32L4xx_HAL_Driver/Src/stm32l4xx_hal_spi.o

.debug_abbrev   0x00000000     0x21c2
 .debug_abbrev  0x00000000      0x340 ./Core/Src/ble.o
 .debug_abbrev  0x00000340      0x139 ./Core/Src/i2c.o
 .debug_abbrev  0x00000479       0xdf ./Core/Src/leds.o
 .debug_abbrev  0x00000558      0x10b ./Core/Src/lsm6dsl.o
 .debug_abbrev  0x00000663      0x3c0 ./Core/Src/main.o
 .debug_abbrev  0x00000a23      0x169 ./Core/Src/rtc.o
 .debug_abbrev  0x00000b8c      0x251 ./Core/Src/stm32l4xx_hal_msp.o
 .debug_abbrev  0x00000ddd       0xb3 ./Core/Src/stm32l4xx_it.o
 .debug_abbrev  0x00000e90      0x1ca ./Core/Src/syscalls.o
 .debug_abbrev  0x0000105a      0x13f ./Core/Src/system_stm32l4xx.o
 .debug_abbrev  0x00001199      0x1a3 ./Core/Src/timer.o
 .debug_abbrev  0x0000133c       0x24 ./Core/Startup/startup_stm32l475vgtx.o
 .debug_abbrev  0x00001360      0x242 ./Drivers/STM32L4xx_HAL_Driver/Src/stm32l4xx_hal.o
 .debug_abbrev  0x000015a2      0x327 ./Drivers/STM32L4xx_HAL_Driver/Src/stm32l4xx_hal_cortex.o
 .debug_abbrev  0x000018c9      0x1cb ./Drivers/STM32L4xx_HAL_Driver/Src/stm32l4xx_hal_gpio.o
 .debug_abbrev  0x00001a94      0x1f9 ./Drivers/STM32L4xx_HAL_Driver/Src/stm32l4xx_hal_pwr_ex.o
 .debug_abbrev  0x00001c8d      0x2cb ./Drivers/STM32L4xx_HAL_Driver/Src/stm32l4xx_hal_rcc.o
 .debug_abbrev  0x00001f58      0x26a ./Drivers/STM32L4xx_HAL_Driver/Src/stm32l4xx_hal_spi.o

.debug_aranges  0x00000000      0xa08
 .debug_aranges
                0x00000000       0x80 ./Core/Src/ble.o
 .debug_aranges
                0x00000080       0x28 ./Core/Src/i2c.o
 .debug_aranges
                0x000000a8       0x28 ./Core/Src/leds.o
 .debug_aranges
                0x000000d0       0x38 ./Core/Src/lsm6dsl.o
 .debug_aranges
                0x00000108       0x60 ./Core/Src/main.o
 .debug_aranges
                0x00000168       0x38 ./Core/Src/rtc.o
 .debug_aranges
                0x000001a0       0x68 ./Core/Src/stm32l4xx_hal_msp.o
 .debug_aranges
                0x00000208       0x68 ./Core/Src/stm32l4xx_it.o
 .debug_aranges
                0x00000270       0xb0 ./Core/Src/syscalls.o
 .debug_aranges
                0x00000320       0x28 ./Core/Src/system_stm32l4xx.o
 .debug_aranges
                0x00000348       0x40 ./Core/Src/timer.o
 .debug_aranges
                0x00000388       0x28 ./Core/Startup/startup_stm32l475vgtx.o
 .debug_aranges
                0x000003b0      0x130 ./Drivers/STM32L4xx_HAL_Driver/Src/stm32l4xx_hal.o
 .debug_aranges
                0x000004e0      0x118 ./Drivers/STM32L4xx_HAL_Driver/Src/stm32l4xx_hal_cortex.o
 .debug_aranges
                0x000005f8       0x58 ./Drivers/STM32L4xx_HAL_Driver/Src/stm32l4xx_hal_gpio.o
 .debug_aranges
                0x00000650      0x150 ./Drivers/STM32L4xx_HAL_Driver/Src/stm32l4xx_hal_pwr_ex.o
 .debug_aranges
                0x000007a0       0x90 ./Drivers/STM32L4xx_HAL_Driver/Src/stm32l4xx_hal_rcc.o
 .debug_aranges
                0x00000830      0x1d8 ./Drivers/STM32L4xx_HAL_Driver/Src/stm32l4xx_hal_spi.o

.debug_rnglists
                0x00000000      0x76d
 .debug_rnglists
                0x00000000       0x64 ./Core/Src/ble.o
 .debug_rnglists
                0x00000064       0x1b ./Core/Src/i2c.o
 .debug_rnglists
                0x0000007f       0x1a ./Core/Src/leds.o
 .debug_rnglists
                0x00000099       0x27 ./Core/Src/lsm6dsl.o
 .debug_rnglists
                0x000000c0       0x47 ./Core/Src/main.o
 .debug_rnglists
                0x00000107       0x27 ./Core/Src/rtc.o
 .debug_rnglists
                0x0000012e       0x4b ./Core/Src/stm32l4xx_hal_msp.o
 .debug_rnglists
                0x00000179       0x49 ./Core/Src/stm32l4xx_it.o
 .debug_rnglists
                0x000001c2       0x7f ./Core/Src/syscalls.o
 .debug_rnglists
                0x00000241       0x1a ./Core/Src/system_stm32l4xx.o
 .debug_rnglists
                0x0000025b       0x2b ./Core/Src/timer.o
 .debug_rnglists
                0x00000286       0x19 ./Core/Startup/startup_stm32l475vgtx.o
 .debug_rnglists
                0x0000029f       0xdf ./Drivers/STM32L4xx_HAL_Driver/Src/stm32l4xx_hal.o
 .debug_rnglists
                0x0000037e       0xce ./Drivers/STM32L4xx_HAL_Driver/Src/stm32l4xx_hal_cortex.o
 .debug_rnglists
                0x0000044c       0x3f ./Drivers/STM32L4xx_HAL_Driver/Src/stm32l4xx_hal_gpio.o
 .debug_rnglists
                0x0000048b       0xfd ./Drivers/STM32L4xx_HAL_Driver/Src/stm32l4xx_hal_pwr_ex.o
 .debug_rnglists
                0x00000588       0x6d ./Drivers/STM32L4xx_HAL_Driver/Src/stm32l4xx_hal_rcc.o
 .debug_rnglists
                0x000005f5      0x178 ./Drivers/STM32L4xx_HAL_Driver/Src/stm32l4xx_hal_spi.o

.debug_macro    0x00000000    0x277a7
 .debug_macro   0x00000000      0x2fd ./Core/Src/ble.o
 .debug_macro   0x000002fd      0xab4 ./Core/Src/ble.o
 .debug_macro   0x00000db1      0x1ad ./Core/Src/ble.o
 .debug_macro   0x00000f5e       0x2e ./Core/Src/ble.o
 .debug_macro   0x00000f8c       0x28 ./Core/Src/ble.o
 .debug_macro   0x00000fb4       0x22 ./Core/Src/ble.o
 .debug_macro   0x00000fd6       0x8e ./Core/Src/ble.o
 .debug_macro   0x00001064       0x51 ./Core/Src/ble.o
 .debug_macro   0x000010b5      0x103 ./Core/Src/ble.o
 .debug_macro   0x000011b8       0x6a ./Core/Src/ble.o
 .debug_macro   0x00001222      0x1df ./Core/Src/ble.o
 .debug_macro   0x00001401       0x1c ./Core/Src/ble.o
 .debug_macro   0x0000141d       0x22 ./Core/Src/ble.o
 .debug_macro   0x0000143f       0xfb ./Core/Src/ble.o
 .debug_macro   0x0000153a     0x1011 ./Core/Src/ble.o
 .debug_macro   0x0000254b      0x11f ./Core/Src/ble.o
 .debug_macro   0x0000266a    0x19dc7 ./Core/Src/ble.o
 .debug_macro   0x0001c431       0x6d ./Core/Src/ble.o
 .debug_macro   0x0001c49e     0x38e6 ./Core/Src/ble.o
 .debug_macro   0x0001fd84      0x189 ./Core/Src/ble.o
 .debug_macro   0x0001ff0d       0x5c ./Core/Src/ble.o
 .debug_macro   0x0001ff69     0x1558 ./Core/Src/ble.o
 .debug_macro   0x000214c1      0x5a5 ./Core/Src/ble.o
 .debug_macro   0x00021a66      0x1b9 ./Core/Src/ble.o
 .debug_macro   0x00021c1f      0x17d ./Core/Src/ble.o
 .debug_macro   0x00021d9c      0x26b ./Core/Src/ble.o
 .debug_macro   0x00022007      0x23d ./Core/Src/ble.o
 .debug_macro   0x00022244      0x241 ./Core/Src/ble.o
 .debug_macro   0x00022485      0x37c ./Core/Src/ble.o
 .debug_macro   0x00022801       0xd6 ./Core/Src/ble.o
 .debug_macro   0x000228d7      0x22c ./Core/Src/ble.o
 .debug_macro   0x00022b03       0x61 ./Core/Src/ble.o
 .debug_macro   0x00022b64       0xa5 ./Core/Src/ble.o
 .debug_macro   0x00022c09      0x122 ./Core/Src/ble.o
 .debug_macro   0x00022d2b      0x3e8 ./Core/Src/ble.o
 .debug_macro   0x00023113      0x2fe ./Core/Src/ble.o
 .debug_macro   0x00023411      0xa98 ./Core/Src/ble.o
 .debug_macro   0x00023ea9      0x1e6 ./Core/Src/ble.o
 .debug_macro   0x0002408f      0x330 ./Core/Src/ble.o
 .debug_macro   0x000243bf       0x46 ./Core/Src/ble.o
 .debug_macro   0x00024405       0x22 ./Core/Src/ble.o
 .debug_macro   0x00024427       0x2a ./Core/Src/ble.o
 .debug_macro   0x00024451       0x61 ./Core/Src/ble.o
 .debug_macro   0x000244b2       0x43 ./Core/Src/ble.o
 .debug_macro   0x000244f5       0x34 ./Core/Src/ble.o
 .debug_macro   0x00024529       0x16 ./Core/Src/ble.o
 .debug_macro   0x0002453f       0x35 ./Core/Src/ble.o
 .debug_macro   0x00024574       0x16 ./Core/Src/ble.o
 .debug_macro   0x0002458a       0x43 ./Core/Src/ble.o
 .debug_macro   0x000245cd       0x34 ./Core/Src/ble.o
 .debug_macro   0x00024601       0x10 ./Core/Src/ble.o
 .debug_macro   0x00024611       0x58 ./Core/Src/ble.o
 .debug_macro   0x00024669       0x8e ./Core/Src/ble.o
 .debug_macro   0x000246f7       0x1c ./Core/Src/ble.o
 .debug_macro   0x00024713      0x177 ./Core/Src/ble.o
 .debug_macro   0x0002488a      0x369 ./Core/Src/ble.o
 .debug_macro   0x00024bf3       0x16 ./Core/Src/ble.o
 .debug_macro   0x00024c09       0x29 ./Core/Src/ble.o
 .debug_macro   0x00024c32       0x16 ./Core/Src/ble.o
 .debug_macro   0x00024c48       0x20 ./Core/Src/ble.o
 .debug_macro   0x00024c68       0x1c ./Core/Src/ble.o
 .debug_macro   0x00024c84       0xc9 ./Core/Src/i2c.o
 .debug_macro   0x00024d4d       0xbf ./Core/Src/leds.o
 .debug_macro   0x00024e0c      0x178 ./Core/Src/lsm6dsl.o
 .debug_macro   0x00024f84       0x16 ./Core/Src/lsm6dsl.o
 .debug_macro   0x00024f9a       0x9e ./Core/Src/lsm6dsl.o
 .debug_macro   0x00025038      0x10b ./Core/Src/lsm6dsl.o
 .debug_macro   0x00025143       0x10 ./Core/Src/lsm6dsl.o
 .debug_macro   0x00025153       0x16 ./Core/Src/lsm6dsl.o
 .debug_macro   0x00025169       0x16 ./Core/Src/lsm6dsl.o
 .debug_macro   0x0002517f      0x146 ./Core/Src/lsm6dsl.o
 .debug_macro   0x000252c5      0x372 ./Core/Src/main.o
 .debug_macro   0x00025637       0x56 ./Core/Src/main.o
 .debug_macro   0x0002568d       0x4c ./Core/Src/main.o
 .debug_macro   0x000256d9      0x1f6 ./Core/Src/rtc.o
 .debug_macro   0x000258cf      0x1e9 ./Core/Src/stm32l4xx_hal_msp.o
 .debug_macro   0x00025ab8      0x206 ./Core/Src/stm32l4xx_it.o
 .debug_macro   0x00025cbe      0x274 ./Core/Src/syscalls.o
 .debug_macro   0x00025f32       0x5b ./Core/Src/syscalls.o
 .debug_macro   0x00025f8d       0x94 ./Core/Src/syscalls.o
 .debug_macro   0x00026021       0x57 ./Core/Src/syscalls.o
 .debug_macro   0x00026078       0x10 ./Core/Src/syscalls.o
 .debug_macro   0x00026088       0x10 ./Core/Src/syscalls.o
 .debug_macro   0x00026098       0x10 ./Core/Src/syscalls.o
 .debug_macro   0x000260a8       0x10 ./Core/Src/syscalls.o
 .debug_macro   0x000260b8       0x1c ./Core/Src/syscalls.o
 .debug_macro   0x000260d4       0x52 ./Core/Src/syscalls.o
 .debug_macro   0x00026126       0x22 ./Core/Src/syscalls.o
 .debug_macro   0x00026148       0x10 ./Core/Src/syscalls.o
 .debug_macro   0x00026158       0x52 ./Core/Src/syscalls.o
 .debug_macro   0x000261aa       0xcf ./Core/Src/syscalls.o
 .debug_macro   0x00026279       0x1c ./Core/Src/syscalls.o
 .debug_macro   0x00026295       0x3d ./Core/Src/syscalls.o
 .debug_macro   0x000262d2       0x35 ./Core/Src/syscalls.o
 .debug_macro   0x00026307      0x12c ./Core/Src/syscalls.o
 .debug_macro   0x00026433       0x10 ./Core/Src/syscalls.o
 .debug_macro   0x00026443      0x242 ./Core/Src/syscalls.o
 .debug_macro   0x00026685       0x1c ./Core/Src/syscalls.o
 .debug_macro   0x000266a1       0x10 ./Core/Src/syscalls.o
 .debug_macro   0x000266b1      0x18a ./Core/Src/syscalls.o
 .debug_macro   0x0002683b       0x16 ./Core/Src/syscalls.o
 .debug_macro   0x00026851       0xce ./Core/Src/syscalls.o
 .debug_macro   0x0002691f      0x1e0 ./Core/Src/system_stm32l4xx.o
 .debug_macro   0x00026aff       0xc9 ./Core/Src/timer.o
 .debug_macro   0x00026bc8      0x228 ./Drivers/STM32L4xx_HAL_Driver/Src/stm32l4xx_hal.o
 .debug_macro   0x00026df0      0x1da ./Drivers/STM32L4xx_HAL_Driver/Src/stm32l4xx_hal_cortex.o
 .debug_macro   0x00026fca      0x1e1 ./Drivers/STM32L4xx_HAL_Driver/Src/stm32l4xx_hal_gpio.o
 .debug_macro   0x000271ab      0x1fe ./Drivers/STM32L4xx_HAL_Driver/Src/stm32l4xx_hal_pwr_ex.o
 .debug_macro   0x000273a9      0x21c ./Drivers/STM32L4xx_HAL_Driver/Src/stm32l4xx_hal_rcc.o
 .debug_macro   0x000275c5      0x1e2 ./Drivers/STM32L4xx_HAL_Driver/Src/stm32l4xx_hal_spi.o

.debug_line     0x00000000     0xb603
 .debug_line    0x00000000      0xc4a ./Core/Src/ble.o
 .debug_line    0x00000c4a      0x5d4 ./Core/Src/i2c.o
 .debug_line    0x0000121e      0x4e4 ./Core/Src/leds.o
 .debug_line    0x00001702      0x5e7 ./Core/Src/lsm6dsl.o
 .debug_line    0x00001ce9      0xb6f ./Core/Src/main.o
 .debug_line    0x00002858      0x817 ./Core/Src/rtc.o
 .debug_line    0x0000306f      0x85d ./Core/Src/stm32l4xx_hal_msp.o
 .debug_line    0x000038cc      0x7f2 ./Core/Src/stm32l4xx_it.o
 .debug_line    0x000040be      0x87e ./Core/Src/syscalls.o
 .debug_line    0x0000493c      0x7e2 ./Core/Src/system_stm32l4xx.o
 .debug_line    0x0000511e      0x54f ./Core/Src/timer.o
 .debug_line    0x0000566d       0x7a ./Core/Startup/startup_stm32l475vgtx.o
 .debug_line    0x000056e7      0xb01 ./Drivers/STM32L4xx_HAL_Driver/Src/stm32l4xx_hal.o
 .debug_line    0x000061e8      0xca0 ./Drivers/STM32L4xx_HAL_Driver/Src/stm32l4xx_hal_cortex.o
 .debug_line    0x00006e88      0xb8d ./Drivers/STM32L4xx_HAL_Driver/Src/stm32l4xx_hal_gpio.o