14:26:33 **** Clean-only build of configuration Debug for project youlostit-ble ****
make -j7 clean 
rm -rf ./Drivers/STM32L4xx_HAL_Driver/Src/stm32l4xx_hal.cyclo ./Drivers/STM32L4xx_HAL_Driver/Src/stm32l4xx_hal.d ./Drivers/STM32L4xx_HAL_Driver/Src/stm32l4xx_hal.o ./Drivers/STM32L4xx_HAL_Driver/Src/stm32l4xx_hal.su ./Drivers/STM32L4xx_HAL_Driver/Src/stm32l4xx_hal_cortex.cyclo ./Drivers/STM32L4xx_HAL_Driver/Src/stm32l4xx_hal_cortex.d ./Drivers/STM32L4xx_HAL_Driver/Src/stm32l4xx_hal_cortex.o ./Drivers/STM32L4xx_HAL_Driver/Src/stm32l4xx_hal_cortex.su ./Drivers/STM32L4xx_HAL_Driver/Src/stm32l4xx_hal_dma.cyclo ./Drivers/STM32L4xx_HAL_Driver/Src/stm32l4xx_hal_dma.d ./Drivers/STM32L4xx_HAL_Driver/Src/stm32l4xx_hal_dma.o ./Drivers/STM32L4xx_HAL_Driver/Src/stm32l4xx_hal_dma.su ./Drivers/STM32L4xx_HAL_Driver/Src/stm32l4xx_hal_dma_ex.cyclo ./Drivers/STM32L4xx_HAL_Driver/Src/stm32l4xx_hal_dma_ex.d ./Drivers/STM32L4xx_HAL_Driver/Src/stm32l4xx_hal_dma_ex.o ./Drivers/STM32L4xx_HAL_Driver/Src/stm32l4xx_hal_dma_ex.su ./Drivers/STM32L4xx_HAL_Driver/Src/stm32l4xx_hal_exti.cyclo ./Drivers/STM32L4xx_HAL_Driver/Src/stm32l4xx_hal_exti.d ./Drivers/STM32L4xx_HAL_Driver/Src/stm32l4xx_hal_exti.o ./Drivers/STM32L4xx_HAL_Driver/Src/stm32l4xx_hal_exti.su ./Drivers/STM32L4xx_HAL_Driver/Src/stm32l4xx_hal_flash.cyclo ./Drivers/STM32L4xx_HAL_Driver/Src/stm32l4xx_hal_flash.d ./Drivers/STM32L4xx_HAL_Driver/Src/stm32l4xx_hal_flash.o ./Drivers/STM32L4xx_HAL_Driver/Src/stm32l4xx_hal_flash.su ./Drivers/STM32L4xx_HAL_Driver/Src/stm32l4xx_hal_flash_ex.cyclo ./Drivers/STM32L4xx_HAL_Driver/Src/stm32l4xx_hal_flash_ex.d ./Drivers/STM32L4xx_HAL_Driver/Src/stm32l4xx_hal_flash_ex.o ./Drivers/STM32L4xx_HAL_Driver/Src/stm32l4xx_hal_flash_ex.su ./Drivers/STM32L4xx_HAL_Driver/Src/stm32l4xx_hal_flash_ramfunc.cyclo ./Drivers/STM32L4xx_HAL_Driver/Src/stm32l4xx_hal_flash_ramfunc.d ./Drivers/STM32L4xx_HAL_Driver/Src/stm32l4xx_hal_flash_ramfunc.o ./Drivers/STM32L4xx_HAL_Driver/Src/stm32l4xx_hal_flash_ramfunc.su ./Drivers/STM32L4xx_HAL_Driver/Src/stm32l4xx_hal_gpio.cyclo ./Drivers/STM32L4xx_HAL_Driver/Src/stm32l4xx_hal_gpio.d ./Drivers/STM32L4xx_HAL_Driver/Src/stm32l4xx_hal_gpio.o ./Drivers/STM32L4xx_HAL_Driver/Src/stm32l4xx_hal_gpio.su ./Drivers/STM32L4xx_HAL_Driver/Src/stm32l4xx_hal_i2c.cyclo ./Drivers/STM32L4xx_HAL_Driver/Src/stm32l4xx_hal_i2c.d ./Drivers/STM32L4xx_HAL_Driver/Src/stm32l4xx_hal_i2c.o ./Drivers/STM32L4xx_HAL_Driver/Src/stm32l4xx_hal_i2c.su ./Drivers/STM32L4xx_HAL_Driver/Src/stm32l4xx_hal_i2c_ex.cyclo ./Drivers/STM32L4xx_HAL_Driver/Src/stm32l4xx_hal_i2c_ex.d ./Drivers/STM32L4xx_HAL_Driver/Src/stm32l4xx_hal_i2c_ex.o ./Drivers/STM32L4xx_HAL_Driver/Src/stm32l4xx_hal_i2c_ex.su ./Drivers/STM32L4xx_HAL_Driver/Src/stm32l4xx_hal_pwr.cyclo ./Drivers/STM32L4xx_HAL_Driver/Src/stm32l4xx_hal_pwr.d ./Drivers/STM32L4xx_HAL_Driver/Src/stm32l4xx_hal_pwr.o ./Drivers/STM32L4xx_HAL_Driver/Src/stm32l4xx_hal_pwr.su ./Drivers/STM32L4xx_HAL_Driver/Src/stm32l4xx_hal_pwr_ex.cyclo ./Drivers/STM32L4xx_HAL_Driver/Src/stm32l4xx_hal_pwr_ex.d ./Drivers/STM32L4xx_HAL_Driver/Src/stm32l4xx_hal_pwr_ex.o ./Drivers/STM32L4xx_HAL_Driver/Src/stm32l4xx_hal_pwr_ex.su ./Drivers/STM32L4xx_HAL_Driver/Src/stm32l4xx_hal_rcc.cyclo ./Drivers/STM32L4xx_HAL_Driver/Src/stm32l4xx_hal_rcc.d ./Drivers/STM32L4xx_HAL_Driver/Src/stm32l4xx_hal_rcc.o ./Drivers/STM32L4xx_HAL_Driver/Src/stm32l4xx_hal_rcc.su ./Drivers/STM32L4xx_HAL_Driver/Src/stm32l4xx_hal_rcc_ex.cyclo ./Drivers/STM32L4xx_HAL_Driver/Src/stm32l4xx_hal_rcc_ex.d ./Drivers/STM32L4xx_HAL_Driver/Src/stm32l4xx_hal_rcc_ex.o ./Drivers/STM32L4xx_HAL_Driver/Src/stm32l4xx_hal_rcc_ex.su ./Drivers/STM32L4xx_HAL_Driver/Src/stm32l4xx_hal_spi.cyclo ./Drivers/STM32L4xx_HAL_Driver/Src/stm32l4xx_hal_spi.d ./Drivers/STM32L4xx_HAL_Driver/Src/stm32l4xx_hal_spi.o ./Drivers/STM32L4xx_HAL_Driver/Src/stm32l4xx_hal_spi.su ./Drivers/STM32L4xx_HAL_Driver/Src/stm32l4xx_hal_spi_ex.cyclo ./Drivers/STM32L4xx_HAL_Driver/Src/stm32l4xx_hal_spi_ex.d ./Drivers/STM32L4xx_HAL_Driver/Src/stm32l4xx_hal_spi_ex.o ./Drivers/STM32L4xx_HAL_Driver/Src/stm32l4xx_hal_spi_ex.su ./Drivers/STM32L4xx_HAL_Driver/Src/stm32l4xx_hal_tim.cyclo ./Drivers/STM32L4xx_HAL_Driver/Src/stm32l4xx_hal_tim.d ./Drivers/STM32L4xx_HAL_Driver/Src/stm32l4xx_hal_tim.o ./Drivers/STM32L4xx_HAL_Driver/Src/stm32l4xx_hal_tim.su ./Drivers/STM32L4xx_HAL_Driver/Src/stm32l4xx_hal_tim_ex.cyclo ./Drivers/STM32L4xx_HAL_Driver/Src/stm32l4xx_hal_tim_ex.d ./Drivers/STM32L4xx_HAL_Driver/Src/stm32l4xx_hal_tim_ex.o ./Drivers/STM32L4xx_HAL_Driver/Src/stm32l4xx_hal_tim_ex.su
rm -rf ./Core/Startup/startup_stm32l475vgtx.d ./Core/Startup/startup_stm32l475vgtx.o
rm -rf ./Core/Src/ble.cyclo ./Core/Src/ble.d ./Core/Src/ble.o ./Core/Src/ble.su ./Core/Src/main.cyclo ./Core/Src/main.d ./Core/Src/main.o ./Core/Src/main.su ./Core/Src/stm32l4xx_hal_msp.cyclo ./Core/Src/stm32l4xx_hal_msp.d ./Core/Src/stm32l4xx_hal_msp.o ./Core/Src/stm32l4xx_hal_msp.su ./Core/Src/stm32l4xx_it.cyclo ./Core/Src/stm32l4xx_it.d ./Core/Src/stm32l4xx_it.o ./Core/Src/stm32l4xx_it.su ./Core/Src/syscalls.cyclo ./Core/Src/syscalls.d ./Core/Src/syscalls.o ./Core/Src/syscalls.su ./Core/Src/system_stm32l4xx.cyclo ./Core/Src/system_stm32l4xx.d ./Core/Src/system_stm32l4xx.o ./Core/Src/system_stm32l4xx.su
rm -rf default.size.stdout youlostit-ble.elf youlostit-ble.list youlostit-ble.map
 
14:26:34 **** Build of configuration Debug for project youlostit-ble ****
make -j7 all 
arm-none-eabi-gcc "../Drivers/STM32L4xx_HAL_Driver/Src/stm32l4xx_hal.c" -mcpu=cortex-m4 -std=gnu11 -g3 -DDEBUG -DUSE_HAL_DRIVER -DSTM32L475xx -c -I../Core/Inc -I../Drivers/STM32L4xx_HAL_Driver/Inc -I../Drivers/STM32L4xx_HAL_Driver/Inc/Legacy -I../Drivers/CMSIS/Device/ST/STM32L4xx/Include -I../Drivers/CMSIS/Include -O0 -ffunction-sections -fdata-sections -Wall -fstack-usage -fcyclomatic-complexity -MMD -MP -MF"Drivers/STM32L4xx_HAL_Driver/Src/stm32l4xx_hal.d" -MT"Drivers/STM32L4xx_HAL_Driver/Src/stm32l4xx_hal.o" --specs=nano.specs -mfpu=fpv4-sp-d16 -mfloat-abi=hard -mthumb -o "Drivers/STM32L4xx_HAL_Driver/Src/stm32l4xx_hal.o"
arm-none-eabi-gcc "../Drivers/STM32L4xx_HAL_Driver/Src/stm32l4xx_hal_cortex.c" -mcpu=cortex-m4 -std=gnu11 -g3 -DDEBUG -DUSE_HAL_DRIVER -DSTM32L475xx -c -I../Core/Inc -I../Drivers/STM32L4xx_HAL_Driver/Inc -I../Drivers/STM32L4xx_HAL_Driver/Inc/Legacy -I../Drivers/CMSIS/Device/ST/STM32L4xx/Include -I../Drivers/CMSIS/Include -O0 -ffunction-sections -fdata-sections -Wall -fstack-usage -fcyclomatic-complexity -MMD -MP -MF"Drivers/STM32L4xx_HAL_Driver/Src/stm32l4xx_hal_cortex.d" -MT"Drivers/STM32L4xx_HAL_Driver/Src/stm32l4xx_hal_cortex.o" --specs=nano.specs -mfpu=fpv4-sp-d16 -mfloat-abi=hard -mthumb -o "Drivers/STM32L4xx_HAL_Driver/Src/stm32l4xx_hal_cortex.o"
arm-none-eabi-gcc "../Drivers/STM32L4xx_HAL_Driver/Src/stm32l4xx_hal_dma.c" -mcpu=cortex-m4 -std=gnu11 -g3 -DDEBUG -DUSE_HAL_DRIVER -DSTM32L475xx -c -I../Core/Inc -I../Drivers/STM32L4xx_HAL_Driver/Inc -I../Drivers/STM32L4xx_HAL_Driver/Inc/Legacy -I../Drivers/CMSIS/Device/ST/STM32L4xx/Include -I../Drivers/CMSIS/Include -O0 -ffunction-sections -fdata-sections -Wall -fstack-usage -fcyclomatic-complexity -MMD -MP -MF"Drivers/STM32L4xx_HAL_Driver/Src/stm32l4xx_hal_dma.d" -MT"Drivers/STM32L4xx_HAL_Driver/Src/stm32l4xx_hal_dma.o" --specs=nano.specs -mfpu=fpv4-sp-d16 -mfloat-abi=hard -mthumb -o "Drivers/STM32L4xx_HAL_Driver/Src/stm32l4xx_hal_dma.o"
arm-none-eabi-gcc "../Drivers/STM32L4xx_HAL_Driver/Src/stm32l4xx_hal_dma_ex.c" -mcpu=cortex-m4 -std=gnu11 -g3 -DDEBUG -DUSE_HAL_DRIVER -DSTM32L475xx -c -I../Core/Inc -I../Drivers/STM32L4xx_HAL_Driver/Inc -I../Drivers/STM32L4xx_HAL_Driver/Inc/Legacy -I../Drivers/CMSIS/Device/ST/STM32L4xx/Include -I../Drivers/CMSIS/Include -O0 -ffunction-sections -fdata-sections -Wall -fstack-usage -fcyclomatic-complexity -MMD -MP -MF"Drivers/STM32L4xx_HAL_Driver/Src/stm32l4xx_hal_dma_ex.d" -MT"Drivers/STM32L4xx_HAL_Driver/Src/stm32l4xx_hal_dma_ex.o" --specs=nano.specs -mfpu=fpv4-sp-d16 -mfloat-abi=hard -mthumb -o "Drivers/STM32L4xx_HAL_Driver/Src/stm32l4xx_hal_dma_ex.o"
arm-none-eabi-gcc "../Drivers/STM32L4xx_HAL_Driver/Src/stm32l4xx_hal_exti.c" -mcpu=cortex-m4 -std=gnu11 -g3 -DDEBUG -DUSE_HAL_DRIVER -DSTM32L475xx -c -I../Core/Inc -I../Drivers/STM32L4xx_HAL_Driver/Inc -I../Drivers/STM32L4xx_HAL_Driver/Inc/Legacy -I../Drivers/CMSIS/Device/ST/STM32L4xx/Include -I../Drivers/CMSIS/Include -O0 -ffunction-sections -fdata-sections -Wall -fstack-usage -fcyclomatic-complexity -MMD -MP -MF"Drivers/STM32L4xx_HAL_Driver/Src/stm32l4xx_hal_exti.d" -MT"Drivers/STM32L4xx_HAL_Driver/Src/stm32l4xx_hal_exti.o" --specs=nano.specs -mfpu=fpv4-sp-d16 -mfloat-abi=hard -mthumb -o "Drivers/STM32L4xx_HAL_Driver/Src/stm32l4xx_hal_exti.o"
arm-none-eabi-gcc "../Drivers/STM32L4xx_HAL_Driver/Src/stm32l4xx_hal_flash.c" -mcpu=cortex-m4 -std=gnu11 -g3 -DDEBUG -DUSE_HAL_DRIVER -DSTM32L475xx -c -I../Core/Inc -I../Drivers/STM32L4xx_HAL_Driver/Inc -I../Drivers/STM32L4xx_HAL_Driver/Inc/Legacy -I../Drivers/CMSIS/Device/ST/STM32L4xx/Include -I../Drivers/CMSIS/Include -O0 -ffunction-sections -fdata-sections -Wall -fstack-usage -fcyclomatic-complexity -MMD -MP -MF"Drivers/STM32L4xx_HAL_Driver/Src/stm32l4xx_hal_flash.d" -MT"Drivers/STM32L4xx_HAL_Driver/Src/stm32l4xx_hal_flash.o" --specs=nano.specs -mfpu=fpv4-sp-d16 -mfloat-abi=hard -mthumb -o "Drivers/STM32L4xx_HAL_Driver/Src/stm32l4xx_hal_flash.o"
arm-none-eabi-gcc "../Drivers/STM32L4xx_HAL_Driver/Src/stm32l4xx_hal_flash_ex.c" -mcpu=cortex-m4 -std=gnu11 -g3 -DDEBUG -DUSE_HAL_DRIVER -DSTM32L475xx -c -I../Core/Inc -I../Drivers/STM32L4xx_HAL_Driver/Inc -I../Drivers/STM32L4xx_HAL_Driver/Inc/Legacy -I../Drivers/CMSIS/Device/ST/STM32L4xx/Include -I../Drivers/CMSIS/Include -O0 -ffunction-sections -fdata-sections -Wall -fstack-usage -fcyclomatic-complexity -MMD -MP -MF"Drivers/STM32L4xx_HAL_Driver/Src/stm32l4xx_hal_flash_ex.d" -MT"Drivers/STM32L4xx_HAL_Driver/Src/stm32l4xx_hal_flash_ex.o" --specs=nano.specs -mfpu=fpv4-sp-d16 -mfloat-abi=hard -mthumb -o "Drivers/STM32L4xx_HAL_Driver/Src/stm32l4xx_hal_flash_ex.o"
arm-none-eabi-gcc "../Drivers/STM32L4xx_HAL_Driver/Src/stm32l4xx_hal_flash_ramfunc.c" -mcpu=cortex-m4 -std=gnu11 -g3 -DDEBUG -DUSE_HAL_DRIVER -DSTM32L475xx -c -I../Core/Inc -I../Drivers/STM32L4xx_HAL_Driver/Inc -I../Drivers/STM32L4xx_HAL_Driver/Inc/Legacy -I../Drivers/CMSIS/Device/ST/STM32L4xx/Include -I../Drivers/CMSIS/Include -O0 -ffunction-sections -fdata-sections -Wall -fstack-usage -fcyclomatic-complexity -MMD -MP -MF"Drivers/STM32L4xx_HAL_Driver/Src/stm32l4xx_hal_flash_ramfunc.d" -MT"Drivers/STM32L4xx_HAL_Driver/Src/stm32l4xx_hal_flash_ramfunc.o" --specs=nano.specs -mfpu=fpv4-sp-d16 -mfloat-abi=hard -mthumb -o "Drivers/STM32L4xx_HAL_Driver/Src/stm32l4xx_hal_flash_ramfunc.o"
arm-none-eabi-gcc "../Drivers/STM32L4xx_HAL_Driver/Src/stm32l4xx_hal_gpio.c" -mcpu=cortex-m4 -std=gnu11 -g3 -DDEBUG -DUSE_HAL_DRIVER -DSTM32L475xx -c -I../Core/Inc -I../Drivers/STM32L4xx_HAL_Driver/Inc -I../Drivers/STM32L4xx_HAL_Driver/Inc/Legacy -I../Drivers/CMSIS/Device/ST/STM32L4xx/Include -I../Drivers/CMSIS/Include -O0 -ffunction-sections -fdata-sections -Wall -fstack-usage -fcyclomatic-complexity -MMD -MP -MF"Drivers/STM32L4xx_HAL_Driver/Src/stm32l4xx_hal_gpio.d" -MT"Drivers/STM32L4xx_HAL_Driver/Src/stm32l4xx_hal_gpio.o" --specs=nano.specs -mfpu=fpv4-sp-d16 -mfloat-abi=hard -mthumb -o "Drivers/STM32L4xx_HAL_Driver/Src/stm32l4xx_hal_gpio.o"
arm-none-eabi-gcc "../Drivers/STM32L4xx_HAL_Driver/Src/stm32l4xx_hal_i2c.c" -mcpu=cortex-m4 -std=gnu11 -g3 -DDEBUG -DUSE_HAL_DRIVER -DSTM32L475xx -c -I../Core/Inc -I../Drivers/STM32L4xx_HAL_Driver/Inc -I../Drivers/STM32L4xx_HAL_Driver/Inc/Legacy -I../Drivers/CMSIS/Device/ST/STM32L4xx/Include -I../Drivers/CMSIS/Include -O0 -ffunction-sections -fdata-sections -Wall -fstack-usage -fcyclomatic-complexity -MMD -MP -MF"Drivers/STM32L4xx_HAL_Driver/Src/stm32l4xx_hal_i2c.d" -MT"Drivers/STM32L4xx_HAL_Driver/Src/stm32l4xx_hal_i2c.o" --specs=nano.specs -mfpu=fpv4-sp-d16 -mfloat-abi=hard -mthumb -o "Drivers/STM32L4xx_HAL_Driver/Src/stm32l4xx_hal_i2c.o"
arm-none-eabi-gcc "../Drivers/STM32L4xx_HAL_Driver/Src/stm32l4xx_hal_i2c_ex.c" -mcpu=cortex-m4 -std=gnu11 -g3 -DDEBUG -DUSE_HAL_DRIVER -DSTM32L475xx -c -I../Core/Inc -I../Drivers/STM32L4xx_HAL_Driver/Inc -I../Drivers/STM32L4xx_HAL_Driver/Inc/Legacy -I../Drivers/CMSIS/Device/ST/STM32L4xx/Include -I../Drivers/CMSIS/Include -O0 -ffunction-sections -fdata-sections -Wall -fstack-usage -fcyclomatic-complexity -MMD -MP -MF"Drivers/STM32L4xx_HAL_Driver/Src/stm32l4xx_hal_i2c_ex.d" -MT"Drivers/STM32L4xx_HAL_Driver/Src/stm32l4xx_hal_i2c_ex.o" --specs=nano.specs -mfpu=fpv4-sp-d16 -mfloat-abi=hard -mthumb -o "Drivers/STM32L4xx_HAL_Driver/Src/stm32l4xx_hal_i2c_ex.o"
arm-none-eabi-gcc "../Drivers/STM32L4xx_HAL_Driver/Src/stm32l4xx_hal_pwr.c" -mcpu=cortex-m4 -std=gnu11 -g3 -DDEBUG -DUSE_HAL_DRIVER -DSTM32L475xx -c -I../Core/Inc -I../Drivers/STM32L4xx_HAL_Driver/Inc -I../Drivers/STM32L4xx_HAL_Driver/Inc/Legacy -I../Drivers/CMSIS/Device/ST/STM32L4xx/Include -I../Drivers/CMSIS/Include -O0 -ffunction-sections -fdata-sections -Wall -fstack-usage -fcyclomatic-complexity -MMD -MP -MF"Drivers/STM32L4xx_HAL_Driver/Src/stm32l4xx_hal_pwr.d" -MT"Drivers/STM32L4xx_HAL_Driver/Src/stm32l4xx_hal_pwr.o" --specs=nano.specs -mfpu=fpv4-sp-d16 -mfloat-abi=hard -mthumb -o "Drivers/STM32L4xx_HAL_Driver/Src/stm32l4xx_hal_pwr.o"
arm-none-eabi-gcc "../Drivers/STM32L4xx_HAL_Driver/Src/stm32l4xx_hal_pwr_ex.c" -mcpu=cortex-m4 -std=gnu11 -g3 -DDEBUG -DUSE_HAL_DRIVER -DSTM32L475xx -c -I../Core/Inc -I../Drivers/STM32L4xx_HAL_Driver/Inc -I../Drivers/STM32L4xx_HAL_Driver/Inc/Legacy -I../Drivers/CMSIS/Device/ST/STM32L4xx/Include -I../Drivers/CMSIS/Include -O0 -ffunction-sections -fdata-sections -Wall -fstack-usage -fcyclomatic-complexity -MMD -MP -MF"Drivers/STM32L4xx_HAL_Driver/Src/stm32l4xx_hal_pwr_ex.d" -MT"Drivers/STM32L4xx_HAL_Driver/Src/stm32l4xx_hal_pwr_ex.o" --specs=nano.specs -mfpu=fpv4-sp-d16 -mfloat-abi=hard -mthumb -o "Drivers/STM32L4xx_HAL_Driver/Src/stm32l4xx_hal_pwr_ex.o"
arm-none-eabi-gcc "../Drivers/STM32L4xx_HAL_Driver/Src/stm32l4xx_hal_rcc.c" -mcpu=cortex-m4 -std=gnu11 -g3 -DDEBUG -DUSE_HAL_DRIVER -DSTM32L475xx -c -I../Core/Inc -I../Drivers/STM32L4xx_HAL_Driver/Inc -I../Drivers/STM32L4xx_HAL_Driver/Inc/Legacy -I../Drivers/CMSIS/Device/ST/STM32L4xx/Include -I../Drivers/CMSIS/Include -O0 -ffunction-sections -fdata-sections -Wall -fstack-usage -fcyclomatic-complexity -MMD -MP -MF"Drivers/STM32L4xx_HAL_Driver/Src/stm32l4xx_hal_rcc.d" -MT"Drivers/STM32L4xx_HAL_Driver/Src/stm32l4xx_hal_rcc.o" --specs=nano.specs -mfpu=fpv4-sp-d16 -mfloat-abi=hard -mthumb -o "Drivers/STM32L4xx_HAL_Driver/Src/stm32l4xx_hal_rcc.o"
arm-none-eabi-gcc "../Drivers/STM32L4xx_HAL_Driver/Src/stm32l4xx_hal_rcc_ex.c" -mcpu=cortex-m4 -std=gnu11 -g3 -DDEBUG -DUSE_HAL_DRIVER -DSTM32L475xx -c -I../Core/Inc -I../Drivers/STM32L4xx_HAL_Driver/Inc -I../Drivers/STM32L4xx_HAL_Driver/Inc/Legacy -I../Drivers/CMSIS/Device/ST/STM32L4xx/Include -I../Drivers/CMSIS/Include -O0 -ffunction-sections -fdata-sections -Wall -fstack-usage -fcyclomatic-complexity -MMD -MP -MF"Drivers/STM32L4xx_HAL_Driver/Src/stm32l4xx_hal_rcc_ex.d" -MT"Drivers/STM32L4xx_HAL_Driver/Src/stm32l4xx_hal_rcc_ex.o" --specs=nano.specs -mfpu=fpv4-sp-d16 -mfloat-abi=hard -mthumb -o "Drivers/STM32L4xx_HAL_Driver/Src/stm32l4xx_hal_rcc_ex.o"
arm-none-eabi-gcc "../Drivers/STM32L4xx_HAL_Driver/Src/stm32l4xx_hal_spi.c" -mcpu=cortex-m4 -std=gnu11 -g3 -DDEBUG -DUSE_HAL_DRIVER -DSTM32L475xx -c -I../Core/Inc -I../Drivers/STM32L4xx_HAL_Driver/Inc -I../Drivers/STM32L4xx_HAL_Driver/Inc/Legacy -I../Drivers/CMSIS/Device/ST/STM32L4xx/Include -I../Drivers/CMSIS/Include -O0 -ffunction-sections -fdata-sections -Wall -fstack-usage -fcyclomatic-complexity -MMD -MP -MF"Drivers/STM32L4xx_HAL_Driver/Src/stm32l4xx_hal_spi.d" -MT"Drivers/STM32L4xx_HAL_Driver/Src/stm32l4xx_hal_spi.o" --specs=nano.specs -mfpu=fpv4-sp-d16 -mfloat-abi=hard -mthumb -o "Drivers/STM32L4xx_HAL_Driver/Src/stm32l4xx_hal_spi.o"
arm-none-eabi-gcc "../Drivers/STM32L4xx_HAL_Driver/Src/stm32l4xx_hal_spi_ex.c" -mcpu=cortex-m4 -std=gnu11 -g3 -DDEBUG -DUSE_HAL_DRIVER -DSTM32L475xx -c -I../Core/Inc -I../Drivers/STM32L4xx_HAL_Driver/Inc -I../Drivers/STM32L4xx_HAL_Driver/Inc/Legacy -I../Drivers/CMSIS/Device/ST/STM32L4xx/Include -I../Drivers/CMSIS/Include -O0 -ffunction-sections -fdata-sections -Wall -fstack-usage -fcyclomatic-complexity -MMD -MP -MF"Drivers/STM32L4xx_HAL_Driver/Src/stm32l4xx_hal_spi_ex.d" -MT"Drivers/STM32L4xx_HAL_Driver/Src/stm32l4xx_hal_spi_ex.o" --specs=nano.specs -mfpu=fpv4-sp-d16 -mfloat-abi=hard -mthumb -o "Drivers/STM32L4xx_HAL_Driver/Src/stm32l4xx_hal_spi_ex.o"
arm-none-eabi-gcc "../Drivers/STM32L4xx_HAL_Driver/Src/stm32l4xx_hal_tim.c" -mcpu=cortex-m4 -std=gnu11 -g3 -DDEBUG -DUSE_HAL_DRIVER -DSTM32L475xx -c -I../Core/Inc -I../Drivers/STM32L4xx_HAL_Driver/Inc -I../Drivers/STM32L4xx_HAL_Driver/Inc/Legacy -I../Drivers/CMSIS/Device/ST/STM32L4xx/Include -I../Drivers/CMSIS/Include -O0 -ffunction-sections -fdata-sections -Wall -fstack-usage -fcyclomatic-complexity -MMD -MP -MF"Drivers/STM32L4xx_HAL_Driver/Src/stm32l4xx_hal_tim.d" -MT"Drivers/STM32L4xx_HAL_Driver/Src/stm32l4xx_hal_tim.o" --specs=nano.specs -mfpu=fpv4-sp-d16 -mfloat-abi=hard -mthumb -o "Drivers/STM32L4xx_HAL_Driver/Src/stm32l4xx_hal_tim.o"
arm-none-eabi-gcc "../Drivers/STM32L4xx_HAL_Driver/Src/stm32l4xx_hal_tim_ex.c" -mcpu=cortex-m4 -std=gnu11 -g3 -DDEBUG -DUSE_HAL_DRIVER -DSTM32L475xx -c -I../Core/Inc -I../Drivers/STM32L4xx_HAL_Driver/Inc -I../Drivers/STM32L4xx_HAL_Driver/Inc/Legacy -I../Drivers/CMSIS/Device/ST/STM32L4xx/Include -I../Drivers/CMSIS/Include -O0 -ffunction-sections -fdata-sections -Wall -fstack-usage -fcyclomatic-complexity -MMD -MP -MF"Drivers/STM32L4xx_HAL_Driver/Src/stm32l4xx_hal_tim_ex.d" -MT"Drivers/STM32L4xx_HAL_Driver/Src/stm32l4xx_hal_tim_ex.o" --specs=nano.specs -mfpu=fpv4-sp-d16 -mfloat-abi=hard -mthumb -o "Drivers/STM32L4xx_HAL_Driver/Src/stm32l4xx_hal_tim_ex.o"
arm-none-eabi-gcc -mcpu=cortex-m4 -g3 -DDEBUG -c -x assembler-with-cpp -MMD -MP -MF"Core/Startup/startup_stm32l475vgtx.d" -MT"Core/Startup/startup_stm32l475vgtx.o" --specs=nano.specs -mfpu=fpv4-sp-d16 -mfloat-abi=hard -mthumb -o "Core/Startup/startup_stm32l475vgtx.o" "../Core/Startup/startup_stm32l475vgtx.s"
arm-none-eabi-gcc "../Core/Src/ble.c" -mcpu=cortex-m4 -std=gnu11 -g3 -DDEBUG -DUSE_HAL_DRIVER -DSTM32L475xx -c -I../Core/Inc -I../Drivers/STM32L4xx_HAL_Driver/Inc -I../Drivers/STM32L4xx_HAL_Driver/Inc/Legacy -I../Drivers/CMSIS/Device/ST/STM32L4xx/Include -I../Drivers/CMSIS/Include -O0 -ffunction-sections -fdata-sections -Wall -fstack-usage -fcyclomatic-complexity -MMD -MP -MF"Core/Src/ble.d" -MT"Core/Src/ble.o" --specs=nano.specs -mfpu=fpv4-sp-d16 -mfloat-abi=hard -mthumb -o "Core/Src/ble.o"
In file included from ../Core/Src/ble.c:12:
../Core/Inc/ble_commands.h:78:38: warning: excess elements in scalar initializer
arm-none-eabi-gcc "../Core/Src/i2c.c" -mcpu=cortex-m4 -std=gnu11 -g3 -DDEBUG -DUSE_HAL_DRIVER -DSTM32L475xx -c -I../Core/Inc -I../Drivers/STM32L4xx_HAL_Driver/Inc -I../Drivers/STM32L4xx_HAL_Driver/Inc/Legacy -I../Drivers/CMSIS/Device/ST/STM32L4xx/Include -I../Drivers/CMSIS/Include -O0 -ffunction-sections -fdata-sections -Wall -fstack-usage -fcyclomatic-complexity -MMD -MP -MF"Core/Src/i2c.d" -MT"Core/Src/i2c.o" --specs=nano.specs -mfpu=fpv4-sp-d16 -mfloat-abi=hard -mthumb -o "Core/Src/i2c.o"
   78 |  uint8_t EVENT_GATT_CHANGED = {0x04, 0xFF, 0x0B, 0x01, 0x0C};
      |                                      ^~~~
../Core/Inc/ble_commands.h:78:38: note: (near initialization for 'EVENT_GATT_CHANGED')
../Core/Inc/ble_commands.h:78:44: warning: excess elements in scalar initializer
   78 |  uint8_t EVENT_GATT_CHANGED = {0x04, 0xFF, 0x0B, 0x01, 0x0C};
      |                                            ^~~~
../Core/Inc/ble_commands.h:78:44: note: (near initialization for 'EVENT_GATT_CHANGED')
../Core/Inc/ble_commands.h:78:50: warning: excess elements in scalar initializer
   78 |  uint8_t EVENT_GATT_CHANGED = {0x04, 0xFF, 0x0B, 0x01, 0x0C};
      |                                                  ^~~~
../Core/Inc/ble_commands.h:78:50: note: (near initialization for 'EVENT_GATT_CHANGED')
../Core/Inc/ble_commands.h:78:56: warning: excess elements in scalar initializer
   78 |  uint8_t EVENT_GATT_CHANGED = {0x04, 0xFF, 0x0B, 0x01, 0x0C};
      |                                                        ^~~~
arm-none-eabi-gcc "../Core/Src/leds.c" -mcpu=cortex-m4 -std=gnu11 -g3 -DDEBUG -DUSE_HAL_DRIVER -DSTM32L475xx -c -I../Core/Inc -I../Drivers/STM32L4xx_HAL_Driver/Inc -I../Drivers/STM32L4xx_HAL_Driver/Inc/Legacy -I../Drivers/CMSIS/Device/ST/STM32L4xx/Include -I../Drivers/CMSIS/Include -O0 -ffunction-sections -fdata-sections -Wall -fstack-usage -fcyclomatic-complexity -MMD -MP -MF"Core/Src/leds.d" -MT"Core/Src/leds.o" --specs=nano.specs -mfpu=fpv4-sp-d16 -mfloat-abi=hard -mthumb -o "Core/Src/leds.o"
arm-none-eabi-gcc "../Core/Src/lsm6dsl.c" -mcpu=cortex-m4 -std=gnu11 -g3 -DDEBUG -DUSE_HAL_DRIVER -DSTM32L475xx -c -I../Core/Inc -I../Drivers/STM32L4xx_HAL_Driver/Inc -I../Drivers/STM32L4xx_HAL_Driver/Inc/Legacy -I../Drivers/CMSIS/Device/ST/STM32L4xx/Include -I../Drivers/CMSIS/Include -O0 -ffunction-sections -fdata-sections -Wall -fstack-usage -fcyclomatic-complexity -MMD -MP -MF"Core/Src/lsm6dsl.d" -MT"Core/Src/lsm6dsl.o" --specs=nano.specs -mfpu=fpv4-sp-d16 -mfloat-abi=hard -mthumb -o "Core/Src/lsm6dsl.o"
arm-none-eabi-gcc "../Core/Src/main.c" -mcpu=cortex-m4 -std=gnu11 -g3 -DDEBUG -DUSE_HAL_DRIVER -DSTM32L475xx -c -I../Core/Inc -I../Drivers/STM32L4xx_HAL_Driver/Inc -I../Drivers/STM32L4xx_HAL_Driver/Inc/Legacy -I../Drivers/CMSIS/Device/ST/STM32L4xx/Include -I../Drivers/CMSIS/Include -O0 -ffunction-sections -fdata-sections -Wall -fstack-usage -fcyclomatic-complexity -MMD -MP -MF"Core/Src/main.d" -MT"Core/Src/main.o" --specs=nano.specs -mfpu=fpv4-sp-d16 -mfloat-abi=hard -mthumb -o "Core/Src/main.o"
../Core/Inc/ble_commands.h:78:56: note: (near initialization for 'EVENT_GATT_CHANGED')
arm-none-eabi-gcc "../Core/Src/stm32l4xx_hal_msp.c" -mcpu=cortex-m4 -std=gnu11 -g3 -DDEBUG -DUSE_HAL_DRIVER -DSTM32L475xx -c -I../Core/Inc -I../Drivers/STM32L4xx_HAL_Driver/Inc -I../Drivers/STM32L4xx_HAL_Driver/Inc/Legacy -I../Drivers/CMSIS/Device/ST/STM32L4xx/Include -I../Drivers/CMSIS/Include -O0 -ffunction-sections -fdata-sections -Wall -fstack-usage -fcyclomatic-complexity -MMD -MP -MF"Core/Src/stm32l4xx_hal_msp.d" -MT"Core/Src/stm32l4xx_hal_msp.o" --specs=nano.specs -mfpu=fpv4-sp-d16 -mfloat-abi=hard -mthumb -o "Core/Src/stm32l4xx_hal_msp.o"
arm-none-eabi-gcc "../Core/Src/stm32l4xx_it.c" -mcpu=cortex-m4 -std=gnu11 -g3 -DDEBUG -DUSE_HAL_DRIVER -DSTM32L475xx -c -I../Core/Inc -I../Drivers/STM32L4xx_HAL_Driver/Inc -I../Drivers/STM32L4xx_HAL_Driver/Inc/Legacy -I../Drivers/CMSIS/Device/ST/STM32L4xx/Include -I../Drivers/CMSIS/Include -O0 -ffunction-sections -fdata-sections -Wall -fstack-usage -fcyclomatic-complexity -MMD -MP -MF"Core/Src/stm32l4xx_it.d" -MT"Core/Src/stm32l4xx_it.o" --specs=nano.specs -mfpu=fpv4-sp-d16 -mfloat-abi=hard -mthumb -o "Core/Src/stm32l4xx_it.o"
arm-none-eabi-gcc "../Core/Src/syscalls.c" -mcpu=cortex-m4 -std=gnu11 -g3 -DDEBUG -DUSE_HAL_DRIVER -DSTM32L475xx -c -I../Core/Inc -I../Drivers/STM32L4xx_HAL_Driver/Inc -I../Drivers/STM32L4xx_HAL_Driver/Inc/Legacy -I../Drivers/CMSIS/Device/ST/STM32L4xx/Include -I../Drivers/CMSIS/Include -O0 -ffunction-sections -fdata-sections -Wall -fstack-usage -fcyclomatic-complexity -MMD -MP -MF"Core/Src/syscalls.d" -MT"Core/Src/syscalls.o" --specs=nano.specs -mfpu=fpv4-sp-d16 -mfloat-abi=hard -mthumb -o "Core/Src/syscalls.o"
../Core/Src/ble.c: In function 'catchBLE':
arm-none-eabi-gcc "../Core/Src/system_stm32l4xx.c" -mcpu=cortex-m4 -std=gnu11 -g3 -DDEBUG -DUSE_HAL_DRIVER -DSTM32L475xx -c -I../Core/Inc -I../Drivers/STM32L4xx_HAL_Driver/Inc -I../Drivers/STM32L4xx_HAL_Driver/Inc/Legacy -I../Drivers/CMSIS/Device/ST/STM32L4xx/Include -I../Drivers/CMSIS/Include -O0 -ffunction-sections -fdata-sections -Wall -fstack-usage -fcyclomatic-complexity -MMD -MP -MF"Core/Src/system_stm32l4xx.d" -MT"Core/Src/system_stm32l4xx.o" --specs=nano.specs -mfpu=fpv4-sp-d16 -mfloat-abi=hard -mthumb -o "Core/Src/system_stm32l4xx.o"
../Core/Src/ble.c:222:45: warning: passing argument 2 of 'checkEventResp' makes pointer from integer without a cast [-Wint-conversion]
arm-none-eabi-gcc "../Core/Src/timer.c" -mcpu=cortex-m4 -std=gnu11 -g3 -DDEBUG -DUSE_HAL_DRIVER -DSTM32L475xx -c -I../Core/Inc -I../Drivers/STM32L4xx_HAL_Driver/Inc -I../Drivers/STM32L4xx_HAL_Driver/Inc/Legacy -I../Drivers/CMSIS/Device/ST/STM32L4xx/Include -I../Drivers/CMSIS/Include -O0 -ffunction-sections -fdata-sections -Wall -fstack-usage -fcyclomatic-complexity -MMD -MP -MF"Core/Src/timer.d" -MT"Core/Src/timer.o" --specs=nano.specs -mfpu=fpv4-sp-d16 -mfloat-abi=hard -mthumb -o "Core/Src/timer.o"
  222 |                  if (checkEventResp(buffer, EVENT_GATT_CHANGED, 5)){
      |                                             ^~~~~~~~~~~~~~~~~~
      |                                             |
      |                                             uint8_t {aka unsigned char}
../Core/Src/ble.c:172:46: note: expected 'uint8_t *' {aka 'unsigned char *'} but argument is of type 'uint8_t' {aka 'unsigned char'}
  172 |  int checkEventResp(uint8_t *event, uint8_t *reference, int size){
      |                                     ~~~~~~~~~^~~~~~~~~
../Core/Src/ble.c: In function 'disconnectBLE':
../Core/Src/ble.c:366:10: warning: 'memcpy' reading 4 bytes from a region of size 0 [-Wstringop-overread]
  366 |          memcpy(command, DISCONNECT, 4);
      |          ^~~~~~~~~~~~~~~~~~~~~~~~~~~~~~
../Core/Inc/ble_commands.h:73:10: note: source object 'DISCONNECT' of size 0
   73 |  uint8_t DISCONNECT[] = {}; // TODO - fill this in
      |          ^~~~~~~~~~
arm-none-eabi-gcc -o "youlostit-ble.elf" @"objects.list"   -mcpu=cortex-m4 -T"/Users/dhruvsusheelkar/STM32CubeIDE/project-3-adding-low-energy-radio-communication-g29/youlostit-ble/STM32L475VGTX_FLASH.ld" --specs=nosys.specs -Wl,-Map="youlostit-ble.map" -Wl,--gc-sections -static --specs=nano.specs -mfpu=fpv4-sp-d16 -mfloat-abi=hard -mthumb -Wl,--start-group -lc -lm -Wl,--end-group
/Applications/STM32CubeIDE.app/Contents/Eclipse/plugins/com.st.stm32cube.ide.mcu.externaltools.gnu-tools-for-stm32.12.3.rel1.macos64_1.1.0.202410301201/tools/bin/../lib/gcc/arm-none-eabi/12.3.1/../../../../arm-none-eabi/bin/ld: warning: youlostit-ble.elf has a LOAD segment with RWX permissions
Finished building target: youlostit-ble.elf
 
arm-none-eabi-size  youlostit-ble.elf 
arm-none-eabi-objdump -h -S youlostit-ble.elf  > "youlostit-ble.list"
   text	   data	    bss	    dec	    hex	filename
  12556	    404	   2292	  15252	   3b94	youlostit-ble.elf
Finished building: default.size.stdout
 
Finished building: youlostit-ble.list
 
14:27:30 **** Incremental Build of configuration Debug for project youlostit-ble ****
make -j7 all 
arm-none-eabi-size  youlostit-ble.elf 
   text	   data	    bss	    dec	    hex	filename
  12556	    404	   2292	  15252	   3b94	youlostit-ble.elf
Finished building: default.size.stdout
 
14:28:53 **** Incremental Build of configuration Debug for project youlostit-ble ****
make -j7 all 
arm-none-eabi-size  youlostit-ble.elf 
   text	   data	    bss	    dec	    hex	filename
  12556	    404	   2292	  15252	   3b94	youlostit-ble.elf
Finished building: default.size.stdout
 
14:31:02 **** Incremental Build of configuration Debug for project youlostit-ble ****
make -j7 all 
arm-none-eabi-gcc "../Core/Src/ble.c" -mcpu=cortex-m4 -std=gnu11 -g3 -DDEBUG -DUSE_HAL_DRIVER -DSTM32L475xx -c -I../Core/Inc -I../Drivers/STM32L4xx_HAL_Driver/Inc -I../Drivers/STM32L4xx_HAL_Driver/Inc/Legacy -I../Drivers/CMSIS/Device/ST/STM32L4xx/Include -I../Drivers/CMSIS/Include -O0 -ffunction-sections -fdata-sections -Wall -fstack-usage -fcyclomatic-complexity -MMD -MP -MF"Core/Src/ble.d" -MT"Core/Src/ble.o" --specs=nano.specs -mfpu=fpv4-sp-d16 -mfloat-abi=hard -mthumb -o "Core/Src/ble.o"
arm-none-eabi-gcc "../Core/Src/main.c" -mcpu=cortex-m4 -std=gnu11 -g3 -DDEBUG -DUSE_HAL_DRIVER -DSTM32L475xx -c -I../Core/Inc -I../Drivers/STM32L4xx_HAL_Driver/Inc -I../Drivers/STM32L4xx_HAL_Driver/Inc/Legacy -I../Drivers/CMSIS/Device/ST/STM32L4xx/Include -I../Drivers/CMSIS/Include -O0 -ffunction-sections -fdata-sections -Wall -fstack-usage -fcyclomatic-complexity -MMD -MP -MF"Core/Src/main.d" -MT"Core/Src/main.o" --specs=nano.specs -mfpu=fpv4-sp-d16 -mfloat-abi=hard -mthumb -o "Core/Src/main.o"
arm-none-eabi-gcc "../Core/Src/stm32l4xx_hal_msp.c" -mcpu=cortex-m4 -std=gnu11 -g3 -DDEBUG -DUSE_HAL_DRIVER -DSTM32L475xx -c -I../Core/Inc -I../Drivers/STM32L4xx_HAL_Driver/Inc -I../Drivers/STM32L4xx_HAL_Driver/Inc/Legacy -I../Drivers/CMSIS/Device/ST/STM32L4xx/Include -I../Drivers/CMSIS/Include -O0 -ffunction-sections -fdata-sections -Wall -fstack-usage -fcyclomatic-complexity -MMD -MP -MF"Core/Src/stm32l4xx_hal_msp.d" -MT"Core/Src/stm32l4xx_hal_msp.o" --specs=nano.specs -mfpu=fpv4-sp-d16 -mfloat-abi=hard -mthumb -o "Core/Src/stm32l4xx_hal_msp.o"
arm-none-eabi-gcc "../Core/Src/stm32l4xx_it.c" -mcpu=cortex-m4 -std=gnu11 -g3 -DDEBUG -DUSE_HAL_DRIVER -DSTM32L475xx -c -I../Core/Inc -I../Drivers/STM32L4xx_HAL_Driver/Inc -I../Drivers/STM32L4xx_HAL_Driver/Inc/Legacy -I../Drivers/CMSIS/Device/ST/STM32L4xx/Include -I../Drivers/CMSIS/Include -O0 -ffunction-sections -fdata-sections -Wall -fstack-usage -fcyclomatic-complexity -MMD -MP -MF"Core/Src/stm32l4xx_it.d" -MT"Core/Src/stm32l4xx_it.o" --specs=nano.specs -mfpu=fpv4-sp-d16 -mfloat-abi=hard -mthumb -o "Core/Src/stm32l4xx_it.o"
In file included from ../Core/Src/ble.c:12:
../Core/Inc/ble_commands.h:78:38: warning: excess elements in scalar initializer
   78 |  uint8_t EVENT_GATT_CHANGED = {0x04, 0xFF, 0x0B, 0x01, 0x0C};
      |                                      ^~~~
../Core/Inc/ble_commands.h:78:38: note: (near initialization for 'EVENT_GATT_CHANGED')
../Core/Inc/ble_commands.h:78:44: warning: excess elements in scalar initializer
   78 |  uint8_t EVENT_GATT_CHANGED = {0x04, 0xFF, 0x0B, 0x01, 0x0C};
      |                                            ^~~~
../Core/Inc/ble_commands.h:78:44: note: (near initialization for 'EVENT_GATT_CHANGED')
../Core/Inc/ble_commands.h:78:50: warning: excess elements in scalar initializer
   78 |  uint8_t EVENT_GATT_CHANGED = {0x04, 0xFF, 0x0B, 0x01, 0x0C};
      |                                                  ^~~~
../Core/Inc/ble_commands.h:78:50: note: (near initialization for 'EVENT_GATT_CHANGED')
../Core/Inc/ble_commands.h:78:56: warning: excess elements in scalar initializer
   78 |  uint8_t EVENT_GATT_CHANGED = {0x04, 0xFF, 0x0B, 0x01, 0x0C};
      |                                                        ^~~~
../Core/Inc/ble_commands.h:78:56: note: (near initialization for 'EVENT_GATT_CHANGED')
../Core/Src/ble.c: In function 'catchBLE':
../Core/Src/ble.c:222:45: warning: passing argument 2 of 'checkEventResp' makes pointer from integer without a cast [-Wint-conversion]
  222 |                  if (checkEventResp(buffer, EVENT_GATT_CHANGED, 5)){
      |                                             ^~~~~~~~~~~~~~~~~~
      |                                             |
      |                                             uint8_t {aka unsigned char}
../Core/Src/ble.c:172:46: note: expected 'uint8_t *' {aka 'unsigned char *'} but argument is of type 'uint8_t' {aka 'unsigned char'}
  172 |  int checkEventResp(uint8_t *event, uint8_t *reference, int size){
      |                                     ~~~~~~~~~^~~~~~~~~
../Core/Src/main.c: In function 'SystemClock_Config':
../Core/Src/main.c:229:31: warning: assignment to 'uint32_t' {aka 'long unsigned int'} from 'RCC_TypeDef *' makes integer from pointer without a cast [-Wint-conversion]
  229 |   RCC_ClkInitStruct.ClockType = RCC
      |                               ^
../Core/Src/main.c:231: error: expected ';' at end of input
../Core/Src/main.c:229:3: error: expected declaration or statement at end of input
  229 |   RCC_ClkInitStruct.ClockType = RCC
      |   ^~~~~~~~~~~~~~~~~
../Core/Src/main.c:214:22: warning: variable 'RCC_ClkInitStruct' set but not used [-Wunused-but-set-variable]
  214 |   RCC_ClkInitTypeDef RCC_ClkInitStruct = {0};
      |                      ^~~~~~~~~~~~~~~~~
../Core/Src/main.c: At top level:
../Core/Src/main.c:59:13: warning: 'MX_GPIO_Init' used but never defined
   59 | static void MX_GPIO_Init(void);
      |             ^~~~~~~~~~~~
../Core/Src/main.c:60:13: warning: 'MX_SPI3_Init' used but never defined
   60 | static void MX_SPI3_Init(void);
      |             ^~~~~~~~~~~~
make: *** [Core/Src/subdir.mk:46: Core/Src/main.o] Error 1
make: *** Waiting for unfinished jobs....
../Core/Src/ble.c: In function 'disconnectBLE':
../Core/Src/ble.c:366:10: warning: 'memcpy' reading 4 bytes from a region of size 0 [-Wstringop-overread]
  366 |          memcpy(command, DISCONNECT, 4);
      |          ^~~~~~~~~~~~~~~~~~~~~~~~~~~~~~
../Core/Inc/ble_commands.h:73:10: note: source object 'DISCONNECT' of size 0
   73 |  uint8_t DISCONNECT[] = {}; // TODO - fill this in
      |          ^~~~~~~~~~
"make -j7 all" terminated with exit code 2. Build might be incomplete.
14:35:09 **** Incremental Build of configuration Debug for project youlostit-ble ****
make -j7 all 
arm-none-eabi-gcc "../Core/Src/main.c" -mcpu=cortex-m4 -std=gnu11 -g3 -DDEBUG -DUSE_HAL_DRIVER -DSTM32L475xx -c -I../Core/Inc -I../Drivers/STM32L4xx_HAL_Driver/Inc -I../Drivers/STM32L4xx_HAL_Driver/Inc/Legacy -I../Drivers/CMSIS/Device/ST/STM32L4xx/Include -I../Drivers/CMSIS/Include -O0 -ffunction-sections -fdata-sections -Wall -fstack-usage -fcyclomatic-complexity -MMD -MP -MF"Core/Src/main.d" -MT"Core/Src/main.o" --specs=nano.specs -mfpu=fpv4-sp-d16 -mfloat-abi=hard -mthumb -o "Core/Src/main.o"
../Core/Src/main.c: In function 'main':
../Core/Src/main.c:202:46: warning: format '%lu' expects argument of type 'long unsigned int', but argument 4 has type 'unsigned int' [-Wformat=]
  202 |       sprintf(msg, "PrivTag %s missing for %lus", TAG_NAME, (unsigned int)lostDurationSeconds);
      |                                            ~~^              ~~~~~~~~~~~~~~~~~~~~~~~~~~~~~~~~~
      |                                              |              |
      |                                              |              unsigned int
      |                                              long unsigned int
      |                                            %u
../Core/Src/main.c: In function 'MX_SPI3_Init':
../Core/Src/main.c:256:3: error: 'hspi3' undeclared (first use in this function)
  256 |   hspi3.Instance = SPI3;
      |   ^~~~~
../Core/Src/main.c:256:3: note: each undeclared identifier is reported only once for each function it appears in
make: *** [Core/Src/subdir.mk:46: Core/Src/main.o] Error 1
"make -j7 all" terminated with exit code 2. Build might be incomplete.
14:36:23 **** Incremental Build of configuration Debug for project youlostit-ble ****
make -j7 all 
arm-none-eabi-gcc "../Core/Src/main.c" -mcpu=cortex-m4 -std=gnu11 -g3 -DDEBUG -DUSE_HAL_DRIVER -DSTM32L475xx -c -I../Core/Inc -I../Drivers/STM32L4xx_HAL_Driver/Inc -I../Drivers/STM32L4xx_HAL_Driver/Inc/Legacy -I../Drivers/CMSIS/Device/ST/STM32L4xx/Include -I../Drivers/CMSIS/Include -O0 -ffunction-sections -fdata-sections -Wall -fstack-usage -fcyclomatic-complexity -MMD -MP -MF"Core/Src/main.d" -MT"Core/Src/main.o" --specs=nano.specs -mfpu=fpv4-sp-d16 -mfloat-abi=hard -mthumb -o "Core/Src/main.o"
../Core/Src/main.c:12:1: error: unknown type name 'SPI_HandleTypeDef'; did you mean 'SPI_TypeDef'?
   12 | SPI_HandleTypeDef hspi3;
      | ^~~~~~~~~~~~~~~~~
      | SPI_TypeDef
make: *** [Core/Src/subdir.mk:46: Core/Src/main.o] Error 1
"make -j7 all" terminated with exit code 2. Build might be incomplete.
14:38:05 **** Incremental Build of configuration Debug for project youlostit-ble ****
make -j7 all 
arm-none-eabi-gcc "../Core/Src/main.c" -mcpu=cortex-m4 -std=gnu11 -g3 -DDEBUG -DUSE_HAL_DRIVER -DSTM32L475xx -c -I../Core/Inc -I../Drivers/STM32L4xx_HAL_Driver/Inc -I../Drivers/STM32L4xx_HAL_Driver/Inc/Legacy -I../Drivers/CMSIS/Device/ST/STM32L4xx/Include -I../Drivers/CMSIS/Include -O0 -ffunction-sections -fdata-sections -Wall -fstack-usage -fcyclomatic-complexity -MMD -MP -MF"Core/Src/main.d" -MT"Core/Src/main.o" --specs=nano.specs -mfpu=fpv4-sp-d16 -mfloat-abi=hard -mthumb -o "Core/Src/main.o"
arm-none-eabi-gcc -o "youlostit-ble.elf" @"objects.list"   -mcpu=cortex-m4 -T"/Users/dhruvsusheelkar/STM32CubeIDE/project-3-adding-low-energy-radio-communication-g29/youlostit-ble/STM32L475VGTX_FLASH.ld" --specs=nosys.specs -Wl,-Map="youlostit-ble.map" -Wl,--gc-sections -static --specs=nano.specs -mfpu=fpv4-sp-d16 -mfloat-abi=hard -mthumb -Wl,--start-group -lc -lm -Wl,--end-group
/Applications/STM32CubeIDE.app/Contents/Eclipse/plugins/com.st.stm32cube.ide.mcu.externaltools.gnu-tools-for-stm32.12.3.rel1.macos64_1.1.0.202410301201/tools/bin/../lib/gcc/arm-none-eabi/12.3.1/../../../../arm-none-eabi/bin/ld: warning: youlostit-ble.elf has a LOAD segment with RWX permissions
/Applications/STM32CubeIDE.app/Contents/Eclipse/plugins/com.st.stm32cube.ide.mcu.externaltools.gnu-tools-for-stm32.12.3.rel1.macos64_1.1.0.202410301201/tools/bin/../lib/gcc/arm-none-eabi/12.3.1/../../../../arm-none-eabi/bin/ld: ./Core/Src/stm32l4xx_it.o: in function `EXTI9_5_IRQHandler':
/Users/dhruvsusheelkar/STM32CubeIDE/project-3-adding-low-energy-radio-communication-g29/youlostit-ble/Debug/../Core/Src/stm32l4xx_it.c:215: undefined reference to `dataAvailable'
collect2: error: ld returned 1 exit status
make: *** [makefile:64: youlostit-ble.elf] Error 1
"make -j7 all" terminated with exit code 2. Build might be incomplete.
14:44:03 **** Incremental Build of configuration Debug for project youlostit-ble ****
make -j7 all 
arm-none-eabi-gcc "../Core/Src/main.c" -mcpu=cortex-m4 -std=gnu11 -g3 -DDEBUG -DUSE_HAL_DRIVER -DSTM32L475xx -c -I../Core/Inc -I../Drivers/STM32L4xx_HAL_Driver/Inc -I../Drivers/STM32L4xx_HAL_Driver/Inc/Legacy -I../Drivers/CMSIS/Device/ST/STM32L4xx/Include -I../Drivers/CMSIS/Include -O0 -ffunction-sections -fdata-sections -Wall -fstack-usage -fcyclomatic-complexity -MMD -MP -MF"Core/Src/main.d" -MT"Core/Src/main.o" --specs=nano.specs -mfpu=fpv4-sp-d16 -mfloat-abi=hard -mthumb -o "Core/Src/main.o"
arm-none-eabi-gcc -o "youlostit-ble.elf" @"objects.list"   -mcpu=cortex-m4 -T"/Users/dhruvsusheelkar/STM32CubeIDE/project-3-adding-low-energy-radio-communication-g29/youlostit-ble/STM32L475VGTX_FLASH.ld" --specs=nosys.specs -Wl,-Map="youlostit-ble.map" -Wl,--gc-sections -static --specs=nano.specs -mfpu=fpv4-sp-d16 -mfloat-abi=hard -mthumb -Wl,--start-group -lc -lm -Wl,--end-group
/Applications/STM32CubeIDE.app/Contents/Eclipse/plugins/com.st.stm32cube.ide.mcu.externaltools.gnu-tools-for-stm32.12.3.rel1.macos64_1.1.0.202410301201/tools/bin/../lib/gcc/arm-none-eabi/12.3.1/../../../../arm-none-eabi/bin/ld: warning: youlostit-ble.elf has a LOAD segment with RWX permissions
Finished building target: youlostit-ble.elf
 
arm-none-eabi-size  youlostit-ble.elf 
arm-none-eabi-objdump -h -S youlostit-ble.elf  > "youlostit-ble.list"
   text	   data	    bss	    dec	    hex	filename
   8328	    104	   1960	  10392	   2898	youlostit-ble.elf
Finished building: default.size.stdout
 
Finished building: youlostit-ble.list
 
14:47:27 **** Incremental Build of configuration Debug for project youlostit-ble ****
make -j7 all 
arm-none-eabi-gcc -mcpu=cortex-m4 -g3 -DDEBUG -c -x assembler-with-cpp -MMD -MP -MF"Core/Startup/startup_stm32l475vgtx.d" -MT"Core/Startup/startup_stm32l475vgtx.o" --specs=nano.specs -mfpu=fpv4-sp-d16 -mfloat-abi=hard -mthumb -o "Core/Startup/startup_stm32l475vgtx.o" "../Core/Startup/startup_stm32l475vgtx.s"
../Core/Startup/startup_stm32l475vgtx.s:1:10: fatal error: main.h: No such file or directory
    1 | #include "main.h"   // Must be included first to provide HAL, CMSIS, and SPI_HandleTypeDef definitions
      |          ^~~~~~~~
compilation terminated.
make: *** [Core/Startup/subdir.mk:19: Core/Startup/startup_stm32l475vgtx.o] Error 1
"make -j7 all" terminated with exit code 2. Build might be incomplete.
14:47:48 **** Incremental Build of configuration Debug for project youlostit-ble ****
make -j7 all 
arm-none-eabi-gcc -mcpu=cortex-m4 -g3 -DDEBUG -c -x assembler-with-cpp -MMD -MP -MF"Core/Startup/startup_stm32l475vgtx.d" -MT"Core/Startup/startup_stm32l475vgtx.o" --specs=nano.specs -mfpu=fpv4-sp-d16 -mfloat-abi=hard -mthumb -o "Core/Startup/startup_stm32l475vgtx.o" "../Core/Startup/startup_stm32l475vgtx.s"
../Core/Startup/startup_stm32l475vgtx.s:1:10: fatal error: main.h: No such file or directory
    1 | #include "main.h"   // Must be included first to provide HAL, CMSIS, and SPI_HandleTypeDef definitions
      |          ^~~~~~~~
compilation terminated.
make: *** [Core/Startup/subdir.mk:19: Core/Startup/startup_stm32l475vgtx.o] Error 1
"make -j7 all" terminated with exit code 2. Build might be incomplete.
14:51:19 **** Incremental Build of configuration Debug for project youlostit-ble ****
make -j7 all 
arm-none-eabi-gcc -mcpu=cortex-m4 -g3 -DDEBUG -c -x assembler-with-cpp -MMD -MP -MF"Core/Startup/startup_stm32l475vgtx.d" -MT"Core/Startup/startup_stm32l475vgtx.o" --specs=nano.specs -mfpu=fpv4-sp-d16 -mfloat-abi=hard -mthumb -o "Core/Startup/startup_stm32l475vgtx.o" "../Core/Startup/startup_stm32l475vgtx.s"
In file included from ../Core/Startup/startup_stm32l475vgtx.s:1:
../Core/Startup/../Inc/main.h:30:10: fatal error: stm32l4xx_hal.h: No such file or directory
   30 | #include "stm32l4xx_hal.h"
      |          ^~~~~~~~~~~~~~~~~
compilation terminated.
make: *** [Core/Startup/subdir.mk:19: Core/Startup/startup_stm32l475vgtx.o] Error 1
"make -j7 all" terminated with exit code 2. Build might be incomplete.
14:54:00 **** Incremental Build of configuration Debug for project youlostit-ble ****
make -j7 all 
arm-none-eabi-gcc -mcpu=cortex-m4 -g3 -DDEBUG -c -x assembler-with-cpp -MMD -MP -MF"Core/Startup/startup_stm32l475vgtx.d" -MT"Core/Startup/startup_stm32l475vgtx.o" --specs=nano.specs -mfpu=fpv4-sp-d16 -mfloat-abi=hard -mthumb -o "Core/Startup/startup_stm32l475vgtx.o" "../Core/Startup/startup_stm32l475vgtx.s"
../Core/Startup/startup_stm32l475vgtx.s:4:10: fatal error: stm32l475xx.h: No such file or directory
    4 | #include <stm32l475xx.h>
      |          ^~~~~~~~~~~~~~~
compilation terminated.
make: *** [Core/Startup/subdir.mk:19: Core/Startup/startup_stm32l475vgtx.o] Error 1
"make -j7 all" terminated with exit code 2. Build might be incomplete.
14:57:06 **** Incremental Build of configuration Debug for project youlostit-ble ****
make -j7 all 
arm-none-eabi-gcc -mcpu=cortex-m4 -g3 -DDEBUG -c -x assembler-with-cpp -MMD -MP -MF"Core/Startup/startup_stm32l475vgtx.d" -MT"Core/Startup/startup_stm32l475vgtx.o" --specs=nano.specs -mfpu=fpv4-sp-d16 -mfloat-abi=hard -mthumb -o "Core/Startup/startup_stm32l475vgtx.o" "../Core/Startup/startup_stm32l475vgtx.s"
../Core/Startup/startup_stm32l475vgtx.s:22:10: fatal error: main.h: No such file or directory
   22 | #include "main.h"       // Includes HAL, CMSIS, etc.
      |          ^~~~~~~~
compilation terminated.
make: *** [Core/Startup/subdir.mk:19: Core/Startup/startup_stm32l475vgtx.o] Error 1
"make -j7 all" terminated with exit code 2. Build might be incomplete.
15:14:30 **** Incremental Build of configuration Debug for project youlostit-ble ****
make -j7 all 
arm-none-eabi-gcc -mcpu=cortex-m4 -g3 -DDEBUG -c -x assembler-with-cpp -MMD -MP -MF"Core/Startup/startup_stm32l475vgtx.d" -MT"Core/Startup/startup_stm32l475vgtx.o" --specs=nano.specs -mfpu=fpv4-sp-d16 -mfloat-abi=hard -mthumb -o "Core/Startup/startup_stm32l475vgtx.o" "../Core/Startup/startup_stm32l475vgtx.s"
../Core/Startup/startup_stm32l475vgtx.s:26:10: fatal error: main.h: No such file or directory
   26 | #include "main.h"         // The generated main.h from STM32CubeIDE
      |          ^~~~~~~~
compilation terminated.
make: *** [Core/Startup/subdir.mk:19: Core/Startup/startup_stm32l475vgtx.o] Error 1
"make -j7 all" terminated with exit code 2. Build might be incomplete.
15:14:47 **** Incremental Build of configuration Debug for project youlostit-ble ****
make -j7 all 
arm-none-eabi-gcc -mcpu=cortex-m4 -g3 -DDEBUG -c -x assembler-with-cpp -MMD -MP -MF"Core/Startup/startup_stm32l475vgtx.d" -MT"Core/Startup/startup_stm32l475vgtx.o" --specs=nano.specs -mfpu=fpv4-sp-d16 -mfloat-abi=hard -mthumb -o "Core/Startup/startup_stm32l475vgtx.o" "../Core/Startup/startup_stm32l475vgtx.s"
../Core/Startup/startup_stm32l475vgtx.s:26:10: fatal error: ble.h: No such file or directory
   26 | #include "ble.h"          // BLE code from the provided BLE project
      |          ^~~~~~~
compilation terminated.
make: *** [Core/Startup/subdir.mk:19: Core/Startup/startup_stm32l475vgtx.o] Error 1
"make -j7 all" terminated with exit code 2. Build might be incomplete.
15:15:12 **** Incremental Build of configuration Debug for project youlostit-ble ****
make -j7 all 
arm-none-eabi-gcc -mcpu=cortex-m4 -g3 -DDEBUG -c -x assembler-with-cpp -MMD -MP -MF"Core/Startup/startup_stm32l475vgtx.d" -MT"Core/Startup/startup_stm32l475vgtx.o" --specs=nano.specs -mfpu=fpv4-sp-d16 -mfloat-abi=hard -mthumb -o "Core/Startup/startup_stm32l475vgtx.o" "../Core/Startup/startup_stm32l475vgtx.s"
/Applications/STM32CubeIDE.app/Contents/Eclipse/plugins/com.st.stm32cube.ide.mcu.externaltools.gnu-tools-for-stm32.12.3.rel1.macos64_1.1.0.202410301201/tools/arm-none-eabi/include/machine/_default_types.h: Assembler messages:
/Applications/STM32CubeIDE.app/Contents/Eclipse/plugins/com.st.stm32cube.ide.mcu.externaltools.gnu-tools-for-stm32.12.3.rel1.macos64_1.1.0.202410301201/tools/arm-none-eabi/include/machine/_default_types.h:41: Error: bad instruction `typedef signed char __int8_t'
/Applications/STM32CubeIDE.app/Contents/Eclipse/plugins/com.st.stm32cube.ide.mcu.externaltools.gnu-tools-for-stm32.12.3.rel1.macos64_1.1.0.202410301201/tools/arm-none-eabi/include/machine/_default_types.h:43: Error: bad instruction `typedef unsigned char __uint8_t'
/Applications/STM32CubeIDE.app/Contents/Eclipse/plugins/com.st.stm32cube.ide.mcu.externaltools.gnu-tools-for-stm32.12.3.rel1.macos64_1.1.0.202410301201/tools/arm-none-eabi/include/machine/_default_types.h:55: Error: bad instruction `typedef short int __int16_t'
/Applications/STM32CubeIDE.app/Contents/Eclipse/plugins/com.st.stm32cube.ide.mcu.externaltools.gnu-tools-for-stm32.12.3.rel1.macos64_1.1.0.202410301201/tools/arm-none-eabi/include/machine/_default_types.h:57: Error: bad instruction `typedef short unsigned int __uint16_t'
/Applications/STM32CubeIDE.app/Contents/Eclipse/plugins/com.st.stm32cube.ide.mcu.externaltools.gnu-tools-for-stm32.12.3.rel1.macos64_1.1.0.202410301201/tools/arm-none-eabi/include/machine/_default_types.h:77: Error: bad instruction `typedef long int __int32_t'
/Applications/STM32CubeIDE.app/Contents/Eclipse/plugins/com.st.stm32cube.ide.mcu.externaltools.gnu-tools-for-stm32.12.3.rel1.macos64_1.1.0.202410301201/tools/arm-none-eabi/include/machine/_default_types.h:79: Error: bad instruction `typedef long unsigned int __uint32_t'
/Applications/STM32CubeIDE.app/Contents/Eclipse/plugins/com.st.stm32cube.ide.mcu.externaltools.gnu-tools-for-stm32.12.3.rel1.macos64_1.1.0.202410301201/tools/arm-none-eabi/include/machine/_default_types.h:103: Error: bad instruction `typedef long long int __int64_t'
/Applications/STM32CubeIDE.app/Contents/Eclipse/plugins/com.st.stm32cube.ide.mcu.externaltools.gnu-tools-for-stm32.12.3.rel1.macos64_1.1.0.202410301201/tools/arm-none-eabi/include/machine/_default_types.h:105: Error: bad instruction `typedef long long unsigned int __uint64_t'
/Applications/STM32CubeIDE.app/Contents/Eclipse/plugins/com.st.stm32cube.ide.mcu.externaltools.gnu-tools-for-stm32.12.3.rel1.macos64_1.1.0.202410301201/tools/arm-none-eabi/include/machine/_default_types.h:134: Error: bad instruction `typedef signed char __int_least8_t'
/Applications/STM32CubeIDE.app/Contents/Eclipse/plugins/com.st.stm32cube.ide.mcu.externaltools.gnu-tools-for-stm32.12.3.rel1.macos64_1.1.0.202410301201/tools/arm-none-eabi/include/machine/_default_types.h:136: Error: bad instruction `typedef unsigned char __uint_least8_t'
/Applications/STM32CubeIDE.app/Contents/Eclipse/plugins/com.st.stm32cube.ide.mcu.externaltools.gnu-tools-for-stm32.12.3.rel1.macos64_1.1.0.202410301201/tools/arm-none-eabi/include/machine/_default_types.h:160: Error: bad instruction `typedef short int __int_least16_t'
/Applications/STM32CubeIDE.app/Contents/Eclipse/plugins/com.st.stm32cube.ide.mcu.externaltools.gnu-tools-for-stm32.12.3.rel1.macos64_1.1.0.202410301201/tools/arm-none-eabi/include/machine/_default_types.h:162: Error: bad instruction `typedef short unsigned int __uint_least16_t'
/Applications/STM32CubeIDE.app/Contents/Eclipse/plugins/com.st.stm32cube.ide.mcu.externaltools.gnu-tools-for-stm32.12.3.rel1.macos64_1.1.0.202410301201/tools/arm-none-eabi/include/machine/_default_types.h:182: Error: bad instruction `typedef long int __int_least32_t'
/Applications/STM32CubeIDE.app/Contents/Eclipse/plugins/com.st.stm32cube.ide.mcu.externaltools.gnu-tools-for-stm32.12.3.rel1.macos64_1.1.0.202410301201/tools/arm-none-eabi/include/machine/_default_types.h:184: Error: bad instruction `typedef long unsigned int __uint_least32_t'
/Applications/STM32CubeIDE.app/Contents/Eclipse/plugins/com.st.stm32cube.ide.mcu.externaltools.gnu-tools-for-stm32.12.3.rel1.macos64_1.1.0.202410301201/tools/arm-none-eabi/include/machine/_default_types.h:200: Error: bad instruction `typedef long long int __int_least64_t'
/Applications/STM32CubeIDE.app/Contents/Eclipse/plugins/com.st.stm32cube.ide.mcu.externaltools.gnu-tools-for-stm32.12.3.rel1.macos64_1.1.0.202410301201/tools/arm-none-eabi/include/machine/_default_types.h:202: Error: bad instruction `typedef long long unsigned int __uint_least64_t'
/Applications/STM32CubeIDE.app/Contents/Eclipse/plugins/com.st.stm32cube.ide.mcu.externaltools.gnu-tools-for-stm32.12.3.rel1.macos64_1.1.0.202410301201/tools/arm-none-eabi/include/machine/_default_types.h:214: Error: bad instruction `typedef long long int __intmax_t'
/Applications/STM32CubeIDE.app/Contents/Eclipse/plugins/com.st.stm32cube.ide.mcu.externaltools.gnu-tools-for-stm32.12.3.rel1.macos64_1.1.0.202410301201/tools/arm-none-eabi/include/machine/_default_types.h:222: Error: bad instruction `typedef long long unsigned int __uintmax_t'
/Applications/STM32CubeIDE.app/Contents/Eclipse/plugins/com.st.stm32cube.ide.mcu.externaltools.gnu-tools-for-stm32.12.3.rel1.macos64_1.1.0.202410301201/tools/arm-none-eabi/include/machine/_default_types.h:230: Error: bad instruction `typedef int __intptr_t'
/Applications/STM32CubeIDE.app/Contents/Eclipse/plugins/com.st.stm32cube.ide.mcu.externaltools.gnu-tools-for-stm32.12.3.rel1.macos64_1.1.0.202410301201/tools/arm-none-eabi/include/machine/_default_types.h:232: Error: bad instruction `typedef unsigned int __uintptr_t'
/Applications/STM32CubeIDE.app/Contents/Eclipse/plugins/com.st.stm32cube.ide.mcu.externaltools.gnu-tools-for-stm32.12.3.rel1.macos64_1.1.0.202410301201/tools/lib/gcc/arm-none-eabi/12.3.1/include/stddef.h:214: Error: bad instruction `typedef unsigned int size_t'
/Applications/STM32CubeIDE.app/Contents/Eclipse/plugins/com.st.stm32cube.ide.mcu.externaltools.gnu-tools-for-stm32.12.3.rel1.macos64_1.1.0.202410301201/tools/lib/gcc/arm-none-eabi/12.3.1/include/stddef.h:145: Error: bad instruction `typedef int ptrdiff_t'
/Applications/STM32CubeIDE.app/Contents/Eclipse/plugins/com.st.stm32cube.ide.mcu.externaltools.gnu-tools-for-stm32.12.3.rel1.macos64_1.1.0.202410301201/tools/lib/gcc/arm-none-eabi/12.3.1/include/stddef.h:329: Error: bad instruction `typedef unsigned int wchar_t'
/Applications/STM32CubeIDE.app/Contents/Eclipse/plugins/com.st.stm32cube.ide.mcu.externaltools.gnu-tools-for-stm32.12.3.rel1.macos64_1.1.0.202410301201/tools/lib/gcc/arm-none-eabi/12.3.1/include/stdarg.h:40: Error: bad instruction `typedef __builtin_va_list __gnuc_va_list'
/Applications/STM32CubeIDE.app/Contents/Eclipse/plugins/com.st.stm32cube.ide.mcu.externaltools.gnu-tools-for-stm32.12.3.rel1.macos64_1.1.0.202410301201/tools/arm-none-eabi/include/stdio.h:46: Error: bad instruction `typedef __gnuc_va_list va_list'
/Applications/STM32CubeIDE.app/Contents/Eclipse/plugins/com.st.stm32cube.ide.mcu.externaltools.gnu-tools-for-stm32.12.3.rel1.macos64_1.1.0.202410301201/tools/lib/gcc/arm-none-eabi/12.3.1/include/stddef.h:359: Error: bad instruction `typedef unsigned int wint_t'
/Applications/STM32CubeIDE.app/Contents/Eclipse/plugins/com.st.stm32cube.ide.mcu.externaltools.gnu-tools-for-stm32.12.3.rel1.macos64_1.1.0.202410301201/tools/arm-none-eabi/include/sys/_types.h:30: Error: bad instruction `typedef long __blkcnt_t'
/Applications/STM32CubeIDE.app/Contents/Eclipse/plugins/com.st.stm32cube.ide.mcu.externaltools.gnu-tools-for-stm32.12.3.rel1.macos64_1.1.0.202410301201/tools/arm-none-eabi/include/sys/_types.h:34: Error: bad instruction `typedef long __blksize_t'
/Applications/STM32CubeIDE.app/Contents/Eclipse/plugins/com.st.stm32cube.ide.mcu.externaltools.gnu-tools-for-stm32.12.3.rel1.macos64_1.1.0.202410301201/tools/arm-none-eabi/include/sys/_types.h:38: Error: bad instruction `typedef __uint64_t __fsblkcnt_t'
/Applications/STM32CubeIDE.app/Contents/Eclipse/plugins/com.st.stm32cube.ide.mcu.externaltools.gnu-tools-for-stm32.12.3.rel1.macos64_1.1.0.202410301201/tools/arm-none-eabi/include/sys/_types.h:42: Error: bad instruction `typedef __uint32_t __fsfilcnt_t'
/Applications/STM32CubeIDE.app/Contents/Eclipse/plugins/com.st.stm32cube.ide.mcu.externaltools.gnu-tools-for-stm32.12.3.rel1.macos64_1.1.0.202410301201/tools/arm-none-eabi/include/sys/_types.h:46: Error: bad instruction `typedef long _off_t'
/Applications/STM32CubeIDE.app/Contents/Eclipse/plugins/com.st.stm32cube.ide.mcu.externaltools.gnu-tools-for-stm32.12.3.rel1.macos64_1.1.0.202410301201/tools/arm-none-eabi/include/sys/_types.h:52: Error: bad instruction `typedef int __pid_t'
/Applications/STM32CubeIDE.app/Contents/Eclipse/plugins/com.st.stm32cube.ide.mcu.externaltools.gnu-tools-for-stm32.12.3.rel1.macos64_1.1.0.202410301201/tools/arm-none-eabi/include/sys/_types.h:56: Error: bad instruction `typedef short __dev_t'
/Applications/STM32CubeIDE.app/Contents/Eclipse/plugins/com.st.stm32cube.ide.mcu.externaltools.gnu-tools-for-stm32.12.3.rel1.macos64_1.1.0.202410301201/tools/arm-none-eabi/include/sys/_types.h:60: Error: bad instruction `typedef unsigned short __uid_t'
/Applications/STM32CubeIDE.app/Contents/Eclipse/plugins/com.st.stm32cube.ide.mcu.externaltools.gnu-tools-for-stm32.12.3.rel1.macos64_1.1.0.202410301201/tools/arm-none-eabi/include/sys/_types.h:63: Error: bad instruction `typedef unsigned short __gid_t'
/Applications/STM32CubeIDE.app/Contents/Eclipse/plugins/com.st.stm32cube.ide.mcu.externaltools.gnu-tools-for-stm32.12.3.rel1.macos64_1.1.0.202410301201/tools/arm-none-eabi/include/sys/_types.h:67: Error: bad instruction `typedef __uint32_t __id_t'
/Applications/STM32CubeIDE.app/Contents/Eclipse/plugins/com.st.stm32cube.ide.mcu.externaltools.gnu-tools-for-stm32.12.3.rel1.macos64_1.1.0.202410301201/tools/arm-none-eabi/include/sys/_types.h:75: Error: bad instruction `typedef unsigned short __ino_t'
/Applications/STM32CubeIDE.app/Contents/Eclipse/plugins/com.st.stm32cube.ide.mcu.externaltools.gnu-tools-for-stm32.12.3.rel1.macos64_1.1.0.202410301201/tools/arm-none-eabi/include/sys/_types.h:90: Error: bad instruction `typedef __uint32_t __mode_t'
/Applications/STM32CubeIDE.app/Contents/Eclipse/plugins/com.st.stm32cube.ide.mcu.externaltools.gnu-tools-for-stm32.12.3.rel1.macos64_1.1.0.202410301201/tools/arm-none-eabi/include/sys/_types.h:96: Error: bad instruction `__extension__ typedef long long _off64_t'
/Applications/STM32CubeIDE.app/Contents/Eclipse/plugins/com.st.stm32cube.ide.mcu.externaltools.gnu-tools-for-stm32.12.3.rel1.macos64_1.1.0.202410301201/tools/arm-none-eabi/include/sys/_types.h:102: Error: bad instruction `typedef _off_t __off_t'
/Applications/STM32CubeIDE.app/Contents/Eclipse/plugins/com.st.stm32cube.ide.mcu.externaltools.gnu-tools-for-stm32.12.3.rel1.macos64_1.1.0.202410301201/tools/arm-none-eabi/include/sys/_types.h:105: Error: bad instruction `typedef _off64_t __loff_t'
/Applications/STM32CubeIDE.app/Contents/Eclipse/plugins/com.st.stm32cube.ide.mcu.externaltools.gnu-tools-for-stm32.12.3.rel1.macos64_1.1.0.202410301201/tools/arm-none-eabi/include/sys/_types.h:108: Error: bad instruction `typedef long __key_t'
/Applications/STM32CubeIDE.app/Contents/Eclipse/plugins/com.st.stm32cube.ide.mcu.externaltools.gnu-tools-for-stm32.12.3.rel1.macos64_1.1.0.202410301201/tools/arm-none-eabi/include/sys/_types.h:116: Error: bad instruction `typedef long _fpos_t'
/Applications/STM32CubeIDE.app/Contents/Eclipse/plugins/com.st.stm32cube.ide.mcu.externaltools.gnu-tools-for-stm32.12.3.rel1.macos64_1.1.0.202410301201/tools/arm-none-eabi/include/sys/_types.h:131: Error: bad instruction `typedef unsigned int __size_t'
/Applications/STM32CubeIDE.app/Contents/Eclipse/plugins/com.st.stm32cube.ide.mcu.externaltools.gnu-tools-for-stm32.12.3.rel1.macos64_1.1.0.202410301201/tools/arm-none-eabi/include/sys/_types.h:147: Error: bad instruction `typedef signed int _ssize_t'
/Applications/STM32CubeIDE.app/Contents/Eclipse/plugins/com.st.stm32cube.ide.mcu.externaltools.gnu-tools-for-stm32.12.3.rel1.macos64_1.1.0.202410301201/tools/arm-none-eabi/include/sys/_types.h:158: Error: bad instruction `typedef _ssize_t __ssize_t'
/Applications/STM32CubeIDE.app/Contents/Eclipse/plugins/com.st.stm32cube.ide.mcu.externaltools.gnu-tools-for-stm32.12.3.rel1.macos64_1.1.0.202410301201/tools/arm-none-eabi/include/sys/_types.h:162: Error: bad instruction `typedef struct'
/Applications/STM32CubeIDE.app/Contents/Eclipse/plugins/com.st.stm32cube.ide.mcu.externaltools.gnu-tools-for-stm32.12.3.rel1.macos64_1.1.0.202410301201/tools/arm-none-eabi/include/sys/_types.h:163: Error: junk at end of line, first unrecognized character is `{'
/Applications/STM32CubeIDE.app/Contents/Eclipse/plugins/com.st.stm32cube.ide.mcu.externaltools.gnu-tools-for-stm32.12.3.rel1.macos64_1.1.0.202410301201/tools/arm-none-eabi/include/sys/_types.h:164: Error: bad instruction `int __count'
/Applications/STM32CubeIDE.app/Contents/Eclipse/plugins/com.st.stm32cube.ide.mcu.externaltools.gnu-tools-for-stm32.12.3.rel1.macos64_1.1.0.202410301201/tools/arm-none-eabi/include/sys/_types.h:165: Error: bad instruction `union'
/Applications/STM32CubeIDE.app/Contents/Eclipse/plugins/com.st.stm32cube.ide.mcu.externaltools.gnu-tools-for-stm32.12.3.rel1.macos64_1.1.0.202410301201/tools/arm-none-eabi/include/sys/_types.h:166: Error: junk at end of line, first unrecognized character is `{'
/Applications/STM32CubeIDE.app/Contents/Eclipse/plugins/com.st.stm32cube.ide.mcu.externaltools.gnu-tools-for-stm32.12.3.rel1.macos64_1.1.0.202410301201/tools/arm-none-eabi/include/sys/_types.h:167: Error: bad instruction `wint_t __wch'
/Applications/STM32CubeIDE.app/Contents/Eclipse/plugins/com.st.stm32cube.ide.mcu.externaltools.gnu-tools-for-stm32.12.3.rel1.macos64_1.1.0.202410301201/tools/arm-none-eabi/include/sys/_types.h:168: Error: bad instruction `unsigned char __wchb[4]'
/Applications/STM32CubeIDE.app/Contents/Eclipse/plugins/com.st.stm32cube.ide.mcu.externaltools.gnu-tools-for-stm32.12.3.rel1.macos64_1.1.0.202410301201/tools/arm-none-eabi/include/sys/_types.h:169: Error: junk at end of line, first unrecognized character is `}'
/Applications/STM32CubeIDE.app/Contents/Eclipse/plugins/com.st.stm32cube.ide.mcu.externaltools.gnu-tools-for-stm32.12.3.rel1.macos64_1.1.0.202410301201/tools/arm-none-eabi/include/sys/_types.h:170: Error: junk at end of line, first unrecognized character is `}'
/Applications/STM32CubeIDE.app/Contents/Eclipse/plugins/com.st.stm32cube.ide.mcu.externaltools.gnu-tools-for-stm32.12.3.rel1.macos64_1.1.0.202410301201/tools/arm-none-eabi/include/sys/_types.h:175: Error: bad instruction `typedef void*_iconv_t'
/Applications/STM32CubeIDE.app/Contents/Eclipse/plugins/com.st.stm32cube.ide.mcu.externaltools.gnu-tools-for-stm32.12.3.rel1.macos64_1.1.0.202410301201/tools/arm-none-eabi/include/sys/_types.h:182: Error: bad instruction `typedef unsigned long __clock_t'
/Applications/STM32CubeIDE.app/Contents/Eclipse/plugins/com.st.stm32cube.ide.mcu.externaltools.gnu-tools-for-stm32.12.3.rel1.macos64_1.1.0.202410301201/tools/arm-none-eabi/include/sys/_types.h:189: Error: bad instruction `typedef __int_least64_t __time_t'
/Applications/STM32CubeIDE.app/Contents/Eclipse/plugins/com.st.stm32cube.ide.mcu.externaltools.gnu-tools-for-stm32.12.3.rel1.macos64_1.1.0.202410301201/tools/arm-none-eabi/include/sys/_types.h:195: Error: bad instruction `typedef unsigned long __clockid_t'
/Applications/STM32CubeIDE.app/Contents/Eclipse/plugins/com.st.stm32cube.ide.mcu.externaltools.gnu-tools-for-stm32.12.3.rel1.macos64_1.1.0.202410301201/tools/arm-none-eabi/include/sys/_types.h:198: Error: bad instruction `typedef long __daddr_t'
/Applications/STM32CubeIDE.app/Contents/Eclipse/plugins/com.st.stm32cube.ide.mcu.externaltools.gnu-tools-for-stm32.12.3.rel1.macos64_1.1.0.202410301201/tools/arm-none-eabi/include/sys/_types.h:202: Error: bad instruction `typedef unsigned long __timer_t'
/Applications/STM32CubeIDE.app/Contents/Eclipse/plugins/com.st.stm32cube.ide.mcu.externaltools.gnu-tools-for-stm32.12.3.rel1.macos64_1.1.0.202410301201/tools/arm-none-eabi/include/sys/_types.h:205: Error: bad instruction `typedef __uint8_t __sa_family_t'
/Applications/STM32CubeIDE.app/Contents/Eclipse/plugins/com.st.stm32cube.ide.mcu.externaltools.gnu-tools-for-stm32.12.3.rel1.macos64_1.1.0.202410301201/tools/arm-none-eabi/include/sys/_types.h:209: Error: bad instruction `typedef __uint32_t __socklen_t'
/Applications/STM32CubeIDE.app/Contents/Eclipse/plugins/com.st.stm32cube.ide.mcu.externaltools.gnu-tools-for-stm32.12.3.rel1.macos64_1.1.0.202410301201/tools/arm-none-eabi/include/sys/_types.h:212: Error: bad instruction `typedef int __nl_item'
/Applications/STM32CubeIDE.app/Contents/Eclipse/plugins/com.st.stm32cube.ide.mcu.externaltools.gnu-tools-for-stm32.12.3.rel1.macos64_1.1.0.202410301201/tools/arm-none-eabi/include/sys/_types.h:213: Error: bad instruction `typedef unsigned short __nlink_t'
/Applications/STM32CubeIDE.app/Contents/Eclipse/plugins/com.st.stm32cube.ide.mcu.externaltools.gnu-tools-for-stm32.12.3.rel1.macos64_1.1.0.202410301201/tools/arm-none-eabi/include/sys/_types.h:214: Error: bad instruction `typedef long __suseconds_t'
/Applications/STM32CubeIDE.app/Contents/Eclipse/plugins/com.st.stm32cube.ide.mcu.externaltools.gnu-tools-for-stm32.12.3.rel1.macos64_1.1.0.202410301201/tools/arm-none-eabi/include/sys/_types.h:215: Error: bad instruction `typedef unsigned long __useconds_t'
/Applications/STM32CubeIDE.app/Contents/Eclipse/plugins/com.st.stm32cube.ide.mcu.externaltools.gnu-tools-for-stm32.12.3.rel1.macos64_1.1.0.202410301201/tools/arm-none-eabi/include/sys/_types.h:223: Error: bad instruction `typedef __builtin_va_list __va_list'
/Applications/STM32CubeIDE.app/Contents/Eclipse/plugins/com.st.stm32cube.ide.mcu.externaltools.gnu-tools-for-stm32.12.3.rel1.macos64_1.1.0.202410301201/tools/arm-none-eabi/include/sys/reent.h:22: Error: bad instruction `typedef unsigned long __ULong'
/Applications/STM32CubeIDE.app/Contents/Eclipse/plugins/com.st.stm32cube.ide.mcu.externaltools.gnu-tools-for-stm32.12.3.rel1.macos64_1.1.0.202410301201/tools/arm-none-eabi/include/sys/lock.h:33: Error: bad instruction `struct __lock'
/Applications/STM32CubeIDE.app/Contents/Eclipse/plugins/com.st.stm32cube.ide.mcu.externaltools.gnu-tools-for-stm32.12.3.rel1.macos64_1.1.0.202410301201/tools/arm-none-eabi/include/sys/lock.h:34: Error: bad instruction `typedef struct __lock*_LOCK_T'
/Applications/STM32CubeIDE.app/Contents/Eclipse/plugins/com.st.stm32cube.ide.mcu.externaltools.gnu-tools-for-stm32.12.3.rel1.macos64_1.1.0.202410301201/tools/arm-none-eabi/include/sys/lock.h:41: Error: bad instruction `extern void __retarget_lock_init(_LOCK_T*lock)'
/Applications/STM32CubeIDE.app/Contents/Eclipse/plugins/com.st.stm32cube.ide.mcu.externaltools.gnu-tools-for-stm32.12.3.rel1.macos64_1.1.0.202410301201/tools/arm-none-eabi/include/sys/lock.h:43: Error: bad instruction `extern void __retarget_lock_init_recursive(_LOCK_T*lock)'
/Applications/STM32CubeIDE.app/Contents/Eclipse/plugins/com.st.stm32cube.ide.mcu.externaltools.gnu-tools-for-stm32.12.3.rel1.macos64_1.1.0.202410301201/tools/arm-none-eabi/include/sys/lock.h:45: Error: bad instruction `extern void __retarget_lock_close(_LOCK_T lock)'
/Applications/STM32CubeIDE.app/Contents/Eclipse/plugins/com.st.stm32cube.ide.mcu.externaltools.gnu-tools-for-stm32.12.3.rel1.macos64_1.1.0.202410301201/tools/arm-none-eabi/include/sys/lock.h:47: Error: bad instruction `extern void __retarget_lock_close_recursive(_LOCK_T lock)'
/Applications/STM32CubeIDE.app/Contents/Eclipse/plugins/com.st.stm32cube.ide.mcu.externaltools.gnu-tools-for-stm32.12.3.rel1.macos64_1.1.0.202410301201/tools/arm-none-eabi/include/sys/lock.h:49: Error: bad instruction `extern void __retarget_lock_acquire(_LOCK_T lock)'
/Applications/STM32CubeIDE.app/Contents/Eclipse/plugins/com.st.stm32cube.ide.mcu.externaltools.gnu-tools-for-stm32.12.3.rel1.macos64_1.1.0.202410301201/tools/arm-none-eabi/include/sys/lock.h:51: Error: bad instruction `extern void __retarget_lock_acquire_recursive(_LOCK_T lock)'
/Applications/STM32CubeIDE.app/Contents/Eclipse/plugins/com.st.stm32cube.ide.mcu.externaltools.gnu-tools-for-stm32.12.3.rel1.macos64_1.1.0.202410301201/tools/arm-none-eabi/include/sys/lock.h:53: Error: bad instruction `extern int __retarget_lock_try_acquire(_LOCK_T lock)'
/Applications/STM32CubeIDE.app/Contents/Eclipse/plugins/com.st.stm32cube.ide.mcu.externaltools.gnu-tools-for-stm32.12.3.rel1.macos64_1.1.0.202410301201/tools/arm-none-eabi/include/sys/lock.h:55: Error: bad instruction `extern int __retarget_lock_try_acquire_recursive(_LOCK_T lock)'
/Applications/STM32CubeIDE.app/Contents/Eclipse/plugins/com.st.stm32cube.ide.mcu.externaltools.gnu-tools-for-stm32.12.3.rel1.macos64_1.1.0.202410301201/tools/arm-none-eabi/include/sys/lock.h:58: Error: bad instruction `extern void __retarget_lock_release(_LOCK_T lock)'
/Applications/STM32CubeIDE.app/Contents/Eclipse/plugins/com.st.stm32cube.ide.mcu.externaltools.gnu-tools-for-stm32.12.3.rel1.macos64_1.1.0.202410301201/tools/arm-none-eabi/include/sys/lock.h:60: Error: bad instruction `extern void __retarget_lock_release_recursive(_LOCK_T lock)'
/Applications/STM32CubeIDE.app/Contents/Eclipse/plugins/com.st.stm32cube.ide.mcu.externaltools.gnu-tools-for-stm32.12.3.rel1.macos64_1.1.0.202410301201/tools/arm-none-eabi/include/sys/reent.h:35: Error: bad instruction `typedef _LOCK_T _flock_t'
/Applications/STM32CubeIDE.app/Contents/Eclipse/plugins/com.st.stm32cube.ide.mcu.externaltools.gnu-tools-for-stm32.12.3.rel1.macos64_1.1.0.202410301201/tools/arm-none-eabi/include/sys/reent.h:43: Error: bad instruction `struct _reent'
/Applications/STM32CubeIDE.app/Contents/Eclipse/plugins/com.st.stm32cube.ide.mcu.externaltools.gnu-tools-for-stm32.12.3.rel1.macos64_1.1.0.202410301201/tools/arm-none-eabi/include/sys/reent.h:45: Error: bad instruction `struct __locale_t'
/Applications/STM32CubeIDE.app/Contents/Eclipse/plugins/com.st.stm32cube.ide.mcu.externaltools.gnu-tools-for-stm32.12.3.rel1.macos64_1.1.0.202410301201/tools/arm-none-eabi/include/sys/reent.h:52: Error: bad instruction `struct _Bigint'
/Applications/STM32CubeIDE.app/Contents/Eclipse/plugins/com.st.stm32cube.ide.mcu.externaltools.gnu-tools-for-stm32.12.3.rel1.macos64_1.1.0.202410301201/tools/arm-none-eabi/include/sys/reent.h:53: Error: junk at end of line, first unrecognized character is `{'
/Applications/STM32CubeIDE.app/Contents/Eclipse/plugins/com.st.stm32cube.ide.mcu.externaltools.gnu-tools-for-stm32.12.3.rel1.macos64_1.1.0.202410301201/tools/arm-none-eabi/include/sys/reent.h:54: Error: bad instruction `struct _Bigint*_next'
/Applications/STM32CubeIDE.app/Contents/Eclipse/plugins/com.st.stm32cube.ide.mcu.externaltools.gnu-tools-for-stm32.12.3.rel1.macos64_1.1.0.202410301201/tools/arm-none-eabi/include/sys/reent.h:55: Error: bad instruction `int _k,_maxwds,_sign,_wds'
/Applications/STM32CubeIDE.app/Contents/Eclipse/plugins/com.st.stm32cube.ide.mcu.externaltools.gnu-tools-for-stm32.12.3.rel1.macos64_1.1.0.202410301201/tools/arm-none-eabi/include/sys/reent.h:56: Error: bad instruction `__ulong _x[1]'
/Applications/STM32CubeIDE.app/Contents/Eclipse/plugins/com.st.stm32cube.ide.mcu.externaltools.gnu-tools-for-stm32.12.3.rel1.macos64_1.1.0.202410301201/tools/arm-none-eabi/include/sys/reent.h:57: Error: junk at end of line, first unrecognized character is `}'
/Applications/STM32CubeIDE.app/Contents/Eclipse/plugins/com.st.stm32cube.ide.mcu.externaltools.gnu-tools-for-stm32.12.3.rel1.macos64_1.1.0.202410301201/tools/arm-none-eabi/include/sys/reent.h:60: Error: bad instruction `struct __tm'
/Applications/STM32CubeIDE.app/Contents/Eclipse/plugins/com.st.stm32cube.ide.mcu.externaltools.gnu-tools-for-stm32.12.3.rel1.macos64_1.1.0.202410301201/tools/arm-none-eabi/include/sys/reent.h:61: Error: junk at end of line, first unrecognized character is `{'
/Applications/STM32CubeIDE.app/Contents/Eclipse/plugins/com.st.stm32cube.ide.mcu.externaltools.gnu-tools-for-stm32.12.3.rel1.macos64_1.1.0.202410301201/tools/arm-none-eabi/include/sys/reent.h:62: Error: bad instruction `int __tm_sec'
/Applications/STM32CubeIDE.app/Contents/Eclipse/plugins/com.st.stm32cube.ide.mcu.externaltools.gnu-tools-for-stm32.12.3.rel1.macos64_1.1.0.202410301201/tools/arm-none-eabi/include/sys/reent.h:63: Error: bad instruction `int __tm_min'
/Applications/STM32CubeIDE.app/Contents/Eclipse/plugins/com.st.stm32cube.ide.mcu.externaltools.gnu-tools-for-stm32.12.3.rel1.macos64_1.1.0.202410301201/tools/arm-none-eabi/include/sys/reent.h:64: Error: bad instruction `int __tm_hour'
/Applications/STM32CubeIDE.app/Contents/Eclipse/plugins/com.st.stm32cube.ide.mcu.externaltools.gnu-tools-for-stm32.12.3.rel1.macos64_1.1.0.202410301201/tools/arm-none-eabi/include/sys/reent.h:65: Error: bad instruction `int __tm_mday'
/Applications/STM32CubeIDE.app/Contents/Eclipse/plugins/com.st.stm32cube.ide.mcu.externaltools.gnu-tools-for-stm32.12.3.rel1.macos64_1.1.0.202410301201/tools/arm-none-eabi/include/sys/reent.h:66: Error: bad instruction `int __tm_mon'
/Applications/STM32CubeIDE.app/Contents/Eclipse/plugins/com.st.stm32cube.ide.mcu.externaltools.gnu-tools-for-stm32.12.3.rel1.macos64_1.1.0.202410301201/tools/arm-none-eabi/include/sys/reent.h:67: Error: bad instruction `int __tm_year'
/Applications/STM32CubeIDE.app/Contents/Eclipse/plugins/com.st.stm32cube.ide.mcu.externaltools.gnu-tools-for-stm32.12.3.rel1.macos64_1.1.0.202410301201/tools/arm-none-eabi/include/sys/reent.h:68: Error: bad instruction `int __tm_wday'
/Applications/STM32CubeIDE.app/Contents/Eclipse/plugins/com.st.stm32cube.ide.mcu.externaltools.gnu-tools-for-stm32.12.3.rel1.macos64_1.1.0.202410301201/tools/arm-none-eabi/include/sys/reent.h:69: Error: bad instruction `int __tm_yday'
/Applications/STM32CubeIDE.app/Contents/Eclipse/plugins/com.st.stm32cube.ide.mcu.externaltools.gnu-tools-for-stm32.12.3.rel1.macos64_1.1.0.202410301201/tools/arm-none-eabi/include/sys/reent.h:70: Error: bad instruction `int __tm_isdst'
/Applications/STM32CubeIDE.app/Contents/Eclipse/plugins/com.st.stm32cube.ide.mcu.externaltools.gnu-tools-for-stm32.12.3.rel1.macos64_1.1.0.202410301201/tools/arm-none-eabi/include/sys/reent.h:71: Error: junk at end of line, first unrecognized character is `}'
/Applications/STM32CubeIDE.app/Contents/Eclipse/plugins/com.st.stm32cube.ide.mcu.externaltools.gnu-tools-for-stm32.12.3.rel1.macos64_1.1.0.202410301201/tools/arm-none-eabi/include/sys/reent.h:79: Error: bad instruction `struct _on_exit_args {'
/Applications/STM32CubeIDE.app/Contents/Eclipse/plugins/com.st.stm32cube.ide.mcu.externaltools.gnu-tools-for-stm32.12.3.rel1.macos64_1.1.0.202410301201/tools/arm-none-eabi/include/sys/reent.h:80: Error: bad instruction `void *_fnargs[32]'
/Applications/STM32CubeIDE.app/Contents/Eclipse/plugins/com.st.stm32cube.ide.mcu.externaltools.gnu-tools-for-stm32.12.3.rel1.macos64_1.1.0.202410301201/tools/arm-none-eabi/include/sys/reent.h:81: Error: bad instruction `void *_dso_handle[32]'
/Applications/STM32CubeIDE.app/Contents/Eclipse/plugins/com.st.stm32cube.ide.mcu.externaltools.gnu-tools-for-stm32.12.3.rel1.macos64_1.1.0.202410301201/tools/arm-none-eabi/include/sys/reent.h:83: Error: bad instruction `__ulong _fntypes'
/Applications/STM32CubeIDE.app/Contents/Eclipse/plugins/com.st.stm32cube.ide.mcu.externaltools.gnu-tools-for-stm32.12.3.rel1.macos64_1.1.0.202410301201/tools/arm-none-eabi/include/sys/reent.h:86: Error: bad instruction `__ulong _is_cxa'
/Applications/STM32CubeIDE.app/Contents/Eclipse/plugins/com.st.stm32cube.ide.mcu.externaltools.gnu-tools-for-stm32.12.3.rel1.macos64_1.1.0.202410301201/tools/arm-none-eabi/include/sys/reent.h:87: Error: junk at end of line, first unrecognized character is `}'
/Applications/STM32CubeIDE.app/Contents/Eclipse/plugins/com.st.stm32cube.ide.mcu.externaltools.gnu-tools-for-stm32.12.3.rel1.macos64_1.1.0.202410301201/tools/arm-none-eabi/include/sys/reent.h:90: Error: bad instruction `struct _atexit {'
/Applications/STM32CubeIDE.app/Contents/Eclipse/plugins/com.st.stm32cube.ide.mcu.externaltools.gnu-tools-for-stm32.12.3.rel1.macos64_1.1.0.202410301201/tools/arm-none-eabi/include/sys/reent.h:91: Error: bad instruction `struct _atexit*_next'
/Applications/STM32CubeIDE.app/Contents/Eclipse/plugins/com.st.stm32cube.ide.mcu.externaltools.gnu-tools-for-stm32.12.3.rel1.macos64_1.1.0.202410301201/tools/arm-none-eabi/include/sys/reent.h:92: Error: bad instruction `int _ind'
/Applications/STM32CubeIDE.app/Contents/Eclipse/plugins/com.st.stm32cube.ide.mcu.externaltools.gnu-tools-for-stm32.12.3.rel1.macos64_1.1.0.202410301201/tools/arm-none-eabi/include/sys/reent.h:93: Error: bad instruction `void (*_fns[32])(void)'
/Applications/STM32CubeIDE.app/Contents/Eclipse/plugins/com.st.stm32cube.ide.mcu.externaltools.gnu-tools-for-stm32.12.3.rel1.macos64_1.1.0.202410301201/tools/arm-none-eabi/include/sys/reent.h:94: Error: bad instruction `struct _on_exit_args*_on_exit_args_ptr'
/Applications/STM32CubeIDE.app/Contents/Eclipse/plugins/com.st.stm32cube.ide.mcu.externaltools.gnu-tools-for-stm32.12.3.rel1.macos64_1.1.0.202410301201/tools/arm-none-eabi/include/sys/reent.h:95: Error: junk at end of line, first unrecognized character is `}'
/Applications/STM32CubeIDE.app/Contents/Eclipse/plugins/com.st.stm32cube.ide.mcu.externaltools.gnu-tools-for-stm32.12.3.rel1.macos64_1.1.0.202410301201/tools/arm-none-eabi/include/sys/reent.h:115: Error: bad instruction `struct __sbuf {'
/Applications/STM32CubeIDE.app/Contents/Eclipse/plugins/com.st.stm32cube.ide.mcu.externaltools.gnu-tools-for-stm32.12.3.rel1.macos64_1.1.0.202410301201/tools/arm-none-eabi/include/sys/reent.h:116: Error: bad instruction `unsigned char*_base'
/Applications/STM32CubeIDE.app/Contents/Eclipse/plugins/com.st.stm32cube.ide.mcu.externaltools.gnu-tools-for-stm32.12.3.rel1.macos64_1.1.0.202410301201/tools/arm-none-eabi/include/sys/reent.h:117: Error: bad instruction `int _size'
/Applications/STM32CubeIDE.app/Contents/Eclipse/plugins/com.st.stm32cube.ide.mcu.externaltools.gnu-tools-for-stm32.12.3.rel1.macos64_1.1.0.202410301201/tools/arm-none-eabi/include/sys/reent.h:118: Error: junk at end of line, first unrecognized character is `}'
/Applications/STM32CubeIDE.app/Contents/Eclipse/plugins/com.st.stm32cube.ide.mcu.externaltools.gnu-tools-for-stm32.12.3.rel1.macos64_1.1.0.202410301201/tools/arm-none-eabi/include/sys/reent.h:152: Error: bad instruction `struct __sFILE {'
/Applications/STM32CubeIDE.app/Contents/Eclipse/plugins/com.st.stm32cube.ide.mcu.externaltools.gnu-tools-for-stm32.12.3.rel1.macos64_1.1.0.202410301201/tools/arm-none-eabi/include/sys/reent.h:153: Error: bad instruction `unsigned char*_p'
/Applications/STM32CubeIDE.app/Contents/Eclipse/plugins/com.st.stm32cube.ide.mcu.externaltools.gnu-tools-for-stm32.12.3.rel1.macos64_1.1.0.202410301201/tools/arm-none-eabi/include/sys/reent.h:154: Error: bad instruction `int _r'
/Applications/STM32CubeIDE.app/Contents/Eclipse/plugins/com.st.stm32cube.ide.mcu.externaltools.gnu-tools-for-stm32.12.3.rel1.macos64_1.1.0.202410301201/tools/arm-none-eabi/include/sys/reent.h:155: Error: bad instruction `int _w'
/Applications/STM32CubeIDE.app/Contents/Eclipse/plugins/com.st.stm32cube.ide.mcu.externaltools.gnu-tools-for-stm32.12.3.rel1.macos64_1.1.0.202410301201/tools/arm-none-eabi/include/sys/reent.h:156: Error: bad instruction `short _flags'
/Applications/STM32CubeIDE.app/Contents/Eclipse/plugins/com.st.stm32cube.ide.mcu.externaltools.gnu-tools-for-stm32.12.3.rel1.macos64_1.1.0.202410301201/tools/arm-none-eabi/include/sys/reent.h:157: Error: bad instruction `short _file'
/Applications/STM32CubeIDE.app/Contents/Eclipse/plugins/com.st.stm32cube.ide.mcu.externaltools.gnu-tools-for-stm32.12.3.rel1.macos64_1.1.0.202410301201/tools/arm-none-eabi/include/sys/reent.h:158: Error: bad instruction `struct __sbuf _bf'
/Applications/STM32CubeIDE.app/Contents/Eclipse/plugins/com.st.stm32cube.ide.mcu.externaltools.gnu-tools-for-stm32.12.3.rel1.macos64_1.1.0.202410301201/tools/arm-none-eabi/include/sys/reent.h:159: Error: bad instruction `int _lbfsize'
/Applications/STM32CubeIDE.app/Contents/Eclipse/plugins/com.st.stm32cube.ide.mcu.externaltools.gnu-tools-for-stm32.12.3.rel1.macos64_1.1.0.202410301201/tools/arm-none-eabi/include/sys/reent.h:162: Error: bad instruction `struct _reent*_data'
/Applications/STM32CubeIDE.app/Contents/Eclipse/plugins/com.st.stm32cube.ide.mcu.externaltools.gnu-tools-for-stm32.12.3.rel1.macos64_1.1.0.202410301201/tools/arm-none-eabi/include/sys/reent.h:166: Error: bad instruction `void *_cookie'
/Applications/STM32CubeIDE.app/Contents/Eclipse/plugins/com.st.stm32cube.ide.mcu.externaltools.gnu-tools-for-stm32.12.3.rel1.macos64_1.1.0.202410301201/tools/arm-none-eabi/include/sys/reent.h:168: Error: bad instruction `int (*_read)(struct _reent*,void*,'
/Applications/STM32CubeIDE.app/Contents/Eclipse/plugins/com.st.stm32cube.ide.mcu.externaltools.gnu-tools-for-stm32.12.3.rel1.macos64_1.1.0.202410301201/tools/arm-none-eabi/include/sys/reent.h:169: Error: bad instruction `char *,int)'
/Applications/STM32CubeIDE.app/Contents/Eclipse/plugins/com.st.stm32cube.ide.mcu.externaltools.gnu-tools-for-stm32.12.3.rel1.macos64_1.1.0.202410301201/tools/arm-none-eabi/include/sys/reent.h:170: Error: bad instruction `int (*_write)(struct _reent*,void*,'
/Applications/STM32CubeIDE.app/Contents/Eclipse/plugins/com.st.stm32cube.ide.mcu.externaltools.gnu-tools-for-stm32.12.3.rel1.macos64_1.1.0.202410301201/tools/arm-none-eabi/include/sys/reent.h:171: Error: bad instruction `const char*,'
/Applications/STM32CubeIDE.app/Contents/Eclipse/plugins/com.st.stm32cube.ide.mcu.externaltools.gnu-tools-for-stm32.12.3.rel1.macos64_1.1.0.202410301201/tools/arm-none-eabi/include/sys/reent.h:172: Error: bad instruction `int)'
/Applications/STM32CubeIDE.app/Contents/Eclipse/plugins/com.st.stm32cube.ide.mcu.externaltools.gnu-tools-for-stm32.12.3.rel1.macos64_1.1.0.202410301201/tools/arm-none-eabi/include/sys/reent.h:173: Error: bad instruction `_fpos_t (*_seek)(struct _reent*,void*,_fpos_t,int)'
/Applications/STM32CubeIDE.app/Contents/Eclipse/plugins/com.st.stm32cube.ide.mcu.externaltools.gnu-tools-for-stm32.12.3.rel1.macos64_1.1.0.202410301201/tools/arm-none-eabi/include/sys/reent.h:174: Error: bad instruction `int (*_close)(struct _reent*,void*)'
/Applications/STM32CubeIDE.app/Contents/Eclipse/plugins/com.st.stm32cube.ide.mcu.externaltools.gnu-tools-for-stm32.12.3.rel1.macos64_1.1.0.202410301201/tools/arm-none-eabi/include/sys/reent.h:177: Error: bad instruction `struct __sbuf _ub'
/Applications/STM32CubeIDE.app/Contents/Eclipse/plugins/com.st.stm32cube.ide.mcu.externaltools.gnu-tools-for-stm32.12.3.rel1.macos64_1.1.0.202410301201/tools/arm-none-eabi/include/sys/reent.h:178: Error: bad instruction `unsigned char*_up'
[...]
make -j7 all 
arm-none-eabi-gcc "../Core/Src/main.c" -mcpu=cortex-m4 -std=gnu11 -g3 -DDEBUG -DUSE_HAL_DRIVER -DSTM32L475xx -c -I../Core/Inc -I../Drivers/STM32L4xx_HAL_Driver/Inc -I../Drivers/STM32L4xx_HAL_Driver/Inc/Legacy -I../Drivers/CMSIS/Device/ST/STM32L4xx/Include -I../Drivers/CMSIS/Include -O0 -ffunction-sections -fdata-sections -Wall -fstack-usage -fcyclomatic-complexity -MMD -MP -MF"Core/Src/main.d" -MT"Core/Src/main.o" --specs=nano.specs -mfpu=fpv4-sp-d16 -mfloat-abi=hard -mthumb -o "Core/Src/main.o"
arm-none-eabi-gcc -o "youlostit-ble.elf" @"objects.list"   -mcpu=cortex-m4 -T"/Users/dhruvsusheelkar/STM32CubeIDE/project-3-adding-low-energy-radio-communication-g29/youlostit-ble/STM32L475VGTX_FLASH.ld" --specs=nosys.specs -Wl,-Map="youlostit-ble.map" -Wl,--gc-sections -static --specs=nano.specs -mfpu=fpv4-sp-d16 -mfloat-abi=hard -mthumb -Wl,--start-group -lc -lm -Wl,--end-group
/Applications/STM32CubeIDE.app/Contents/Eclipse/plugins/com.st.stm32cube.ide.mcu.externaltools.gnu-tools-for-stm32.12.3.rel1.macos64_1.1.0.202410301201/tools/bin/../lib/gcc/arm-none-eabi/12.3.1/../../../../arm-none-eabi/bin/ld: warning: youlostit-ble.elf has a LOAD segment with RWX permissions
Finished building target: youlostit-ble.elf
 
arm-none-eabi-size  youlostit-ble.elf 
arm-none-eabi-objdump -h -S youlostit-ble.elf  > "youlostit-ble.list"
   text	   data	    bss	    dec	    hex	filename
  20324	    416	   2320	  23060	   5a14	youlostit-ble.elf
Finished building: default.size.stdout
 
Finished building: youlostit-ble.list
 
22:07:02 **** Incremental Build of configuration Debug for project youlostit-ble ****
make -j7 all 
arm-none-eabi-gcc "../Core/Src/ble.c" -mcpu=cortex-m4 -std=gnu11 -g3 -DDEBUG -DUSE_HAL_DRIVER -DSTM32L475xx -c -I../Core/Inc -I../Drivers/STM32L4xx_HAL_Driver/Inc -I../Drivers/STM32L4xx_HAL_Driver/Inc/Legacy -I../Drivers/CMSIS/Device/ST/STM32L4xx/Include -I../Drivers/CMSIS/Include -O0 -ffunction-sections -fdata-sections -Wall -fstack-usage -fcyclomatic-complexity -MMD -MP -MF"Core/Src/ble.d" -MT"Core/Src/ble.o" --specs=nano.specs -mfpu=fpv4-sp-d16 -mfloat-abi=hard -mthumb -o "Core/Src/ble.o"
arm-none-eabi-gcc "../Core/Src/main.c" -mcpu=cortex-m4 -std=gnu11 -g3 -DDEBUG -DUSE_HAL_DRIVER -DSTM32L475xx -c -I../Core/Inc -I../Drivers/STM32L4xx_HAL_Driver/Inc -I../Drivers/STM32L4xx_HAL_Driver/Inc/Legacy -I../Drivers/CMSIS/Device/ST/STM32L4xx/Include -I../Drivers/CMSIS/Include -O0 -ffunction-sections -fdata-sections -Wall -fstack-usage -fcyclomatic-complexity -MMD -MP -MF"Core/Src/main.d" -MT"Core/Src/main.o" --specs=nano.specs -mfpu=fpv4-sp-d16 -mfloat-abi=hard -mthumb -o "Core/Src/main.o"
arm-none-eabi-gcc "../Core/Src/stm32l4xx_it.c" -mcpu=cortex-m4 -std=gnu11 -g3 -DDEBUG -DUSE_HAL_DRIVER -DSTM32L475xx -c -I../Core/Inc -I../Drivers/STM32L4xx_HAL_Driver/Inc -I../Drivers/STM32L4xx_HAL_Driver/Inc/Legacy -I../Drivers/CMSIS/Device/ST/STM32L4xx/Include -I../Drivers/CMSIS/Include -O0 -ffunction-sections -fdata-sections -Wall -fstack-usage -fcyclomatic-complexity -MMD -MP -MF"Core/Src/stm32l4xx_it.d" -MT"Core/Src/stm32l4xx_it.o" --specs=nano.specs -mfpu=fpv4-sp-d16 -mfloat-abi=hard -mthumb -o "Core/Src/stm32l4xx_it.o"
In file included from ../Core/Src/ble.c:12:
../Core/Inc/ble_commands.h:73:10: error: redefinition of 'DISCONNECT'
   73 |  uint8_t DISCONNECT[] = {}; // TODO - fill this in
      |          ^~~~~~~~~~
In file included from ../Core/Src/ble.c:8:
../Core/Inc/ble.h:22:10: note: previous definition of 'DISCONNECT' with type 'uint8_t[7]' {aka 'unsigned char[7]'}
   22 |  uint8_t DISCONNECT[] = {0x01, 0x06, 0x04, 0x03, 0x00, 0x00, 0x13};  // 0x13 = User Termination
      |          ^~~~~~~~~~
../Core/Inc/ble_commands.h:78:38: warning: excess elements in scalar initializer
   78 |  uint8_t EVENT_GATT_CHANGED = {0x04, 0xFF, 0x0B, 0x01, 0x0C};
      |                                      ^~~~
../Core/Inc/ble_commands.h:78:38: note: (near initialization for 'EVENT_GATT_CHANGED')
../Core/Inc/ble_commands.h:78:44: warning: excess elements in scalar initializer
   78 |  uint8_t EVENT_GATT_CHANGED = {0x04, 0xFF, 0x0B, 0x01, 0x0C};
      |                                            ^~~~
../Core/Inc/ble_commands.h:78:44: note: (near initialization for 'EVENT_GATT_CHANGED')
../Core/Inc/ble_commands.h:78:50: warning: excess elements in scalar initializer
   78 |  uint8_t EVENT_GATT_CHANGED = {0x04, 0xFF, 0x0B, 0x01, 0x0C};
      |                                                  ^~~~
../Core/Inc/ble_commands.h:78:50: note: (near initialization for 'EVENT_GATT_CHANGED')
../Core/Inc/ble_commands.h:78:56: warning: excess elements in scalar initializer
   78 |  uint8_t EVENT_GATT_CHANGED = {0x04, 0xFF, 0x0B, 0x01, 0x0C};
      |                                                        ^~~~
../Core/Inc/ble_commands.h:78:56: note: (near initialization for 'EVENT_GATT_CHANGED')
../Core/Inc/ble_commands.h:80:10: error: redefinition of 'ACI_GAP_SET_NON_DISCOVERABLE'
   80 |  uint8_t ACI_GAP_SET_NON_DISCOVERABLE[] = {}; // TODO - fill this in
      |          ^~~~~~~~~~~~~~~~~~~~~~~~~~~~
../Core/Inc/ble.h:23:10: note: previous definition of 'ACI_GAP_SET_NON_DISCOVERABLE' with type 'uint8_t[4]' {aka 'unsigned char[4]'}
   23 |  uint8_t ACI_GAP_SET_NON_DISCOVERABLE[] = {0x01, 0x84, 0xFC, 0x00};
      |          ^~~~~~~~~~~~~~~~~~~~~~~~~~~~
../Core/Inc/ble_commands.h:81:10: error: redefinition of 'ACI_GAP_SET_NON_DISCOVERABLE_COMPLETE'
   81 |  uint8_t ACI_GAP_SET_NON_DISCOVERABLE_COMPLETE[] = {}; // TODO - fill this in
      |          ^~~~~~~~~~~~~~~~~~~~~~~~~~~~~~~~~~~~~
../Core/Inc/ble.h:24:10: note: previous definition of 'ACI_GAP_SET_NON_DISCOVERABLE_COMPLETE' with type 'uint8_t[7]' {aka 'unsigned char[7]'}
   24 |  uint8_t ACI_GAP_SET_NON_DISCOVERABLE_COMPLETE[] = {0x04, 0x0E, 0x04, 0x01, 0x84, 0xFC, 0x00};
      |          ^~~~~~~~~~~~~~~~~~~~~~~~~~~~~~~~~~~~~
../Core/Src/ble.c: In function 'catchBLE':
../Core/Src/ble.c:222:45: warning: passing argument 2 of 'checkEventResp' makes pointer from integer without a cast [-Wint-conversion]
  222 |                  if (checkEventResp(buffer, EVENT_GATT_CHANGED, 5)){
      |                                             ^~~~~~~~~~~~~~~~~~
      |                                             |
      |                                             uint8_t {aka unsigned char}
../Core/Src/ble.c:172:46: note: expected 'uint8_t *' {aka 'unsigned char *'} but argument is of type 'uint8_t' {aka 'unsigned char'}
  172 |  int checkEventResp(uint8_t *event, uint8_t *reference, int size){
      |                                     ~~~~~~~~~^~~~~~~~~
../Core/Src/ble.c: In function 'disconnectBLE':
../Core/Src/ble.c:375:14: warning: implicit declaration of function 'printf' [-Wimplicit-function-declaration]
  375 |              printf("[BLE] Disconnected successfully.\n");
      |              ^~~~~~
../Core/Src/ble.c:13:1: note: include '<stdio.h>' or provide a declaration of 'printf'
   12 |  #include "ble_commands.h"
  +++ |+#include <stdio.h>
   13 | 
../Core/Src/ble.c:375:14: warning: incompatible implicit declaration of built-in function 'printf' [-Wbuiltin-declaration-mismatch]
  375 |              printf("[BLE] Disconnected successfully.\n");
      |              ^~~~~~
../Core/Src/ble.c:375:14: note: include '<stdio.h>' or provide a declaration of 'printf'
../Core/Src/ble.c: In function 'setDiscoverability':
../Core/Src/ble.c:393:14: warning: incompatible implicit declaration of built-in function 'printf' [-Wbuiltin-declaration-mismatch]
  393 |              printf("[BLE] Device is now non-discoverable.\n");
      |              ^~~~~~
../Core/Src/ble.c:393:14: note: include '<stdio.h>' or provide a declaration of 'printf'
make: *** [Core/Src/subdir.mk:46: Core/Src/ble.o] Error 1
make: *** Waiting for unfinished jobs....
"make -j7 all" terminated with exit code 2. Build might be incomplete.
22:11:31 **** Incremental Build of configuration Debug for project youlostit-ble ****
make -j7 all 
arm-none-eabi-gcc "../Core/Src/ble.c" -mcpu=cortex-m4 -std=gnu11 -g3 -DDEBUG -DUSE_HAL_DRIVER -DSTM32L475xx -c -I../Core/Inc -I../Drivers/STM32L4xx_HAL_Driver/Inc -I../Drivers/STM32L4xx_HAL_Driver/Inc/Legacy -I../Drivers/CMSIS/Device/ST/STM32L4xx/Include -I../Drivers/CMSIS/Include -O0 -ffunction-sections -fdata-sections -Wall -fstack-usage -fcyclomatic-complexity -MMD -MP -MF"Core/Src/ble.d" -MT"Core/Src/ble.o" --specs=nano.specs -mfpu=fpv4-sp-d16 -mfloat-abi=hard -mthumb -o "Core/Src/ble.o"
arm-none-eabi-gcc "../Core/Src/main.c" -mcpu=cortex-m4 -std=gnu11 -g3 -DDEBUG -DUSE_HAL_DRIVER -DSTM32L475xx -c -I../Core/Inc -I../Drivers/STM32L4xx_HAL_Driver/Inc -I../Drivers/STM32L4xx_HAL_Driver/Inc/Legacy -I../Drivers/CMSIS/Device/ST/STM32L4xx/Include -I../Drivers/CMSIS/Include -O0 -ffunction-sections -fdata-sections -Wall -fstack-usage -fcyclomatic-complexity -MMD -MP -MF"Core/Src/main.d" -MT"Core/Src/main.o" --specs=nano.specs -mfpu=fpv4-sp-d16 -mfloat-abi=hard -mthumb -o "Core/Src/main.o"
arm-none-eabi-gcc "../Core/Src/stm32l4xx_it.c" -mcpu=cortex-m4 -std=gnu11 -g3 -DDEBUG -DUSE_HAL_DRIVER -DSTM32L475xx -c -I../Core/Inc -I../Drivers/STM32L4xx_HAL_Driver/Inc -I../Drivers/STM32L4xx_HAL_Driver/Inc/Legacy -I../Drivers/CMSIS/Device/ST/STM32L4xx/Include -I../Drivers/CMSIS/Include -O0 -ffunction-sections -fdata-sections -Wall -fstack-usage -fcyclomatic-complexity -MMD -MP -MF"Core/Src/stm32l4xx_it.d" -MT"Core/Src/stm32l4xx_it.o" --specs=nano.specs -mfpu=fpv4-sp-d16 -mfloat-abi=hard -mthumb -o "Core/Src/stm32l4xx_it.o"
In file included from ../Core/Src/ble.c:12:
arm-none-eabi-gcc -o "youlostit-ble.elf" @"objects.list"   -mcpu=cortex-m4 -T"/Users/dhruvsusheelkar/STM32CubeIDE/project-3-adding-low-energy-radio-communication-g29/youlostit-ble/STM32L475VGTX_FLASH.ld" --specs=nosys.specs -Wl,-Map="youlostit-ble.map" -Wl,--gc-sections -static --specs=nano.specs -mfpu=fpv4-sp-d16 -mfloat-abi=hard -mthumb -Wl,--start-group -lc -lm -Wl,--end-group
../Core/Inc/ble_commands.h:78:38: warning: excess elements in scalar initializer
Finished building target: youlostit-ble.elf
   78 |  uint8_t EVENT_GATT_CHANGED = {0x04, 0xFF, 0x0B, 0x01, 0x0C};
      |                                      ^~~~
 
arm-none-eabi-size  youlostit-ble.elf 
arm-none-eabi-objdump -h -S youlostit-ble.elf  > "youlostit-ble.list"
   text	   data	    bss	    dec	    hex	filename
  19588	    204	   2308	  22100	   5654	youlostit-ble.elf
Finished building: default.size.stdout
../Core/Inc/ble_commands.h:78:38: note: (near initialization for 'EVENT_GATT_CHANGED')
../Core/Inc/ble_commands.h:78:44: warning: excess elements in scalar initializer
   78 |  uint8_t EVENT_GATT_CHANGED = {0x04, 0xFF, 0x0B, 0x01, 0x0C};
      |                                            ^~~~
../Core/Inc/ble_commands.h:78:44: note: (near initialization for 'EVENT_GATT_CHANGED')
../Core/Inc/ble_commands.h:78:50: warning: excess elements in scalar initializer
   78 |  uint8_t EVENT_GATT_CHANGED = {0x04, 0xFF, 0x0B, 0x01, 0x0C};
      |                                                  ^~~~
../Core/Inc/ble_commands.h:78:50: note: (near initialization for 'EVENT_GATT_CHANGED')
../Core/Inc/ble_commands.h:78:56: warning: excess elements in scalar initializer
   78 |  uint8_t EVENT_GATT_CHANGED = {0x04, 0xFF, 0x0B, 0x01, 0x0C};
      |                                                        ^~~~
../Core/Inc/ble_commands.h:78:56: note: (near initialization for 'EVENT_GATT_CHANGED')
../Core/Src/ble.c: In function 'catchBLE':
 
../Core/Src/ble.c:222:45: warning: passing argument 2 of 'checkEventResp' makes pointer from integer without a cast [-Wint-conversion]
Finished building: youlostit-ble.list
 
  222 |                  if (checkEventResp(buffer, EVENT_GATT_CHANGED, 5)){
      |                                             ^~~~~~~~~~~~~~~~~~
      |                                             |
      |                                             uint8_t {aka unsigned char}
../Core/Src/ble.c:172:46: note: expected 'uint8_t *' {aka 'unsigned char *'} but argument is of type 'uint8_t' {aka 'unsigned char'}
  172 |  int checkEventResp(uint8_t *event, uint8_t *reference, int size){
      |                                     ~~~~~~~~~^~~~~~~~~
../Core/Src/ble.c: In function 'setDiscoverability':
../Core/Src/ble.c:392:14: warning: implicit declaration of function 'printf' [-Wimplicit-function-declaration]
  392 |              printf("[BLE] Device is now non-discoverable.\n");
      |              ^~~~~~
../Core/Src/ble.c:13:1: note: include '<stdio.h>' or provide a declaration of 'printf'
   12 |  #include "ble_commands.h"
  +++ |+#include <stdio.h>
   13 | 
../Core/Src/ble.c:392:14: warning: incompatible implicit declaration of built-in function 'printf' [-Wbuiltin-declaration-mismatch]
  392 |              printf("[BLE] Device is now non-discoverable.\n");
      |              ^~~~~~
../Core/Src/ble.c:392:14: note: include '<stdio.h>' or provide a declaration of 'printf'
/Applications/STM32CubeIDE.app/Contents/Eclipse/plugins/com.st.stm32cube.ide.mcu.externaltools.gnu-tools-for-stm32.12.3.rel1.macos64_1.1.0.202410301201/tools/bin/../lib/gcc/arm-none-eabi/12.3.1/../../../../arm-none-eabi/bin/ld: warning: youlostit-ble.elf has a LOAD segment with RWX permissions
22:14:24 **** Incremental Build of configuration Debug for project youlostit-ble ****
make -j7 all 
arm-none-eabi-gcc "../Core/Src/main.c" -mcpu=cortex-m4 -std=gnu11 -g3 -DDEBUG -DUSE_HAL_DRIVER -DSTM32L475xx -c -I../Core/Inc -I../Drivers/STM32L4xx_HAL_Driver/Inc -I../Drivers/STM32L4xx_HAL_Driver/Inc/Legacy -I../Drivers/CMSIS/Device/ST/STM32L4xx/Include -I../Drivers/CMSIS/Include -O0 -ffunction-sections -fdata-sections -Wall -fstack-usage -fcyclomatic-complexity -MMD -MP -MF"Core/Src/main.d" -MT"Core/Src/main.o" --specs=nano.specs -mfpu=fpv4-sp-d16 -mfloat-abi=hard -mthumb -o "Core/Src/main.o"
arm-none-eabi-gcc -o "youlostit-ble.elf" @"objects.list"   -mcpu=cortex-m4 -T"/Users/dhruvsusheelkar/STM32CubeIDE/project-3-adding-low-energy-radio-communication-g29/youlostit-ble/STM32L475VGTX_FLASH.ld" --specs=nosys.specs -Wl,-Map="youlostit-ble.map" -Wl,--gc-sections -static --specs=nano.specs -mfpu=fpv4-sp-d16 -mfloat-abi=hard -mthumb -Wl,--start-group -lc -lm -Wl,--end-group
/Applications/STM32CubeIDE.app/Contents/Eclipse/plugins/com.st.stm32cube.ide.mcu.externaltools.gnu-tools-for-stm32.12.3.rel1.macos64_1.1.0.202410301201/tools/bin/../lib/gcc/arm-none-eabi/12.3.1/../../../../arm-none-eabi/bin/ld: warning: youlostit-ble.elf has a LOAD segment with RWX permissions
Finished building target: youlostit-ble.elf
 
arm-none-eabi-size  youlostit-ble.elf 
arm-none-eabi-objdump -h -S youlostit-ble.elf  > "youlostit-ble.list"
   text	   data	    bss	    dec	    hex	filename
  20448	    436	   2324	  23208	   5aa8	youlostit-ble.elf
Finished building: default.size.stdout
 
Finished building: youlostit-ble.list
 
22:16:30 **** Incremental Build of configuration Debug for project youlostit-ble ****
make -j7 all 
arm-none-eabi-size  youlostit-ble.elf 
   text	   data	    bss	    dec	    hex	filename
  20448	    436	   2324	  23208	   5aa8	youlostit-ble.elf
Finished building: default.size.stdout
 
22:17:47 **** Incremental Build of configuration Debug for project youlostit-ble ****
make -j7 all 
arm-none-eabi-gcc "../Core/Src/main.c" -mcpu=cortex-m4 -std=gnu11 -g3 -DDEBUG -DUSE_HAL_DRIVER -DSTM32L475xx -c -I../Core/Inc -I../Drivers/STM32L4xx_HAL_Driver/Inc -I../Drivers/STM32L4xx_HAL_Driver/Inc/Legacy -I../Drivers/CMSIS/Device/ST/STM32L4xx/Include -I../Drivers/CMSIS/Include -O0 -ffunction-sections -fdata-sections -Wall -fstack-usage -fcyclomatic-complexity -MMD -MP -MF"Core/Src/main.d" -MT"Core/Src/main.o" --specs=nano.specs -mfpu=fpv4-sp-d16 -mfloat-abi=hard -mthumb -o "Core/Src/main.o"
arm-none-eabi-gcc -o "youlostit-ble.elf" @"objects.list"   -mcpu=cortex-m4 -T"/Users/dhruvsusheelkar/STM32CubeIDE/project-3-adding-low-energy-radio-communication-g29/youlostit-ble/STM32L475VGTX_FLASH.ld" --specs=nosys.specs -Wl,-Map="youlostit-ble.map" -Wl,--gc-sections -static --specs=nano.specs -mfpu=fpv4-sp-d16 -mfloat-abi=hard -mthumb -Wl,--start-group -lc -lm -Wl,--end-group
/Applications/STM32CubeIDE.app/Contents/Eclipse/plugins/com.st.stm32cube.ide.mcu.externaltools.gnu-tools-for-stm32.12.3.rel1.macos64_1.1.0.202410301201/tools/bin/../lib/gcc/arm-none-eabi/12.3.1/../../../../arm-none-eabi/bin/ld: warning: youlostit-ble.elf has a LOAD segment with RWX permissions
Finished building target: youlostit-ble.elf
 
arm-none-eabi-size  youlostit-ble.elf 
arm-none-eabi-objdump -h -S youlostit-ble.elf  > "youlostit-ble.list"
   text	   data	    bss	    dec	    hex	filename
  20516	    436	   2324	  23276	   5aec	youlostit-ble.elf
Finished building: default.size.stdout
 
Finished building: youlostit-ble.list
 
22:19:42 **** Incremental Build of configuration Debug for project youlostit-ble ****
make -j7 all 
arm-none-eabi-gcc "../Core/Src/main.c" -mcpu=cortex-m4 -std=gnu11 -g3 -DDEBUG -DUSE_HAL_DRIVER -DSTM32L475xx -c -I../Core/Inc -I../Drivers/STM32L4xx_HAL_Driver/Inc -I../Drivers/STM32L4xx_HAL_Driver/Inc/Legacy -I../Drivers/CMSIS/Device/ST/STM32L4xx/Include -I../Drivers/CMSIS/Include -O0 -ffunction-sections -fdata-sections -Wall -fstack-usage -fcyclomatic-complexity -MMD -MP -MF"Core/Src/main.d" -MT"Core/Src/main.o" --specs=nano.specs -mfpu=fpv4-sp-d16 -mfloat-abi=hard -mthumb -o "Core/Src/main.o"
arm-none-eabi-gcc -o "youlostit-ble.elf" @"objects.list"   -mcpu=cortex-m4 -T"/Users/dhruvsusheelkar/STM32CubeIDE/project-3-adding-low-energy-radio-communication-g29/youlostit-ble/STM32L475VGTX_FLASH.ld" --specs=nosys.specs -Wl,-Map="youlostit-ble.map" -Wl,--gc-sections -static --specs=nano.specs -mfpu=fpv4-sp-d16 -mfloat-abi=hard -mthumb -Wl,--start-group -lc -lm -Wl,--end-group
/Applications/STM32CubeIDE.app/Contents/Eclipse/plugins/com.st.stm32cube.ide.mcu.externaltools.gnu-tools-for-stm32.12.3.rel1.macos64_1.1.0.202410301201/tools/bin/../lib/gcc/arm-none-eabi/12.3.1/../../../../arm-none-eabi/bin/ld: warning: youlostit-ble.elf has a LOAD segment with RWX permissions
Finished building target: youlostit-ble.elf
 
arm-none-eabi-size  youlostit-ble.elf 
arm-none-eabi-objdump -h -S youlostit-ble.elf  > "youlostit-ble.list"
   text	   data	    bss	    dec	    hex	filename
  20776	    436	   2324	  23536	   5bf0	youlostit-ble.elf
Finished building: default.size.stdout
 
Finished building: youlostit-ble.list
 
22:22:08 **** Incremental Build of configuration Debug for project youlostit-ble ****
make -j7 all 
arm-none-eabi-gcc "../Core/Src/main.c" -mcpu=cortex-m4 -std=gnu11 -g3 -DDEBUG -DUSE_HAL_DRIVER -DSTM32L475xx -c -I../Core/Inc -I../Drivers/STM32L4xx_HAL_Driver/Inc -I../Drivers/STM32L4xx_HAL_Driver/Inc/Legacy -I../Drivers/CMSIS/Device/ST/STM32L4xx/Include -I../Drivers/CMSIS/Include -O0 -ffunction-sections -fdata-sections -Wall -fstack-usage -fcyclomatic-complexity -MMD -MP -MF"Core/Src/main.d" -MT"Core/Src/main.o" --specs=nano.specs -mfpu=fpv4-sp-d16 -mfloat-abi=hard -mthumb -o "Core/Src/main.o"
arm-none-eabi-gcc -o "youlostit-ble.elf" @"objects.list"   -mcpu=cortex-m4 -T"/Users/dhruvsusheelkar/STM32CubeIDE/project-3-adding-low-energy-radio-communication-g29/youlostit-ble/STM32L475VGTX_FLASH.ld" --specs=nosys.specs -Wl,-Map="youlostit-ble.map" -Wl,--gc-sections -static --specs=nano.specs -mfpu=fpv4-sp-d16 -mfloat-abi=hard -mthumb -Wl,--start-group -lc -lm -Wl,--end-group
/Applications/STM32CubeIDE.app/Contents/Eclipse/plugins/com.st.stm32cube.ide.mcu.externaltools.gnu-tools-for-stm32.12.3.rel1.macos64_1.1.0.202410301201/tools/bin/../lib/gcc/arm-none-eabi/12.3.1/../../../../arm-none-eabi/bin/ld: warning: youlostit-ble.elf has a LOAD segment with RWX permissions
Finished building target: youlostit-ble.elf
 
arm-none-eabi-size  youlostit-ble.elf 
arm-none-eabi-objdump -h -S youlostit-ble.elf  > "youlostit-ble.list"
   text	   data	    bss	    dec	    hex	filename
  20584	    436	   2324	  23344	   5b30	youlostit-ble.elf
Finished building: default.size.stdout
 
Finished building: youlostit-ble.list
 
