21:06:58 **** Incremental Build of configuration Debug for project youlostit-ble ****
make -j7 all 
arm-none-eabi-gcc "../Core/Src/ble.c" -mcpu=cortex-m4 -std=gnu11 -g3 -DDEBUG -DUSE_HAL_DRIVER -DSTM32L475xx -c -I../Core/Inc -I../Drivers/STM32L4xx_HAL_Driver/Inc -I../Drivers/STM32L4xx_HAL_Driver/Inc/Legacy -I../Drivers/CMSIS/Device/ST/STM32L4xx/Include -I../Drivers/CMSIS/Include -O0 -ffunction-sections -fdata-sections -Wall -fstack-usage -fcyclomatic-complexity -MMD -MP -MF"Core/Src/ble.d" -MT"Core/Src/ble.o" --specs=nano.specs -mfpu=fpv4-sp-d16 -mfloat-abi=hard -mthumb -o "Core/Src/ble.o"
arm-none-eabi-gcc "../Core/Src/i2c.c" -mcpu=cortex-m4 -std=gnu11 -g3 -DDEBUG -DUSE_HAL_DRIVER -DSTM32L475xx -c -I../Core/Inc -I../Drivers/STM32L4xx_HAL_Driver/Inc -I../Drivers/STM32L4xx_HAL_Driver/Inc/Legacy -I../Drivers/CMSIS/Device/ST/STM32L4xx/Include -I../Drivers/CMSIS/Include -O0 -ffunction-sections -fdata-sections -Wall -fstack-usage -fcyclomatic-complexity -MMD -MP -MF"Core/Src/i2c.d" -MT"Core/Src/i2c.o" --specs=nano.specs -mfpu=fpv4-sp-d16 -mfloat-abi=hard -mthumb -o "Core/Src/i2c.o"
arm-none-eabi-gcc "../Core/Src/leds.c" -mcpu=cortex-m4 -std=gnu11 -g3 -DDEBUG -DUSE_HAL_DRIVER -DSTM32L475xx -c -I../Core/Inc -I../Drivers/STM32L4xx_HAL_Driver/Inc -I../Drivers/STM32L4xx_HAL_Driver/Inc/Legacy -I../Drivers/CMSIS/Device/ST/STM32L4xx/Include -I../Drivers/CMSIS/Include -O0 -ffunction-sections -fdata-sections -Wall -fstack-usage -fcyclomatic-complexity -MMD -MP -MF"Core/Src/leds.d" -MT"Core/Src/leds.o" --specs=nano.specs -mfpu=fpv4-sp-d16 -mfloat-abi=hard -mthumb -o "Core/Src/leds.o"
arm-none-eabi-gcc "../Core/Src/lptim.c" -mcpu=cortex-m4 -std=gnu11 -g3 -DDEBUG -DUSE_HAL_DRIVER -DSTM32L475xx -c -I../Core/Inc -I../Drivers/STM32L4xx_HAL_Driver/Inc -I../Drivers/STM32L4xx_HAL_Driver/Inc/Legacy -I../Drivers/CMSIS/Device/ST/STM32L4xx/Include -I../Drivers/CMSIS/Include -O0 -ffunction-sections -fdata-sections -Wall -fstack-usage -fcyclomatic-complexity -MMD -MP -MF"Core/Src/lptim.d" -MT"Core/Src/lptim.o" --specs=nano.specs -mfpu=fpv4-sp-d16 -mfloat-abi=hard -mthumb -o "Core/Src/lptim.o"
arm-none-eabi-gcc "../Core/Src/lsm6dsl.c" -mcpu=cortex-m4 -std=gnu11 -g3 -DDEBUG -DUSE_HAL_DRIVER -DSTM32L475xx -c -I../Core/Inc -I../Drivers/STM32L4xx_HAL_Driver/Inc -I../Drivers/STM32L4xx_HAL_Driver/Inc/Legacy -I../Drivers/CMSIS/Device/ST/STM32L4xx/Include -I../Drivers/CMSIS/Include -O0 -ffunction-sections -fdata-sections -Wall -fstack-usage -fcyclomatic-complexity -MMD -MP -MF"Core/Src/lsm6dsl.d" -MT"Core/Src/lsm6dsl.o" --specs=nano.specs -mfpu=fpv4-sp-d16 -mfloat-abi=hard -mthumb -o "Core/Src/lsm6dsl.o"
arm-none-eabi-gcc "../Core/Src/main.c" -mcpu=cortex-m4 -std=gnu11 -g3 -DDEBUG -DUSE_HAL_DRIVER -DSTM32L475xx -c -I../Core/Inc -I../Drivers/STM32L4xx_HAL_Driver/Inc -I../Drivers/STM32L4xx_HAL_Driver/Inc/Legacy -I../Drivers/CMSIS/Device/ST/STM32L4xx/Include -I../Drivers/CMSIS/Include -O0 -ffunction-sections -fdata-sections -Wall -fstack-usage -fcyclomatic-complexity -MMD -MP -MF"Core/Src/main.d" -MT"Core/Src/main.o" --specs=nano.specs -mfpu=fpv4-sp-d16 -mfloat-abi=hard -mthumb -o "Core/Src/main.o"
arm-none-eabi-gcc "../Core/Src/rtc.c" -mcpu=cortex-m4 -std=gnu11 -g3 -DDEBUG -DUSE_HAL_DRIVER -DSTM32L475xx -c -I../Core/Inc -I../Drivers/STM32L4xx_HAL_Driver/Inc -I../Drivers/STM32L4xx_HAL_Driver/Inc/Legacy -I../Drivers/CMSIS/Device/ST/STM32L4xx/Include -I../Drivers/CMSIS/Include -O0 -ffunction-sections -fdata-sections -Wall -fstack-usage -fcyclomatic-complexity -MMD -MP -MF"Core/Src/rtc.d" -MT"Core/Src/rtc.o" --specs=nano.specs -mfpu=fpv4-sp-d16 -mfloat-abi=hard -mthumb -o "Core/Src/rtc.o"
../Core/Src/lptim.c:5: warning: "LPTIM_CR_ENABLE" redefined
    5 | #define LPTIM_CR_ENABLE      (1U << 0)
      | 
In file included from ../Drivers/CMSIS/Device/ST/STM32L4xx/Include/stm32l4xx.h:147,
                 from ../Drivers/STM32L4xx_HAL_Driver/Inc/stm32l4xx_hal_def.h:29,
                 from ../Drivers/STM32L4xx_HAL_Driver/Inc/stm32l4xx_hal_rcc.h:27,
                 from ../Core/Inc/stm32l4xx_hal_conf.h:258,
                 from ../Drivers/STM32L4xx_HAL_Driver/Inc/stm32l4xx_hal.h:29,
                 from ../Core/Inc/lptim.h:8,
                 from ../Core/Src/lptim.c:1:
../Drivers/CMSIS/Device/ST/STM32L4xx/Include/stm32l475xx.h:14888: note: this is the location of the previous definition
14888 | #define LPTIM_CR_ENABLE             LPTIM_CR_ENABLE_Msk                        /*!< LPTIMer enable */
      | 
../Core/Src/lptim.c:6: warning: "LPTIM_CR_SNGSTRT" redefined
    6 | #define LPTIM_CR_SNGSTRT     (1U << 1)
      | 
../Drivers/CMSIS/Device/ST/STM32L4xx/Include/stm32l475xx.h:14891: note: this is the location of the previous definition
14891 | #define LPTIM_CR_SNGSTRT            LPTIM_CR_SNGSTRT_Msk                       /*!< Timer start in single mode */
      | 
../Core/Src/lptim.c:8: warning: "LPTIM_IER_CMPMIE" redefined
    8 | #define LPTIM_IER_CMPMIE     (1U << 1)
      | 
../Drivers/CMSIS/Device/ST/STM32L4xx/Include/stm32l475xx.h:14803: note: this is the location of the previous definition
14803 | #define LPTIM_IER_CMPMIE            LPTIM_IER_CMPMIE_Msk                       /*!< Compare match Interrupt Enable */
      | 
../Core/Src/lptim.c:10: warning: "LPTIM_ISR_CMPM" redefined
   10 | #define LPTIM_ISR_CMPM       (1U << 1)
      | 
../Drivers/CMSIS/Device/ST/STM32L4xx/Include/stm32l475xx.h:14757: note: this is the location of the previous definition
14757 | #define LPTIM_ISR_CMPM              LPTIM_ISR_CMPM_Msk                         /*!< Compare match */
      | 
../Core/Src/lptim.c:11: warning: "LPTIM_ICR_CMPMCF" redefined
   11 | #define LPTIM_ICR_CMPMCF     (1U << 1)
      | 
../Drivers/CMSIS/Device/ST/STM32L4xx/Include/stm32l475xx.h:14780: note: this is the location of the previous definition
14780 | #define LPTIM_ICR_CMPMCF            LPTIM_ICR_CMPMCF_Msk                       /*!< Compare match Clear Flag */
      | 
In file included from ../Core/Src/ble.c:12:
../Core/Inc/ble_commands.h:78:38: warning: excess elements in scalar initializer
   78 |  uint8_t EVENT_GATT_CHANGED = {0x04, 0xFF, 0x0B, 0x01, 0x0C};
      |                                      ^~~~
../Core/Inc/ble_commands.h:78:38: note: (near initialization for 'EVENT_GATT_CHANGED')
../Core/Inc/ble_commands.h:78:44: warning: excess elements in scalar initializer
   78 |  uint8_t EVENT_GATT_CHANGED = {0x04, 0xFF, 0x0B, 0x01, 0x0C};
      |                                            ^~~~
../Core/Inc/ble_commands.h:78:44: note: (near initialization for 'EVENT_GATT_CHANGED')
../Core/Inc/ble_commands.h:78:50: warning: excess elements in scalar initializer
   78 |  uint8_t EVENT_GATT_CHANGED = {0x04, 0xFF, 0x0B, 0x01, 0x0C};
      |                                                  ^~~~
../Core/Inc/ble_commands.h:78:50: note: (near initialization for 'EVENT_GATT_CHANGED')
../Core/Inc/ble_commands.h:78:56: warning: excess elements in scalar initializer
   78 |  uint8_t EVENT_GATT_CHANGED = {0x04, 0xFF, 0x0B, 0x01, 0x0C};
      |                                                        ^~~~
../Core/Inc/ble_commands.h:78:56: note: (near initialization for 'EVENT_GATT_CHANGED')
../Core/Src/ble.c: In function 'catchBLE':
../Core/Src/ble.c:222:45: warning: passing argument 2 of 'checkEventResp' makes pointer from integer without a cast [-Wint-conversion]
  222 |                  if (checkEventResp(buffer, EVENT_GATT_CHANGED, 5)){
      |                                             ^~~~~~~~~~~~~~~~~~
      |                                             |
      |                                             uint8_t {aka unsigned char}
../Core/Src/ble.c:172:46: note: expected 'uint8_t *' {aka 'unsigned char *'} but argument is of type 'uint8_t' {aka 'unsigned char'}
  172 |  int checkEventResp(uint8_t *event, uint8_t *reference, int size){
      |                                     ~~~~~~~~~^~~~~~~~~
../Core/Src/ble.c: In function 'setDiscoverability':
../Core/Src/ble.c:392:14: warning: implicit declaration of function 'printf' [-Wimplicit-function-declaration]
  392 |              printf("[BLE] Device is now non-discoverable.\n");
      |              ^~~~~~
../Core/Src/ble.c:13:1: note: include '<stdio.h>' or provide a declaration of 'printf'
   12 |  #include "ble_commands.h"
  +++ |+#include <stdio.h>
   13 | 
../Core/Src/ble.c:392:14: warning: incompatible implicit declaration of built-in function 'printf' [-Wbuiltin-declaration-mismatch]
  392 |              printf("[BLE] Device is now non-discoverable.\n");
      |              ^~~~~~
../Core/Src/ble.c:392:14: note: include '<stdio.h>' or provide a declaration of 'printf'
arm-none-eabi-gcc "../Core/Src/stm32l4xx_hal_msp.c" -mcpu=cortex-m4 -std=gnu11 -g3 -DDEBUG -DUSE_HAL_DRIVER -DSTM32L475xx -c -I../Core/Inc -I../Drivers/STM32L4xx_HAL_Driver/Inc -I../Drivers/STM32L4xx_HAL_Driver/Inc/Legacy -I../Drivers/CMSIS/Device/ST/STM32L4xx/Include -I../Drivers/CMSIS/Include -O0 -ffunction-sections -fdata-sections -Wall -fstack-usage -fcyclomatic-complexity -MMD -MP -MF"Core/Src/stm32l4xx_hal_msp.d" -MT"Core/Src/stm32l4xx_hal_msp.o" --specs=nano.specs -mfpu=fpv4-sp-d16 -mfloat-abi=hard -mthumb -o "Core/Src/stm32l4xx_hal_msp.o"
arm-none-eabi-gcc "../Core/Src/stm32l4xx_it.c" -mcpu=cortex-m4 -std=gnu11 -g3 -DDEBUG -DUSE_HAL_DRIVER -DSTM32L475xx -c -I../Core/Inc -I../Drivers/STM32L4xx_HAL_Driver/Inc -I../Drivers/STM32L4xx_HAL_Driver/Inc/Legacy -I../Drivers/CMSIS/Device/ST/STM32L4xx/Include -I../Drivers/CMSIS/Include -O0 -ffunction-sections -fdata-sections -Wall -fstack-usage -fcyclomatic-complexity -MMD -MP -MF"Core/Src/stm32l4xx_it.d" -MT"Core/Src/stm32l4xx_it.o" --specs=nano.specs -mfpu=fpv4-sp-d16 -mfloat-abi=hard -mthumb -o "Core/Src/stm32l4xx_it.o"
arm-none-eabi-gcc "../Core/Src/syscalls.c" -mcpu=cortex-m4 -std=gnu11 -g3 -DDEBUG -DUSE_HAL_DRIVER -DSTM32L475xx -c -I../Core/Inc -I../Drivers/STM32L4xx_HAL_Driver/Inc -I../Drivers/STM32L4xx_HAL_Driver/Inc/Legacy -I../Drivers/CMSIS/Device/ST/STM32L4xx/Include -I../Drivers/CMSIS/Include -O0 -ffunction-sections -fdata-sections -Wall -fstack-usage -fcyclomatic-complexity -MMD -MP -MF"Core/Src/syscalls.d" -MT"Core/Src/syscalls.o" --specs=nano.specs -mfpu=fpv4-sp-d16 -mfloat-abi=hard -mthumb -o "Core/Src/syscalls.o"
arm-none-eabi-gcc "../Core/Src/system_stm32l4xx.c" -mcpu=cortex-m4 -std=gnu11 -g3 -DDEBUG -DUSE_HAL_DRIVER -DSTM32L475xx -c -I../Core/Inc -I../Drivers/STM32L4xx_HAL_Driver/Inc -I../Drivers/STM32L4xx_HAL_Driver/Inc/Legacy -I../Drivers/CMSIS/Device/ST/STM32L4xx/Include -I../Drivers/CMSIS/Include -O0 -ffunction-sections -fdata-sections -Wall -fstack-usage -fcyclomatic-complexity -MMD -MP -MF"Core/Src/system_stm32l4xx.d" -MT"Core/Src/system_stm32l4xx.o" --specs=nano.specs -mfpu=fpv4-sp-d16 -mfloat-abi=hard -mthumb -o "Core/Src/system_stm32l4xx.o"
arm-none-eabi-gcc "../Core/Src/timer.c" -mcpu=cortex-m4 -std=gnu11 -g3 -DDEBUG -DUSE_HAL_DRIVER -DSTM32L475xx -c -I../Core/Inc -I../Drivers/STM32L4xx_HAL_Driver/Inc -I../Drivers/STM32L4xx_HAL_Driver/Inc/Legacy -I../Drivers/CMSIS/Device/ST/STM32L4xx/Include -I../Drivers/CMSIS/Include -O0 -ffunction-sections -fdata-sections -Wall -fstack-usage -fcyclomatic-complexity -MMD -MP -MF"Core/Src/timer.d" -MT"Core/Src/timer.o" --specs=nano.specs -mfpu=fpv4-sp-d16 -mfloat-abi=hard -mthumb -o "Core/Src/timer.o"
arm-none-eabi-gcc -o "youlostit-ble.elf" @"objects.list"   -mcpu=cortex-m4 -T"/Users/dhruvsusheelkar/STM32CubeIDE/project-3-adding-low-energy-radio-communication-g29/youlostit-ble/STM32L475VGTX_FLASH.ld" --specs=nosys.specs -Wl,-Map="youlostit-ble.map" -Wl,--gc-sections -static --specs=nano.specs -mfpu=fpv4-sp-d16 -mfloat-abi=hard -mthumb -Wl,--start-group -lc -lm -Wl,--end-group
/Applications/STM32CubeIDE.app/Contents/Eclipse/plugins/com.st.stm32cube.ide.mcu.externaltools.gnu-tools-for-stm32.12.3.rel1.macos64_1.1.0.202410301201/tools/bin/../lib/gcc/arm-none-eabi/12.3.1/../../../../arm-none-eabi/bin/ld: warning: youlostit-ble.elf has a LOAD segment with RWX permissions
Finished building target: youlostit-ble.elf
 
arm-none-eabi-size  youlostit-ble.elf 
arm-none-eabi-objdump -h -S youlostit-ble.elf  > "youlostit-ble.list"
   text	   data	    bss	    dec	    hex	filename
  20508	    436	   2324	  23268	   5ae4	youlostit-ble.elf
Finished building: default.size.stdout
 
Finished building: youlostit-ble.list
 

21:06:59 Build Finished. 0 errors, 13 warnings. (took 1s.243ms)

